Archive member included because of file (symbol)

c:/develop/altera/14.0/nios2eds/bin/gnu/h-x86_64-mingw32/bin/../lib/gcc/nios2-elf/4.7.3/mhw-mulx\libgcc.a(lib2-divmod.o)
                              obj/default/nd_lib/nd_egl.o (__divsi3)
c:/develop/altera/14.0/nios2eds/bin/gnu/h-x86_64-mingw32/bin/../lib/gcc/nios2-elf/4.7.3/../../../../../H-x86_64-mingw32/nios2-elf/lib/mhw-mulx\libc.a(lib_a-printf.o)
                              obj/default/testuty.o (printf)
c:/develop/altera/14.0/nios2eds/bin/gnu/h-x86_64-mingw32/bin/../lib/gcc/nios2-elf/4.7.3/../../../../../H-x86_64-mingw32/nios2-elf/lib/mhw-mulx\libc.a(lib_a-putchar.o)
                              obj/default/testuty.o (putchar)
c:/develop/altera/14.0/nios2eds/bin/gnu/h-x86_64-mingw32/bin/../lib/gcc/nios2-elf/4.7.3/../../../../../H-x86_64-mingw32/nios2-elf/lib/mhw-mulx\libc.a(lib_a-puts.o)
                              obj/default/testuty.o (puts)
c:/develop/altera/14.0/nios2eds/bin/gnu/h-x86_64-mingw32/bin/../lib/gcc/nios2-elf/4.7.3/../../../../../H-x86_64-mingw32/nios2-elf/lib/mhw-mulx\libc.a(lib_a-rand.o)
                              obj/default/awa.o (rand)
c:/develop/altera/14.0/nios2eds/bin/gnu/h-x86_64-mingw32/bin/../lib/gcc/nios2-elf/4.7.3/../../../../../H-x86_64-mingw32/nios2-elf/lib/mhw-mulx\libc.a(lib_a-strlen.o)
                              c:/develop/altera/14.0/nios2eds/bin/gnu/h-x86_64-mingw32/bin/../lib/gcc/nios2-elf/4.7.3/../../../../../H-x86_64-mingw32/nios2-elf/lib/mhw-mulx\libc.a(lib_a-puts.o) (strlen)
c:/develop/altera/14.0/nios2eds/bin/gnu/h-x86_64-mingw32/bin/../lib/gcc/nios2-elf/4.7.3/../../../../../H-x86_64-mingw32/nios2-elf/lib/mhw-mulx\libc.a(lib_a-vfprintf.o)
                              c:/develop/altera/14.0/nios2eds/bin/gnu/h-x86_64-mingw32/bin/../lib/gcc/nios2-elf/4.7.3/../../../../../H-x86_64-mingw32/nios2-elf/lib/mhw-mulx\libc.a(lib_a-printf.o) (___vfprintf_internal_r)
c:/develop/altera/14.0/nios2eds/bin/gnu/h-x86_64-mingw32/bin/../lib/gcc/nios2-elf/4.7.3/../../../../../H-x86_64-mingw32/nios2-elf/lib/mhw-mulx\libc.a(lib_a-wsetup.o)
                              c:/develop/altera/14.0/nios2eds/bin/gnu/h-x86_64-mingw32/bin/../lib/gcc/nios2-elf/4.7.3/../../../../../H-x86_64-mingw32/nios2-elf/lib/mhw-mulx\libc.a(lib_a-vfprintf.o) (__swsetup_r)
c:/develop/altera/14.0/nios2eds/bin/gnu/h-x86_64-mingw32/bin/../lib/gcc/nios2-elf/4.7.3/../../../../../H-x86_64-mingw32/nios2-elf/lib/mhw-mulx\libc.a(lib_a-dtoa.o)
                              c:/develop/altera/14.0/nios2eds/bin/gnu/h-x86_64-mingw32/bin/../lib/gcc/nios2-elf/4.7.3/../../../../../H-x86_64-mingw32/nios2-elf/lib/mhw-mulx\libc.a(lib_a-vfprintf.o) (_dtoa_r)
c:/develop/altera/14.0/nios2eds/bin/gnu/h-x86_64-mingw32/bin/../lib/gcc/nios2-elf/4.7.3/../../../../../H-x86_64-mingw32/nios2-elf/lib/mhw-mulx\libc.a(lib_a-fflush.o)
                              c:/develop/altera/14.0/nios2eds/bin/gnu/h-x86_64-mingw32/bin/../lib/gcc/nios2-elf/4.7.3/../../../../../H-x86_64-mingw32/nios2-elf/lib/mhw-mulx\libc.a(lib_a-vfprintf.o) (_fflush_r)
c:/develop/altera/14.0/nios2eds/bin/gnu/h-x86_64-mingw32/bin/../lib/gcc/nios2-elf/4.7.3/../../../../../H-x86_64-mingw32/nios2-elf/lib/mhw-mulx\libc.a(lib_a-findfp.o)
                              c:/develop/altera/14.0/nios2eds/bin/gnu/h-x86_64-mingw32/bin/../lib/gcc/nios2-elf/4.7.3/../../../../../H-x86_64-mingw32/nios2-elf/lib/mhw-mulx\libc.a(lib_a-vfprintf.o) (__sinit)
c:/develop/altera/14.0/nios2eds/bin/gnu/h-x86_64-mingw32/bin/../lib/gcc/nios2-elf/4.7.3/../../../../../H-x86_64-mingw32/nios2-elf/lib/mhw-mulx\libc.a(lib_a-freer.o)
                              c:/develop/altera/14.0/nios2eds/bin/gnu/h-x86_64-mingw32/bin/../lib/gcc/nios2-elf/4.7.3/../../../../../H-x86_64-mingw32/nios2-elf/lib/mhw-mulx\libc.a(lib_a-wsetup.o) (_free_r)
c:/develop/altera/14.0/nios2eds/bin/gnu/h-x86_64-mingw32/bin/../lib/gcc/nios2-elf/4.7.3/../../../../../H-x86_64-mingw32/nios2-elf/lib/mhw-mulx\libc.a(lib_a-fvwrite.o)
                              c:/develop/altera/14.0/nios2eds/bin/gnu/h-x86_64-mingw32/bin/../lib/gcc/nios2-elf/4.7.3/../../../../../H-x86_64-mingw32/nios2-elf/lib/mhw-mulx\libc.a(lib_a-puts.o) (__sfvwrite_r)
c:/develop/altera/14.0/nios2eds/bin/gnu/h-x86_64-mingw32/bin/../lib/gcc/nios2-elf/4.7.3/../../../../../H-x86_64-mingw32/nios2-elf/lib/mhw-mulx\libc.a(lib_a-fwalk.o)
                              c:/develop/altera/14.0/nios2eds/bin/gnu/h-x86_64-mingw32/bin/../lib/gcc/nios2-elf/4.7.3/../../../../../H-x86_64-mingw32/nios2-elf/lib/mhw-mulx\libc.a(lib_a-findfp.o) (_fwalk)
c:/develop/altera/14.0/nios2eds/bin/gnu/h-x86_64-mingw32/bin/../lib/gcc/nios2-elf/4.7.3/../../../../../H-x86_64-mingw32/nios2-elf/lib/mhw-mulx\libc.a(lib_a-impure.o)
                              c:/develop/altera/14.0/nios2eds/bin/gnu/h-x86_64-mingw32/bin/../lib/gcc/nios2-elf/4.7.3/../../../../../H-x86_64-mingw32/nios2-elf/lib/mhw-mulx\libc.a(lib_a-fflush.o) (_global_impure_ptr)
[...]
Memory Configuration

Name             Origin             Length             Attributes
sdram_BEFORE_EXCEPTION 0x0000000000000000 0x0000000000000020
sdram            0x0000000000000020 0x0000000001ffffe0
reset            0x000000000f000000 0x0000000000000020
ipl_memory       0x000000000f000020 0x0000000000001fe0
onchip_flash_0_data 0x000000000f100000 0x0000000000008000
*default*        0x0000000000000000 0xffffffffffffffff

Linker script and memory map

LOAD ../sodalite_filetest_bsp//obj/HAL/src/crt0.o
LOAD obj/default/awa.o
LOAD obj/default/nd_lib/fontx_k12x10.o
LOAD obj/default/nd_lib/fontx_k6x10.o
LOAD obj/default/nd_lib/nd_egl.o
LOAD obj/default/testuty.o
LOAD c:/develop/altera/14.0/nios2eds/bin/gnu/h-x86_64-mingw32/bin/../lib/gcc/nios2-elf/4.7.3/../../../../../H-x86_64-mingw32/nios2-elf/lib/mhw-mulx\libstdc++.a
LOAD c:/develop/altera/14.0/nios2eds/bin/gnu/h-x86_64-mingw32/bin/../lib/gcc/nios2-elf/4.7.3/../../../../../H-x86_64-mingw32/nios2-elf/lib/mhw-mulx\libm.a
LOAD c:/develop/altera/14.0/nios2eds/bin/gnu/h-x86_64-mingw32/bin/../lib/gcc/nios2-elf/4.7.3/mhw-mulx\libgcc.a
START GROUP
LOAD c:/develop/altera/14.0/nios2eds/bin/gnu/h-x86_64-mingw32/bin/../lib/gcc/nios2-elf/4.7.3/../../../../../H-x86_64-mingw32/nios2-elf/lib/mhw-mulx\libc.a
LOAD c:/develop/altera/14.0/nios2eds/bin/gnu/h-x86_64-mingw32/bin/../lib/gcc/nios2-elf/4.7.3/mhw-mulx\libgcc.a
LOAD ../sodalite_filetest_bsp/\libhal_bsp.a
END GROUP
LOAD c:/develop/altera/14.0/nios2eds/bin/gnu/h-x86_64-mingw32/bin/../lib/gcc/nios2-elf/4.7.3/mhw-mulx\libgcc.a
                0x0000000000000000                __alt_mem_sdram = 0x0
                0x000000000f000000                __alt_mem_ipl_memory = 0xf000000
                0x000000000f100000                __alt_mem_onchip_flash_0_data = 0xf100000

.entry          0x000000000f000000       0x20
 *(.entry)
 .entry         0x000000000f000000       0x20 ../sodalite_filetest_bsp//obj/HAL/src/crt0.o
                0x000000000f000000                __reset

.exceptions     0x0000000000000020      0x16c
                0x0000000000000020                PROVIDE (__ram_exceptions_start, ABSOLUTE (.))
                0x0000000000000020                . = ALIGN (0x20)
 *(.irq)
 *(.exceptions.entry.label)
 .exceptions.entry.label
                0x0000000000000020        0x0 ../sodalite_filetest_bsp/\libhal_bsp.a(alt_irq_entry.o)
                0x0000000000000020                alt_irq_entry
 .exceptions.entry.label
                0x0000000000000020        0x0 ../sodalite_filetest_bsp/\libhal_bsp.a(alt_exception_entry.o)
                0x0000000000000020                alt_exception
 *(.exceptions.entry.user)
 *(.exceptions.entry.ecc_fatal)
 *(.exceptions.entry)
 .exceptions.entry
                0x0000000000000020       0x54 ../sodalite_filetest_bsp/\libhal_bsp.a(alt_exception_entry.o)
 *(.exceptions.irqtest.user)
 *(.exceptions.irqtest)
 .exceptions.irqtest
                0x0000000000000074       0x10 ../sodalite_filetest_bsp/\libhal_bsp.a(alt_irq_entry.o)
 *(.exceptions.irqhandler.user)
 *(.exceptions.irqhandler)
 .exceptions.irqhandler
                0x0000000000000084        0x4 ../sodalite_filetest_bsp/\libhal_bsp.a(alt_irq_entry.o)
 *(.exceptions.irqreturn.user)
 *(.exceptions.irqreturn)
 .exceptions.irqreturn
                0x0000000000000088        0x4 ../sodalite_filetest_bsp/\libhal_bsp.a(alt_irq_entry.o)
 *(.exceptions.notirq.label)
 .exceptions.notirq.label
                0x000000000000008c        0x0 ../sodalite_filetest_bsp/\libhal_bsp.a(alt_irq_entry.o)
 *(.exceptions.notirq.user)
 *(.exceptions.notirq)
 .exceptions.notirq
                0x000000000000008c        0x8 ../sodalite_filetest_bsp/\libhal_bsp.a(alt_exception_entry.o)
 *(.exceptions.soft.user)
 *(.exceptions.soft)
 *(.exceptions.unknown.user)
 *(.exceptions.unknown)
 .exceptions.unknown
                0x0000000000000094       0x14 ../sodalite_filetest_bsp/\libhal_bsp.a(alt_exception_entry.o)
 *(.exceptions.exit.label)
 .exceptions.exit.label
                0x00000000000000a8        0x0 ../sodalite_filetest_bsp/\libhal_bsp.a(alt_irq_entry.o)
 .exceptions.exit.label
                0x00000000000000a8        0x0 ../sodalite_filetest_bsp/\libhal_bsp.a(alt_exception_entry.o)
 *(.exceptions.exit.user)
 *(.exceptions.exit)
 .exceptions.exit
                0x00000000000000a8       0x54 ../sodalite_filetest_bsp/\libhal_bsp.a(alt_exception_entry.o)
 *(.exceptions)
 .exceptions    0x00000000000000fc       0x64 ../sodalite_filetest_bsp/\libhal_bsp.a(alt_irq_handler.o)
                0x00000000000000fc                alt_irq_handler
 .exceptions    0x0000000000000160       0x2c ../sodalite_filetest_bsp/\libhal_bsp.a(alt_instruction_exception_entry.o)
                0x0000000000000160                alt_instruction_exception_entry
                0x000000000000018c                PROVIDE (__ram_exceptions_end, ABSOLUTE (.))
                0x0000000000000020                PROVIDE (__flash_exceptions_start, LOADADDR (.exceptions))

.text           0x000000000000018c     0xcef4
                0x000000000000018c                PROVIDE (stext, ABSOLUTE (.))
 *(.interp)
 *(.hash)
 *(.dynsym)
 *(.dynstr)
 *(.gnu.version)
 *(.gnu.version_d)
 *(.gnu.version_r)
 *(.rel.init)
 *(.rela.init)
 *(.rel.text .rel.text.* .rel.gnu.linkonce.t.*)
 *(.rela.text .rela.text.* .rela.gnu.linkonce.t.*)
 *(.rel.fini)
 *(.rela.fini)
 *(.rel.rodata .rel.rodata.* .rel.gnu.linkonce.r.*)
 *(.rela.rodata .rela.rodata.* .rela.gnu.linkonce.r.*)
 *(.rel.data .rel.data.* .rel.gnu.linkonce.d.*)
 *(.rela.data .rela.data.* .rela.gnu.linkonce.d.*)
 *(.rel.tdata .rel.tdata.* .rel.gnu.linkonce.td.*)
 *(.rela.tdata .rela.tdata.* .rela.gnu.linkonce.td.*)
 *(.rel.tbss .rel.tbss.* .rel.gnu.linkonce.tb.*)
 *(.rela.tbss .rela.tbss.* .rela.gnu.linkonce.tb.*)
 *(.rel.ctors)
 *(.rela.ctors)
 *(.rel.dtors)
 *(.rela.dtors)
 *(.rel.got)
 *(.rela.got)
 *(.rel.sdata .rel.sdata.* .rel.gnu.linkonce.s.*)
 *(.rela.sdata .rela.sdata.* .rela.gnu.linkonce.s.*)
 *(.rel.sbss .rel.sbss.* .rel.gnu.linkonce.sb.*)
 *(.rela.sbss .rela.sbss.* .rela.gnu.linkonce.sb.*)
 *(.rel.sdata2 .rel.sdata2.* .rel.gnu.linkonce.s2.*)
 *(.rela.sdata2 .rela.sdata2.* .rela.gnu.linkonce.s2.*)
 *(.rel.sbss2 .rel.sbss2.* .rel.gnu.linkonce.sb2.*)
 *(.rela.sbss2 .rela.sbss2.* .rela.gnu.linkonce.sb2.*)
 *(.rel.bss .rel.bss.* .rel.gnu.linkonce.b.*)
 *(.rela.bss .rela.bss.* .rela.gnu.linkonce.b.*)
 *(.rel.plt)
 *(.rela.plt)
 *(.rel.dyn)
 *(.init)
 *(.plt)
 *(.text .stub .text.* .gnu.linkonce.t.*)
 .text          0x000000000000018c       0x4c ../sodalite_filetest_bsp//obj/HAL/src/crt0.o
                0x000000000000018c                _start
 .text          0x00000000000001d8      0x208 obj/default/awa.o
                0x00000000000001d8                awa
 .text.startup  0x00000000000003e0       0x20 obj/default/awa.o
                0x00000000000003e0                main
 .text          0x0000000000000400        0x0 obj/default/nd_lib/fontx_k12x10.o
 .text          0x0000000000000400        0x0 obj/default/nd_lib/fontx_k6x10.o
 .text          0x0000000000000400      0xcfc obj/default/nd_lib/nd_egl.o
                0x0000000000000498                nd_GsVgaVsync_isr
                0x00000000000004d0                nd_GsVgaVsync_isrenable
                0x00000000000004f0                nd_GsVgaVsync_isrdisable
                0x0000000000000510                nd_GsVgaScanOn
                0x0000000000000528                nd_GsVgaScanOff
                0x0000000000000544                nd_GsVgaSetBuffer
                0x0000000000000560                nd_GsVgaInit
                0x0000000000000598                nd_GsVgaWaitVsync
                0x00000000000005b8                nd_GsVgaVsync_getcount
                0x00000000000005e4                nd_GsVgaVsync_setcount
                0x0000000000000610                nd_GsEglPage
                0x0000000000000650                nd_GsEglColor
                0x0000000000000660                nd_GsEglPset
                0x000000000000072c                nd_GsEglBoxfill
                0x00000000000008a8                nd_GsEglCircle
                0x0000000000000a48                nd_GsEglLine
                0x0000000000000ba8                nd_GsEglBox
                0x0000000000000c34                nd_GsEglPutcharFont
                0x0000000000000d68                nd_GsEglPutstrFont
                0x0000000000000e34                nd_GsEglSetFont
                0x0000000000000e40                nd_GsEglPutchar
                0x0000000000000f04                nd_GsEglPutstr
                0x0000000000000f60                nd_GsEglPutdec
                0x000000000000103c                nd_GsEglPuthex2
                0x000000000000108c                nd_GsEglPuthex8
 .text          0x00000000000010fc      0x4b4 obj/default/testuty.o
                0x00000000000010fc                systeminit
                0x00000000000012c8                memdump_byte
                0x0000000000001398                memdump_word
                0x000000000000146c                memdump_dword
                0x0000000000001540                memdump
                0x0000000000001564                memcrc16
 .text          0x00000000000015b0      0x130 c:/develop/altera/14.0/nios2eds/bin/gnu/h-x86_64-mingw32/bin/../lib/gcc/nios2-elf/4.7.3/mhw-mulx\libgcc.a(lib2-divmod.o)
                0x0000000000001624                __divsi3
                0x0000000000001674                __modsi3
                0x00000000000016d0                __udivsi3
                0x00000000000016d8                __umodsi3
 .text          0x00000000000016e0       0x68 c:/develop/altera/14.0/nios2eds/bin/gnu/h-x86_64-mingw32/bin/../lib/gcc/nios2-elf/4.7.3/../../../../../H-x86_64-mingw32/nios2-elf/lib/mhw-mulx\libc.a(lib_a-printf.o)
                0x00000000000016e0                _printf_r
                0x000000000000170c                printf
 .text          0x0000000000001748       0x24 c:/develop/altera/14.0/nios2eds/bin/gnu/h-x86_64-mingw32/bin/../lib/gcc/nios2-elf/4.7.3/../../../../../H-x86_64-mingw32/nios2-elf/lib/mhw-mulx\libc.a(lib_a-putchar.o)
                0x0000000000001748                _putchar_r
                0x0000000000001750                putchar
 .text          0x000000000000176c       0x98 c:/develop/altera/14.0/nios2eds/bin/gnu/h-x86_64-mingw32/bin/../lib/gcc/nios2-elf/4.7.3/../../../../../H-x86_64-mingw32/nios2-elf/lib/mhw-mulx\libc.a(lib_a-puts.o)
                0x000000000000176c                _puts_r
                0x00000000000017f0                puts
 .text          0x0000000000001804       0x78 c:/develop/altera/14.0/nios2eds/bin/gnu/h-x86_64-mingw32/bin/../lib/gcc/nios2-elf/4.7.3/../../../../../H-x86_64-mingw32/nios2-elf/lib/mhw-mulx\libc.a(lib_a-rand.o)
                0x0000000000001804                srand
                0x000000000000181c                rand
 .text          0x000000000000187c       0x8c c:/develop/altera/14.0/nios2eds/bin/gnu/h-x86_64-mingw32/bin/../lib/gcc/nios2-elf/4.7.3/../../../../../H-x86_64-mingw32/nios2-elf/lib/mhw-mulx\libc.a(lib_a-strlen.o)
                0x000000000000187c                strlen
 .text          0x0000000000001908     0x1e50 c:/develop/altera/14.0/nios2eds/bin/gnu/h-x86_64-mingw32/bin/../lib/gcc/nios2-elf/4.7.3/../../../../../H-x86_64-mingw32/nios2-elf/lib/mhw-mulx\libc.a(lib_a-vfprintf.o)
                0x000000000000193c                ___vfprintf_internal_r
                0x0000000000003734                __vfprintf_internal
 .text          0x0000000000003758      0x174 c:/develop/altera/14.0/nios2eds/bin/gnu/h-x86_64-mingw32/bin/../lib/gcc/nios2-elf/4.7.3/../../../../../H-x86_64-mingw32/nios2-elf/lib/mhw-mulx\libc.a(lib_a-wsetup.o)
                0x0000000000003758                __swsetup_r
 .text          0x00000000000038cc     0x1824 c:/develop/altera/14.0/nios2eds/bin/gnu/h-x86_64-mingw32/bin/../lib/gcc/nios2-elf/4.7.3/../../../../../H-x86_64-mingw32/nios2-elf/lib/mhw-mulx\libc.a(lib_a-dtoa.o)
                0x0000000000003ad4                _dtoa_r
 .text          0x00000000000050f0      0x218 c:/develop/altera/14.0/nios2eds/bin/gnu/h-x86_64-mingw32/bin/../lib/gcc/nios2-elf/4.7.3/../../../../../H-x86_64-mingw32/nios2-elf/lib/mhw-mulx\libc.a(lib_a-fflush.o)
                0x00000000000050f0                _fflush_r
                0x00000000000052d8                fflush
 .text          0x0000000000005308      0x2d8 c:/develop/altera/14.0/nios2eds/bin/gnu/h-x86_64-mingw32/bin/../lib/gcc/nios2-elf/4.7.3/../../../../../H-x86_64-mingw32/nios2-elf/lib/mhw-mulx\libc.a(lib_a-findfp.o)
                0x0000000000005318                _cleanup_r
                0x0000000000005324                __sfmoreglue
                0x0000000000005388                _cleanup
                0x0000000000005398                __sinit
                0x00000000000054a4                __sfp
                0x00000000000055a0                __sfp_lock_acquire
                0x00000000000055a4                __sfp_lock_release
                0x00000000000055a8                __sinit_lock_acquire
                0x00000000000055ac                __sinit_lock_release
                0x00000000000055b0                __fp_lock_all
                0x00000000000055c8                __fp_unlock_all
 .text          0x00000000000055e0      0x40c c:/develop/altera/14.0/nios2eds/bin/gnu/h-x86_64-mingw32/bin/../lib/gcc/nios2-elf/4.7.3/../../../../../H-x86_64-mingw32/nios2-elf/lib/mhw-mulx\libc.a(lib_a-freer.o)
                0x00000000000055e0                _malloc_trim_r
                0x000000000000571c                _free_r
 .text          0x00000000000059ec      0x4e4 c:/develop/altera/14.0/nios2eds/bin/gnu/h-x86_64-mingw32/bin/../lib/gcc/nios2-elf/4.7.3/../../../../../H-x86_64-mingw32/nios2-elf/lib/mhw-mulx\libc.a(lib_a-fvwrite.o)
                0x00000000000059ec                __sfvwrite_r
 .text          0x0000000000005ed0      0x160 c:/develop/altera/14.0/nios2eds/bin/gnu/h-x86_64-mingw32/bin/../lib/gcc/nios2-elf/4.7.3/../../../../../H-x86_64-mingw32/nios2-elf/lib/mhw-mulx\libc.a(lib_a-fwalk.o)
                0x0000000000005ed0                _fwalk
                0x0000000000005f78                _fwalk_reent
 .text          0x0000000000006030        0x0 c:/develop/altera/14.0/nios2eds/bin/gnu/h-x86_64-mingw32/bin/../lib/gcc/nios2-elf/4.7.3/../../../../../H-x86_64-mingw32/nios2-elf/lib/mhw-mulx\libc.a(lib_a-impure.o)
 .text          0x0000000000006030       0xdc c:/develop/altera/14.0/nios2eds/bin/gnu/h-x86_64-mingw32/bin/../lib/gcc/nios2-elf/4.7.3/../../../../../H-x86_64-mingw32/nios2-elf/lib/mhw-mulx\libc.a(lib_a-locale.o)
                0x0000000000006030                _setlocale_r
                0x00000000000060cc                __locale_charset
                0x00000000000060d8                _localeconv_r
                0x00000000000060e4                setlocale
                0x0000000000006100                localeconv
 .text          0x000000000000610c      0x1a8 c:/develop/altera/14.0/nios2eds/bin/gnu/h-x86_64-mingw32/bin/../lib/gcc/nios2-elf/4.7.3/../../../../../H-x86_64-mingw32/nios2-elf/lib/mhw-mulx\libc.a(lib_a-makebuf.o)
                0x000000000000610c                __smakebuf_r
 .text          0x00000000000062b4      0x784 c:/develop/altera/14.0/nios2eds/bin/gnu/h-x86_64-mingw32/bin/../lib/gcc/nios2-elf/4.7.3/../../../../../H-x86_64-mingw32/nios2-elf/lib/mhw-mulx\libc.a(lib_a-mallocr.o)
                0x00000000000062b4                _malloc_r
 .text          0x0000000000006a38       0xf8 c:/develop/altera/14.0/nios2eds/bin/gnu/h-x86_64-mingw32/bin/../lib/gcc/nios2-elf/4.7.3/../../../../../H-x86_64-mingw32/nios2-elf/lib/mhw-mulx\libc.a(lib_a-memchr.o)
                0x0000000000006a38                memchr
 .text          0x0000000000006b30       0xf8 c:/develop/altera/14.0/nios2eds/bin/gnu/h-x86_64-mingw32/bin/../lib/gcc/nios2-elf/4.7.3/../../../../../H-x86_64-mingw32/nios2-elf/lib/mhw-mulx\libc.a(lib_a-memcpy.o)
                0x0000000000006b30                memcpy
 .text          0x0000000000006c28      0x128 c:/develop/altera/14.0/nios2eds/bin/gnu/h-x86_64-mingw32/bin/../lib/gcc/nios2-elf/4.7.3/../../../../../H-x86_64-mingw32/nios2-elf/lib/mhw-mulx\libc.a(lib_a-memmove.o)
                0x0000000000006c28                memmove
 .text          0x0000000000006d50       0xdc c:/develop/altera/14.0/nios2eds/bin/gnu/h-x86_64-mingw32/bin/../lib/gcc/nios2-elf/4.7.3/../../../../../H-x86_64-mingw32/nios2-elf/lib/mhw-mulx\libc.a(lib_a-memset.o)
                0x0000000000006d50                memset
 .text          0x0000000000006e2c      0xfa8 c:/develop/altera/14.0/nios2eds/bin/gnu/h-x86_64-mingw32/bin/../lib/gcc/nios2-elf/4.7.3/../../../../../H-x86_64-mingw32/nios2-elf/lib/mhw-mulx\libc.a(lib_a-mprec.o)
                0x0000000000006e2c                _Balloc
                0x0000000000006ed4                _Bfree
                0x0000000000006efc                __multadd
                0x0000000000007010                __s2b
                0x0000000000007114                __hi0bits
                0x000000000000717c                __lo0bits
                0x000000000000722c                __i2b
                0x0000000000007268                __multiply
                0x0000000000007448                __pow5mult
                0x0000000000007574                __lshift
                0x00000000000076d0                __mcmp
                0x0000000000007728                __mdiff
                0x00000000000078d0                __ulp
                0x0000000000007930                __b2d
                0x0000000000007a78                __d2b
                0x0000000000007bbc                __ratio
                0x0000000000007c60                _mprec_log10
                0x0000000000007cd4                __copybits
                0x0000000000007d50                __any_on
 .text          0x0000000000007dd4      0x1ac c:/develop/altera/14.0/nios2eds/bin/gnu/h-x86_64-mingw32/bin/../lib/gcc/nios2-elf/4.7.3/../../../../../H-x86_64-mingw32/nios2-elf/lib/mhw-mulx\libc.a(lib_a-putc.o)
                0x0000000000007dd4                _putc_r
                0x0000000000007e90                putc
 .text          0x0000000000007f80      0x5fc c:/develop/altera/14.0/nios2eds/bin/gnu/h-x86_64-mingw32/bin/../lib/gcc/nios2-elf/4.7.3/../../../../../H-x86_64-mingw32/nios2-elf/lib/mhw-mulx\libc.a(lib_a-reallocr.o)
                0x0000000000007f80                _realloc_r
 .text          0x000000000000857c       0x38 c:/develop/altera/14.0/nios2eds/bin/gnu/h-x86_64-mingw32/bin/../lib/gcc/nios2-elf/4.7.3/../../../../../H-x86_64-mingw32/nios2-elf/lib/mhw-mulx\libc.a(lib_a-s_isinfd.o)
                0x000000000000857c                __isinfd
 .text          0x00000000000085b4       0x2c c:/develop/altera/14.0/nios2eds/bin/gnu/h-x86_64-mingw32/bin/../lib/gcc/nios2-elf/4.7.3/../../../../../H-x86_64-mingw32/nios2-elf/lib/mhw-mulx\libc.a(lib_a-s_isnand.o)
                0x00000000000085b4                __isnand
 .text          0x00000000000085e0       0x64 c:/develop/altera/14.0/nios2eds/bin/gnu/h-x86_64-mingw32/bin/../lib/gcc/nios2-elf/4.7.3/../../../../../H-x86_64-mingw32/nios2-elf/lib/mhw-mulx\libc.a(lib_a-sbrkr.o)
                0x00000000000085e0                _sbrk_r
 .text          0x0000000000008644      0x140 c:/develop/altera/14.0/nios2eds/bin/gnu/h-x86_64-mingw32/bin/../lib/gcc/nios2-elf/4.7.3/../../../../../H-x86_64-mingw32/nios2-elf/lib/mhw-mulx\libc.a(lib_a-stdio.o)
                0x0000000000008644                __sread
                0x0000000000008698                __swrite
                0x0000000000008720                __sseek
                0x000000000000877c                __sclose
 .text          0x0000000000008784       0xa4 c:/develop/altera/14.0/nios2eds/bin/gnu/h-x86_64-mingw32/bin/../lib/gcc/nios2-elf/4.7.3/../../../../../H-x86_64-mingw32/nios2-elf/lib/mhw-mulx\libc.a(lib_a-strcmp.o)
                0x0000000000008784                strcmp
 .text          0x0000000000008828      0x158 c:/develop/altera/14.0/nios2eds/bin/gnu/h-x86_64-mingw32/bin/../lib/gcc/nios2-elf/4.7.3/../../../../../H-x86_64-mingw32/nios2-elf/lib/mhw-mulx\libc.a(lib_a-wbuf.o)
                0x0000000000008828                __swbuf_r
                0x0000000000008964                __swbuf
 .text          0x0000000000008980       0x6c c:/develop/altera/14.0/nios2eds/bin/gnu/h-x86_64-mingw32/bin/../lib/gcc/nios2-elf/4.7.3/../../../../../H-x86_64-mingw32/nios2-elf/lib/mhw-mulx\libc.a(lib_a-writer.o)
                0x0000000000008980                _write_r
 .text          0x00000000000089ec       0xbc c:/develop/altera/14.0/nios2eds/bin/gnu/h-x86_64-mingw32/bin/../lib/gcc/nios2-elf/4.7.3/../../../../../H-x86_64-mingw32/nios2-elf/lib/mhw-mulx\libc.a(lib_a-callocr.o)
                0x00000000000089ec                _calloc_r
 .text          0x0000000000008aa8       0x64 c:/develop/altera/14.0/nios2eds/bin/gnu/h-x86_64-mingw32/bin/../lib/gcc/nios2-elf/4.7.3/../../../../../H-x86_64-mingw32/nios2-elf/lib/mhw-mulx\libc.a(lib_a-closer.o)
                0x0000000000008aa8                _close_r
 .text          0x0000000000008b0c      0x150 c:/develop/altera/14.0/nios2eds/bin/gnu/h-x86_64-mingw32/bin/../lib/gcc/nios2-elf/4.7.3/../../../../../H-x86_64-mingw32/nios2-elf/lib/mhw-mulx\libc.a(lib_a-fclose.o)
                0x0000000000008b0c                _fclose_r
                0x0000000000008c48                fclose
 .text          0x0000000000008c5c       0x68 c:/develop/altera/14.0/nios2eds/bin/gnu/h-x86_64-mingw32/bin/../lib/gcc/nios2-elf/4.7.3/../../../../../H-x86_64-mingw32/nios2-elf/lib/mhw-mulx\libc.a(lib_a-fstatr.o)
                0x0000000000008c5c                _fstat_r
 .text          0x0000000000008cc4        0x0 c:/develop/altera/14.0/nios2eds/bin/gnu/h-x86_64-mingw32/bin/../lib/gcc/nios2-elf/4.7.3/../../../../../H-x86_64-mingw32/nios2-elf/lib/mhw-mulx\libc.a(lib_a-int_errno.o)
 .text          0x0000000000008cc4       0x64 c:/develop/altera/14.0/nios2eds/bin/gnu/h-x86_64-mingw32/bin/../lib/gcc/nios2-elf/4.7.3/../../../../../H-x86_64-mingw32/nios2-elf/lib/mhw-mulx\libc.a(lib_a-isattyr.o)
                0x0000000000008cc4                _isatty_r
 .text          0x0000000000008d28       0x6c c:/develop/altera/14.0/nios2eds/bin/gnu/h-x86_64-mingw32/bin/../lib/gcc/nios2-elf/4.7.3/../../../../../H-x86_64-mingw32/nios2-elf/lib/mhw-mulx\libc.a(lib_a-lseekr.o)
                0x0000000000008d28                _lseek_r
 .text          0x0000000000008d94       0x6c c:/develop/altera/14.0/nios2eds/bin/gnu/h-x86_64-mingw32/bin/../lib/gcc/nios2-elf/4.7.3/../../../../../H-x86_64-mingw32/nios2-elf/lib/mhw-mulx\libc.a(lib_a-readr.o)
                0x0000000000008d94                _read_r
 .text          0x0000000000008e00      0x5c8 c:/develop/altera/14.0/nios2eds/bin/gnu/h-x86_64-mingw32/bin/../lib/gcc/nios2-elf/4.7.3/mhw-mulx\libgcc.a(_udivdi3.o)
                0x0000000000008e00                __udivdi3
 .text          0x00000000000093c8      0x58c c:/develop/altera/14.0/nios2eds/bin/gnu/h-x86_64-mingw32/bin/../lib/gcc/nios2-elf/4.7.3/mhw-mulx\libgcc.a(_umoddi3.o)
                0x00000000000093c8                __umoddi3
 .text          0x0000000000009954      0x408 c:/develop/altera/14.0/nios2eds/bin/gnu/h-x86_64-mingw32/bin/../lib/gcc/nios2-elf/4.7.3/mhw-mulx\libgcc.a(_addsub_df.o)
                0x0000000000009ca8                __adddf3
                0x0000000000009cfc                __subdf3
 .text          0x0000000000009d5c      0x260 c:/develop/altera/14.0/nios2eds/bin/gnu/h-x86_64-mingw32/bin/../lib/gcc/nios2-elf/4.7.3/mhw-mulx\libgcc.a(_mul_df.o)
                0x0000000000009d5c                __muldf3
 .text          0x0000000000009fbc      0x1b4 c:/develop/altera/14.0/nios2eds/bin/gnu/h-x86_64-mingw32/bin/../lib/gcc/nios2-elf/4.7.3/mhw-mulx\libgcc.a(_div_df.o)
                0x0000000000009fbc                __divdf3
 .text          0x000000000000a170       0x5c c:/develop/altera/14.0/nios2eds/bin/gnu/h-x86_64-mingw32/bin/../lib/gcc/nios2-elf/4.7.3/mhw-mulx\libgcc.a(_eq_df.o)
                0x000000000000a170                __eqdf2
 .text          0x000000000000a1cc       0x5c c:/develop/altera/14.0/nios2eds/bin/gnu/h-x86_64-mingw32/bin/../lib/gcc/nios2-elf/4.7.3/mhw-mulx\libgcc.a(_ne_df.o)
                0x000000000000a1cc                __nedf2
 .text          0x000000000000a228       0x64 c:/develop/altera/14.0/nios2eds/bin/gnu/h-x86_64-mingw32/bin/../lib/gcc/nios2-elf/4.7.3/mhw-mulx\libgcc.a(_gt_df.o)
                0x000000000000a228                __gtdf2
 .text          0x000000000000a28c       0x64 c:/develop/altera/14.0/nios2eds/bin/gnu/h-x86_64-mingw32/bin/../lib/gcc/nios2-elf/4.7.3/mhw-mulx\libgcc.a(_ge_df.o)
                0x000000000000a28c                __gedf2
 .text          0x000000000000a2f0       0x5c c:/develop/altera/14.0/nios2eds/bin/gnu/h-x86_64-mingw32/bin/../lib/gcc/nios2-elf/4.7.3/mhw-mulx\libgcc.a(_lt_df.o)
                0x000000000000a2f0                __ltdf2
 .text          0x000000000000a34c       0xd4 c:/develop/altera/14.0/nios2eds/bin/gnu/h-x86_64-mingw32/bin/../lib/gcc/nios2-elf/4.7.3/mhw-mulx\libgcc.a(_si_to_df.o)
                0x000000000000a34c                __floatsidf
 .text          0x000000000000a420       0xc4 c:/develop/altera/14.0/nios2eds/bin/gnu/h-x86_64-mingw32/bin/../lib/gcc/nios2-elf/4.7.3/mhw-mulx\libgcc.a(_df_to_si.o)
                0x000000000000a420                __fixdfsi
 .text          0x000000000000a4e4        0x0 c:/develop/altera/14.0/nios2eds/bin/gnu/h-x86_64-mingw32/bin/../lib/gcc/nios2-elf/4.7.3/mhw-mulx\libgcc.a(_thenan_df.o)
 .text          0x000000000000a4e4      0x11c c:/develop/altera/14.0/nios2eds/bin/gnu/h-x86_64-mingw32/bin/../lib/gcc/nios2-elf/4.7.3/mhw-mulx\libgcc.a(_usi_to_df.o)
                0x000000000000a4e4                __floatunsidf
 .text          0x000000000000a600        0x0 c:/develop/altera/14.0/nios2eds/bin/gnu/h-x86_64-mingw32/bin/../lib/gcc/nios2-elf/4.7.3/mhw-mulx\libgcc.a(_clz.o)
 .text          0x000000000000a600       0xac c:/develop/altera/14.0/nios2eds/bin/gnu/h-x86_64-mingw32/bin/../lib/gcc/nios2-elf/4.7.3/mhw-mulx\libgcc.a(_clzsi2.o)
                0x000000000000a600                __clzsi2
 .text          0x000000000000a6ac      0x224 c:/develop/altera/14.0/nios2eds/bin/gnu/h-x86_64-mingw32/bin/../lib/gcc/nios2-elf/4.7.3/mhw-mulx\libgcc.a(_pack_df.o)
                0x000000000000a6ac                __pack_d
 .text          0x000000000000a8d0      0x104 c:/develop/altera/14.0/nios2eds/bin/gnu/h-x86_64-mingw32/bin/../lib/gcc/nios2-elf/4.7.3/mhw-mulx\libgcc.a(_unpack_df.o)
                0x000000000000a8d0                __unpack_d
 .text          0x000000000000a9d4       0xd0 c:/develop/altera/14.0/nios2eds/bin/gnu/h-x86_64-mingw32/bin/../lib/gcc/nios2-elf/4.7.3/mhw-mulx\libgcc.a(_fpcmp_parts_df.o)
                0x000000000000a9d4                __fpcmp_parts_d
 .text          0x000000000000aaa4       0x44 c:/develop/altera/14.0/nios2eds/bin/gnu/h-x86_64-mingw32/bin/../lib/gcc/nios2-elf/4.7.3/mhw-mulx\libgcc.a(_lshrdi3.o)
                0x000000000000aaa4                __lshrdi3
 .text          0x000000000000aae8       0x44 c:/develop/altera/14.0/nios2eds/bin/gnu/h-x86_64-mingw32/bin/../lib/gcc/nios2-elf/4.7.3/mhw-mulx\libgcc.a(_ashldi3.o)
                0x000000000000aae8                __ashldi3
 .text          0x000000000000ab2c       0xe0 ../sodalite_filetest_bsp/\libhal_bsp.a(alt_close.o)
                0x000000000000ab2c                close
 .text          0x000000000000ac0c        0x8 ../sodalite_filetest_bsp/\libhal_bsp.a(alt_dev.o)
 .text          0x000000000000ac14        0x0 ../sodalite_filetest_bsp/\libhal_bsp.a(alt_errno.o)
 .text          0x000000000000ac14       0x7c ../sodalite_filetest_bsp/\libhal_bsp.a(alt_fstat.o)
                0x000000000000ac14                fstat
 .text          0x000000000000ac90       0x8c ../sodalite_filetest_bsp/\libhal_bsp.a(alt_isatty.o)
                0x000000000000ac90                isatty
 .text          0x000000000000ad1c      0x114 ../sodalite_filetest_bsp/\libhal_bsp.a(alt_load.o)
                0x000000000000ad1c                alt_load
 .text          0x000000000000ae30       0x84 ../sodalite_filetest_bsp/\libhal_bsp.a(alt_lseek.o)
                0x000000000000ae30                lseek
 .text          0x000000000000aeb4       0x60 ../sodalite_filetest_bsp/\libhal_bsp.a(alt_main.o)
                0x000000000000aeb4                alt_main
 .text          0x000000000000af14        0x8 ../sodalite_filetest_bsp/\libhal_bsp.a(alt_malloc_lock.o)
                0x000000000000af14                __malloc_lock
                0x000000000000af18                __malloc_unlock
 .text          0x000000000000af1c       0xec ../sodalite_filetest_bsp/\libhal_bsp.a(alt_read.o)
                0x000000000000af1c                read
 .text          0x000000000000b008       0x24 ../sodalite_filetest_bsp/\libhal_bsp.a(alt_release_fd.o)
                0x000000000000b008                alt_release_fd
 .text          0x000000000000b02c       0x4c ../sodalite_filetest_bsp/\libhal_bsp.a(alt_sbrk.o)
                0x000000000000b02c                sbrk
 .text          0x000000000000b078       0x5c ../sodalite_filetest_bsp/\libhal_bsp.a(alt_uncached_malloc.o)
                0x000000000000b078                alt_uncached_malloc
 .text          0x000000000000b0d4       0xe8 ../sodalite_filetest_bsp/\libhal_bsp.a(alt_write.o)
                0x000000000000b0d4                write
 .text          0x000000000000b1bc       0x90 ../sodalite_filetest_bsp/\libhal_bsp.a(alt_sys_init.o)
                0x000000000000b1bc                alt_irq_init
                0x000000000000b1dc                alt_sys_init
 .text          0x000000000000b24c       0x3c ../sodalite_filetest_bsp/\libhal_bsp.a(altera_avalon_jtag_uart_fd.o)
                0x000000000000b24c                altera_avalon_jtag_uart_read_fd
                0x000000000000b25c                altera_avalon_jtag_uart_write_fd
                0x000000000000b26c                altera_avalon_jtag_uart_close_fd
                0x000000000000b27c                altera_avalon_jtag_uart_ioctl_fd
 .text          0x000000000000b288      0x214 ../sodalite_filetest_bsp/\libhal_bsp.a(altera_avalon_jtag_uart_init.o)
                0x000000000000b3e8                altera_avalon_jtag_uart_init
                0x000000000000b468                altera_avalon_jtag_uart_close
 .text          0x000000000000b49c       0x74 ../sodalite_filetest_bsp/\libhal_bsp.a(altera_avalon_jtag_uart_ioctl.o)
                0x000000000000b49c                altera_avalon_jtag_uart_ioctl
 .text          0x000000000000b510      0x134 ../sodalite_filetest_bsp/\libhal_bsp.a(altera_avalon_jtag_uart_read.o)
                0x000000000000b510                altera_avalon_jtag_uart_read
 .text          0x000000000000b644      0x184 ../sodalite_filetest_bsp/\libhal_bsp.a(altera_avalon_jtag_uart_write.o)
                0x000000000000b644                altera_avalon_jtag_uart_write
 .text          0x000000000000b7c8       0x8c ../sodalite_filetest_bsp/\libhal_bsp.a(altera_avalon_timer_sc.o)
                0x000000000000b804                alt_avalon_timer_sc_init
 .text          0x000000000000b854       0x10 ../sodalite_filetest_bsp/\libhal_bsp.a(altera_modular_adc.o)
                0x000000000000b854                altera_modular_adc_init
                0x000000000000b85c                altera_modular_adc_open
 .text          0x000000000000b864      0x94c ../sodalite_filetest_bsp/\libhal_bsp.a(altera_onchip_flash.o)
                0x000000000000b864                alt_onchip_flash_read
                0x000000000000b8e8                alt_onchip_flash_get_info
                0x000000000000b930                alt_onchip_flash_erase_block
                0x000000000000ba70                alt_onchip_flash_write_block
                0x000000000000bc80                alt_onchip_flash_write
                0x000000000000be54                altera_onchip_flash_init
                0x000000000000c114                alt_onchip_flash_poll_for_status_to_go_idle
                0x000000000000c148                alt_onchip_flash_poll_for_status_erase_passed
                0x000000000000c17c                alt_onchip_flash_poll_for_status_write_passed
 .text          0x000000000000c1b0       0x94 ../sodalite_filetest_bsp/\libhal_bsp.a(alt_alarm_start.o)
                0x000000000000c1b0                alt_alarm_start
 .text          0x000000000000c244       0x40 ../sodalite_filetest_bsp/\libhal_bsp.a(alt_dcache_flush.o)
                0x000000000000c244                alt_dcache_flush
 .text          0x000000000000c284       0x18 ../sodalite_filetest_bsp/\libhal_bsp.a(alt_dcache_flush_all.o)
                0x000000000000c284                alt_dcache_flush_all
 .text          0x000000000000c29c       0x6c ../sodalite_filetest_bsp/\libhal_bsp.a(alt_dev_llist_insert.o)
                0x000000000000c29c                alt_dev_llist_insert
 .text          0x000000000000c308       0x64 ../sodalite_filetest_bsp/\libhal_bsp.a(alt_do_ctors.o)
                0x000000000000c308                _do_ctors
 .text          0x000000000000c36c       0x64 ../sodalite_filetest_bsp/\libhal_bsp.a(alt_do_dtors.o)
                0x000000000000c36c                _do_dtors
 .text          0x000000000000c3d0       0x94 ../sodalite_filetest_bsp/\libhal_bsp.a(alt_find_dev.o)
                0x000000000000c3d0                alt_find_dev
 .text          0x000000000000c464       0x60 ../sodalite_filetest_bsp/\libhal_bsp.a(alt_flash_dev.o)
                0x000000000000c464                alt_flash_open_dev
                0x000000000000c4b0                alt_flash_close_dev
 .text          0x000000000000c4c4        0xc ../sodalite_filetest_bsp/\libhal_bsp.a(alt_icache_flush_all.o)
                0x000000000000c4c4                alt_icache_flush_all
 .text          0x000000000000c4d0       0x9c ../sodalite_filetest_bsp/\libhal_bsp.a(alt_iic.o)
                0x000000000000c4d0                alt_ic_isr_register
                0x000000000000c4d4                alt_ic_irq_enable
                0x000000000000c514                alt_ic_irq_disable
                0x000000000000c554                alt_ic_irq_enabled
 .text          0x000000000000c56c       0x68 ../sodalite_filetest_bsp/\libhal_bsp.a(alt_iic_isr_register.o)
                0x000000000000c56c                alt_iic_isr_register
 .text          0x000000000000c5d4       0xe8 ../sodalite_filetest_bsp/\libhal_bsp.a(alt_io_redirect.o)
                0x000000000000c644                alt_io_redirect
 .text          0x000000000000c6bc        0x0 ../sodalite_filetest_bsp/\libhal_bsp.a(alt_irq_entry.o)
 .text          0x000000000000c6bc        0x0 ../sodalite_filetest_bsp/\libhal_bsp.a(alt_irq_handler.o)
 .text          0x000000000000c6bc        0x0 ../sodalite_filetest_bsp/\libhal_bsp.a(alt_irq_vars.o)
 .text          0x000000000000c6bc      0x17c ../sodalite_filetest_bsp/\libhal_bsp.a(alt_open.o)
                0x000000000000c6bc                open
 .text          0x000000000000c838      0x128 ../sodalite_filetest_bsp/\libhal_bsp.a(alt_tick.o)
                0x000000000000c838                alt_alarm_stop
                0x000000000000c86c                alt_tick
 .text          0x000000000000c960        0x8 ../sodalite_filetest_bsp/\libhal_bsp.a(altera_nios2_gen2_irq.o)
                0x000000000000c960                altera_nios2_gen2_irq_init
 .text          0x000000000000c968        0x0 ../sodalite_filetest_bsp/\libhal_bsp.a(alt_exception_entry.o)
 .text          0x000000000000c968       0xac ../sodalite_filetest_bsp/\libhal_bsp.a(alt_find_file.o)
                0x000000000000c968                alt_find_file
 .text          0x000000000000ca14       0x58 ../sodalite_filetest_bsp/\libhal_bsp.a(alt_get_fd.o)
                0x000000000000ca14                alt_get_fd
 .text          0x000000000000ca6c       0x50 ../sodalite_filetest_bsp/\libhal_bsp.a(alt_icache_flush.o)
                0x000000000000ca6c                alt_icache_flush
 .text          0x000000000000cabc       0x30 ../sodalite_filetest_bsp/\libhal_bsp.a(alt_instruction_exception_entry.o)
                0x000000000000cabc                alt_exception_cause_generated_bad_addr
 .text          0x000000000000caec       0x14 c:/develop/altera/14.0/nios2eds/bin/gnu/h-x86_64-mingw32/bin/../lib/gcc/nios2-elf/4.7.3/../../../../../H-x86_64-mingw32/nios2-elf/lib/mhw-mulx\libc.a(lib_a-atexit.o)
                0x000000000000caec                atexit
 .text          0x000000000000cb00       0x38 c:/develop/altera/14.0/nios2eds/bin/gnu/h-x86_64-mingw32/bin/../lib/gcc/nios2-elf/4.7.3/../../../../../H-x86_64-mingw32/nios2-elf/lib/mhw-mulx\libc.a(lib_a-exit.o)
                0x000000000000cb00                exit
 .text          0x000000000000cb38       0x1c c:/develop/altera/14.0/nios2eds/bin/gnu/h-x86_64-mingw32/bin/../lib/gcc/nios2-elf/4.7.3/../../../../../H-x86_64-mingw32/nios2-elf/lib/mhw-mulx\libc.a(lib_a-malign.o)
                0x000000000000cb38                memalign
 .text          0x000000000000cb54      0x1cc c:/develop/altera/14.0/nios2eds/bin/gnu/h-x86_64-mingw32/bin/../lib/gcc/nios2-elf/4.7.3/../../../../../H-x86_64-mingw32/nios2-elf/lib/mhw-mulx\libc.a(lib_a-malignr.o)
                0x000000000000cb54                _memalign_r
 .text          0x000000000000cd20       0x7c c:/develop/altera/14.0/nios2eds/bin/gnu/h-x86_64-mingw32/bin/../lib/gcc/nios2-elf/4.7.3/../../../../../H-x86_64-mingw32/nios2-elf/lib/mhw-mulx\libc.a(lib_a-memcmp.o)
                0x000000000000cd20                memcmp
 .text          0x000000000000cd9c      0x130 c:/develop/altera/14.0/nios2eds/bin/gnu/h-x86_64-mingw32/bin/../lib/gcc/nios2-elf/4.7.3/../../../../../H-x86_64-mingw32/nios2-elf/lib/mhw-mulx\libc.a(lib_a-__atexit.o)
                0x000000000000cd9c                __register_exitproc
 .text          0x000000000000cecc      0x1a0 c:/develop/altera/14.0/nios2eds/bin/gnu/h-x86_64-mingw32/bin/../lib/gcc/nios2-elf/4.7.3/../../../../../H-x86_64-mingw32/nios2-elf/lib/mhw-mulx\libc.a(lib_a-__call_atexit.o)
                0x000000000000cecc                __call_exitprocs
 .text          0x000000000000d06c       0x14 ../sodalite_filetest_bsp/\libhal_bsp.a(alt_exit.o)
                0x000000000000d06c                _exit
 *(.gnu.warning.*)
 *(.fini)
                0x000000000000d080                PROVIDE (__etext, ABSOLUTE (.))
                0x000000000000d080                PROVIDE (_etext, ABSOLUTE (.))
                0x000000000000d080                PROVIDE (etext, ABSOLUTE (.))
 *(.eh_frame_hdr)
                0x000000000000d080                . = ALIGN (0x4)
                0x000000000000d080                PROVIDE (__preinit_array_start, ABSOLUTE (.))
 *(.preinit_array)
                0x000000000000d080                PROVIDE (__preinit_array_end, ABSOLUTE (.))
                0x000000000000d080                PROVIDE (__init_array_start, ABSOLUTE (.))
 *(.init_array)
                0x000000000000d080                PROVIDE (__init_array_end, ABSOLUTE (.))
                0x000000000000d080                PROVIDE (__fini_array_start, ABSOLUTE (.))
 *(.fini_array)
                0x000000000000d080                PROVIDE (__fini_array_end, ABSOLUTE (.))
 *(.eh_frame)
 *(.gcc_except_table .gcc_except_table.*)
 *(.dynamic)
                0x000000000000d080                PROVIDE (__CTOR_LIST__, ABSOLUTE (.))
 *(.ctors)
 *(SORT(.ctors.*))
                0x000000000000d080                PROVIDE (__CTOR_END__, ABSOLUTE (.))
                0x000000000000d080                PROVIDE (__DTOR_LIST__, ABSOLUTE (.))
 *(.dtors)
 *(SORT(.dtors.*))
                0x000000000000d080                PROVIDE (__DTOR_END__, ABSOLUTE (.))
 *(.jcr)
                0x000000000000d080                . = ALIGN (0x4)

.rodata         0x000000000000d080    0x236f8
                0x000000000000d080                PROVIDE (__ram_rodata_start, ABSOLUTE (.))
                0x000000000000d080                . = ALIGN (0x4)
 *(.rodata .rodata.* .gnu.linkonce.r.*)
 .rodata        0x000000000000d080    0x2216c obj/default/nd_lib/fontx_k12x10.o
                0x000000000000d080                fontx_k12x10_fnt
 .rodata        0x000000000002f1ec      0xa14 obj/default/nd_lib/fontx_k6x10.o
                0x000000000002f1ec                fontx_k6x10_fnt
 .rodata        0x000000000002fc00      0x400 obj/default/nd_lib/nd_egl.o
                0x000000000002fc00                nd_GsEglRomFont
 .rodata.str1.4
                0x0000000000030000      0x1ea obj/default/testuty.o
                                        0x1f0 (size before relaxing)
 .rodata        0x00000000000301ea      0x200 obj/default/testuty.o
 .rodata.str1.4
                0x0000000000000000        0x4 c:/develop/altera/14.0/nios2eds/bin/gnu/h-x86_64-mingw32/bin/../lib/gcc/nios2-elf/4.7.3/../../../../../H-x86_64-mingw32/nios2-elf/lib/mhw-mulx\libc.a(lib_a-puts.o)
 *fill*         0x00000000000303ea        0x2 
 .rodata.str1.4
                0x00000000000303ec       0x42 c:/develop/altera/14.0/nios2eds/bin/gnu/h-x86_64-mingw32/bin/../lib/gcc/nios2-elf/4.7.3/../../../../../H-x86_64-mingw32/nios2-elf/lib/mhw-mulx\libc.a(lib_a-vfprintf.o)
                                         0x44 (size before relaxing)
 .rodata        0x000000000003042e       0x20 c:/develop/altera/14.0/nios2eds/bin/gnu/h-x86_64-mingw32/bin/../lib/gcc/nios2-elf/4.7.3/../../../../../H-x86_64-mingw32/nios2-elf/lib/mhw-mulx\libc.a(lib_a-vfprintf.o)
 *fill*         0x000000000003044e        0x2 
 .rodata.str1.4
                0x0000000000030450       0x10 c:/develop/altera/14.0/nios2eds/bin/gnu/h-x86_64-mingw32/bin/../lib/gcc/nios2-elf/4.7.3/../../../../../H-x86_64-mingw32/nios2-elf/lib/mhw-mulx\libc.a(lib_a-dtoa.o)
                                         0x14 (size before relaxing)
 .rodata.str1.4
                0x0000000000030460        0x2 c:/develop/altera/14.0/nios2eds/bin/gnu/h-x86_64-mingw32/bin/../lib/gcc/nios2-elf/4.7.3/../../../../../H-x86_64-mingw32/nios2-elf/lib/mhw-mulx\libc.a(lib_a-impure.o)
                                          0x4 (size before relaxing)
 *fill*         0x0000000000030462        0x2 
 .rodata.str1.4
                0x0000000000030464        0xe c:/develop/altera/14.0/nios2eds/bin/gnu/h-x86_64-mingw32/bin/../lib/gcc/nios2-elf/4.7.3/../../../../../H-x86_64-mingw32/nios2-elf/lib/mhw-mulx\libc.a(lib_a-locale.o)
                                         0x18 (size before relaxing)
 *fill*         0x0000000000030472        0x2 
 .rodata        0x0000000000030474       0x30 c:/develop/altera/14.0/nios2eds/bin/gnu/h-x86_64-mingw32/bin/../lib/gcc/nios2-elf/4.7.3/../../../../../H-x86_64-mingw32/nios2-elf/lib/mhw-mulx\libc.a(lib_a-locale.o)
 .rodata        0x00000000000304a4      0x124 c:/develop/altera/14.0/nios2eds/bin/gnu/h-x86_64-mingw32/bin/../lib/gcc/nios2-elf/4.7.3/../../../../../H-x86_64-mingw32/nios2-elf/lib/mhw-mulx\libc.a(lib_a-mprec.o)
                0x00000000000304a4                __mprec_tinytens
                0x00000000000304cc                __mprec_bigtens
                0x00000000000304f4                __mprec_tens
 .rodata        0x00000000000305c8       0x14 c:/develop/altera/14.0/nios2eds/bin/gnu/h-x86_64-mingw32/bin/../lib/gcc/nios2-elf/4.7.3/mhw-mulx\libgcc.a(_thenan_df.o)
                0x00000000000305c8                __thenan_df
 .rodata        0x00000000000305dc      0x100 c:/develop/altera/14.0/nios2eds/bin/gnu/h-x86_64-mingw32/bin/../lib/gcc/nios2-elf/4.7.3/mhw-mulx\libgcc.a(_clz.o)
                0x00000000000305dc                __clz_tab
 .rodata.str1.4
                0x00000000000306dc        0xa ../sodalite_filetest_bsp/\libhal_bsp.a(alt_dev.o)
                                          0xc (size before relaxing)
 *fill*         0x00000000000306e6        0x2 
 .rodata.str1.4
                0x00000000000306e8        0xf ../sodalite_filetest_bsp/\libhal_bsp.a(alt_main.o)
                                         0x10 (size before relaxing)
 *fill*         0x00000000000306f7        0x1 
 .rodata.str1.4
                0x00000000000306f8       0x40 ../sodalite_filetest_bsp/\libhal_bsp.a(alt_sys_init.o)
                                         0x50 (size before relaxing)
 .rodata        0x0000000000030738       0x40 ../sodalite_filetest_bsp/\libhal_bsp.a(alt_instruction_exception_entry.o)
 *(.rodata1)
                0x0000000000030778                . = ALIGN (0x4)
                0x0000000000030778                PROVIDE (__ram_rodata_end, ABSOLUTE (.))
                0x000000000000d080                PROVIDE (__flash_rodata_start, LOADADDR (.rodata))

.rwdata         0x0000000000030778     0x1b94 load address 0x000000000003230c
                0x0000000000030778                PROVIDE (__ram_rwdata_start, ABSOLUTE (.))
                0x0000000000030778                . = ALIGN (0x4)
 *(.got.plt)
 *(.got)
 *(.data1)
 *(.data .data.* .gnu.linkonce.d.*)
 .data          0x0000000000030778        0x0 ../sodalite_filetest_bsp//obj/HAL/src/crt0.o
 .data          0x0000000000030778        0x0 obj/default/awa.o
 .data          0x0000000000030778        0x0 obj/default/nd_lib/fontx_k12x10.o
 .data          0x0000000000030778        0x0 obj/default/nd_lib/fontx_k6x10.o
 .data          0x0000000000030778        0x0 obj/default/nd_lib/nd_egl.o
 .data          0x0000000000030778        0x0 obj/default/testuty.o
 .data          0x0000000000030778        0x0 c:/develop/altera/14.0/nios2eds/bin/gnu/h-x86_64-mingw32/bin/../lib/gcc/nios2-elf/4.7.3/mhw-mulx\libgcc.a(lib2-divmod.o)
 .data          0x0000000000030778        0x0 c:/develop/altera/14.0/nios2eds/bin/gnu/h-x86_64-mingw32/bin/../lib/gcc/nios2-elf/4.7.3/../../../../../H-x86_64-mingw32/nios2-elf/lib/mhw-mulx\libc.a(lib_a-printf.o)
 .data          0x0000000000030778        0x0 c:/develop/altera/14.0/nios2eds/bin/gnu/h-x86_64-mingw32/bin/../lib/gcc/nios2-elf/4.7.3/../../../../../H-x86_64-mingw32/nios2-elf/lib/mhw-mulx\libc.a(lib_a-putchar.o)
 .data          0x0000000000030778        0x0 c:/develop/altera/14.0/nios2eds/bin/gnu/h-x86_64-mingw32/bin/../lib/gcc/nios2-elf/4.7.3/../../../../../H-x86_64-mingw32/nios2-elf/lib/mhw-mulx\libc.a(lib_a-puts.o)
 .data          0x0000000000030778        0x0 c:/develop/altera/14.0/nios2eds/bin/gnu/h-x86_64-mingw32/bin/../lib/gcc/nios2-elf/4.7.3/../../../../../H-x86_64-mingw32/nios2-elf/lib/mhw-mulx\libc.a(lib_a-rand.o)
 .data          0x0000000000030778        0x0 c:/develop/altera/14.0/nios2eds/bin/gnu/h-x86_64-mingw32/bin/../lib/gcc/nios2-elf/4.7.3/../../../../../H-x86_64-mingw32/nios2-elf/lib/mhw-mulx\libc.a(lib_a-strlen.o)
 .data          0x0000000000030778        0x0 c:/develop/altera/14.0/nios2eds/bin/gnu/h-x86_64-mingw32/bin/../lib/gcc/nios2-elf/4.7.3/../../../../../H-x86_64-mingw32/nios2-elf/lib/mhw-mulx\libc.a(lib_a-vfprintf.o)
 .data          0x0000000000030778        0x0 c:/develop/altera/14.0/nios2eds/bin/gnu/h-x86_64-mingw32/bin/../lib/gcc/nios2-elf/4.7.3/../../../../../H-x86_64-mingw32/nios2-elf/lib/mhw-mulx\libc.a(lib_a-wsetup.o)
 .data          0x0000000000030778        0x0 c:/develop/altera/14.0/nios2eds/bin/gnu/h-x86_64-mingw32/bin/../lib/gcc/nios2-elf/4.7.3/../../../../../H-x86_64-mingw32/nios2-elf/lib/mhw-mulx\libc.a(lib_a-dtoa.o)
 .data          0x0000000000030778        0x0 c:/develop/altera/14.0/nios2eds/bin/gnu/h-x86_64-mingw32/bin/../lib/gcc/nios2-elf/4.7.3/../../../../../H-x86_64-mingw32/nios2-elf/lib/mhw-mulx\libc.a(lib_a-fflush.o)
 .data          0x0000000000030778        0x0 c:/develop/altera/14.0/nios2eds/bin/gnu/h-x86_64-mingw32/bin/../lib/gcc/nios2-elf/4.7.3/../../../../../H-x86_64-mingw32/nios2-elf/lib/mhw-mulx\libc.a(lib_a-findfp.o)
 .data          0x0000000000030778        0x0 c:/develop/altera/14.0/nios2eds/bin/gnu/h-x86_64-mingw32/bin/../lib/gcc/nios2-elf/4.7.3/../../../../../H-x86_64-mingw32/nios2-elf/lib/mhw-mulx\libc.a(lib_a-freer.o)
 .data          0x0000000000030778        0x0 c:/develop/altera/14.0/nios2eds/bin/gnu/h-x86_64-mingw32/bin/../lib/gcc/nios2-elf/4.7.3/../../../../../H-x86_64-mingw32/nios2-elf/lib/mhw-mulx\libc.a(lib_a-fvwrite.o)
 .data          0x0000000000030778        0x0 c:/develop/altera/14.0/nios2eds/bin/gnu/h-x86_64-mingw32/bin/../lib/gcc/nios2-elf/4.7.3/../../../../../H-x86_64-mingw32/nios2-elf/lib/mhw-mulx\libc.a(lib_a-fwalk.o)
 .data          0x0000000000030778      0x400 c:/develop/altera/14.0/nios2eds/bin/gnu/h-x86_64-mingw32/bin/../lib/gcc/nios2-elf/4.7.3/../../../../../H-x86_64-mingw32/nios2-elf/lib/mhw-mulx\libc.a(lib_a-impure.o)
 .data          0x0000000000030b78        0xc c:/develop/altera/14.0/nios2eds/bin/gnu/h-x86_64-mingw32/bin/../lib/gcc/nios2-elf/4.7.3/../../../../../H-x86_64-mingw32/nios2-elf/lib/mhw-mulx\libc.a(lib_a-locale.o)
                0x0000000000030b78                __lc_ctype
 .data          0x0000000000030b84        0x0 c:/develop/altera/14.0/nios2eds/bin/gnu/h-x86_64-mingw32/bin/../lib/gcc/nios2-elf/4.7.3/../../../../../H-x86_64-mingw32/nios2-elf/lib/mhw-mulx\libc.a(lib_a-makebuf.o)
 .data          0x0000000000030b84      0x408 c:/develop/altera/14.0/nios2eds/bin/gnu/h-x86_64-mingw32/bin/../lib/gcc/nios2-elf/4.7.3/../../../../../H-x86_64-mingw32/nios2-elf/lib/mhw-mulx\libc.a(lib_a-mallocr.o)
                0x0000000000030b84                __malloc_av_
 .data          0x0000000000030f8c        0x0 c:/develop/altera/14.0/nios2eds/bin/gnu/h-x86_64-mingw32/bin/../lib/gcc/nios2-elf/4.7.3/../../../../../H-x86_64-mingw32/nios2-elf/lib/mhw-mulx\libc.a(lib_a-memchr.o)
 .data          0x0000000000030f8c        0x0 c:/develop/altera/14.0/nios2eds/bin/gnu/h-x86_64-mingw32/bin/../lib/gcc/nios2-elf/4.7.3/../../../../../H-x86_64-mingw32/nios2-elf/lib/mhw-mulx\libc.a(lib_a-memcpy.o)
 .data          0x0000000000030f8c        0x0 c:/develop/altera/14.0/nios2eds/bin/gnu/h-x86_64-mingw32/bin/../lib/gcc/nios2-elf/4.7.3/../../../../../H-x86_64-mingw32/nios2-elf/lib/mhw-mulx\libc.a(lib_a-memmove.o)
 .data          0x0000000000030f8c        0x0 c:/develop/altera/14.0/nios2eds/bin/gnu/h-x86_64-mingw32/bin/../lib/gcc/nios2-elf/4.7.3/../../../../../H-x86_64-mingw32/nios2-elf/lib/mhw-mulx\libc.a(lib_a-memset.o)
 .data          0x0000000000030f8c        0x0 c:/develop/altera/14.0/nios2eds/bin/gnu/h-x86_64-mingw32/bin/../lib/gcc/nios2-elf/4.7.3/../../../../../H-x86_64-mingw32/nios2-elf/lib/mhw-mulx\libc.a(lib_a-mprec.o)
 .data          0x0000000000030f8c        0x0 c:/develop/altera/14.0/nios2eds/bin/gnu/h-x86_64-mingw32/bin/../lib/gcc/nios2-elf/4.7.3/../../../../../H-x86_64-mingw32/nios2-elf/lib/mhw-mulx\libc.a(lib_a-putc.o)
 .data          0x0000000000030f8c        0x0 c:/develop/altera/14.0/nios2eds/bin/gnu/h-x86_64-mingw32/bin/../lib/gcc/nios2-elf/4.7.3/../../../../../H-x86_64-mingw32/nios2-elf/lib/mhw-mulx\libc.a(lib_a-reallocr.o)
 .data          0x0000000000030f8c        0x0 c:/develop/altera/14.0/nios2eds/bin/gnu/h-x86_64-mingw32/bin/../lib/gcc/nios2-elf/4.7.3/../../../../../H-x86_64-mingw32/nios2-elf/lib/mhw-mulx\libc.a(lib_a-s_isinfd.o)
 .data          0x0000000000030f8c        0x0 c:/develop/altera/14.0/nios2eds/bin/gnu/h-x86_64-mingw32/bin/../lib/gcc/nios2-elf/4.7.3/../../../../../H-x86_64-mingw32/nios2-elf/lib/mhw-mulx\libc.a(lib_a-s_isnand.o)
 .data          0x0000000000030f8c        0x0 c:/develop/altera/14.0/nios2eds/bin/gnu/h-x86_64-mingw32/bin/../lib/gcc/nios2-elf/4.7.3/../../../../../H-x86_64-mingw32/nios2-elf/lib/mhw-mulx\libc.a(lib_a-sbrkr.o)
 .data          0x0000000000030f8c        0x0 c:/develop/altera/14.0/nios2eds/bin/gnu/h-x86_64-mingw32/bin/../lib/gcc/nios2-elf/4.7.3/../../../../../H-x86_64-mingw32/nios2-elf/lib/mhw-mulx\libc.a(lib_a-stdio.o)
 .data          0x0000000000030f8c        0x0 c:/develop/altera/14.0/nios2eds/bin/gnu/h-x86_64-mingw32/bin/../lib/gcc/nios2-elf/4.7.3/../../../../../H-x86_64-mingw32/nios2-elf/lib/mhw-mulx\libc.a(lib_a-strcmp.o)
 .data          0x0000000000030f8c        0x0 c:/develop/altera/14.0/nios2eds/bin/gnu/h-x86_64-mingw32/bin/../lib/gcc/nios2-elf/4.7.3/../../../../../H-x86_64-mingw32/nios2-elf/lib/mhw-mulx\libc.a(lib_a-wbuf.o)
 .data          0x0000000000030f8c        0x0 c:/develop/altera/14.0/nios2eds/bin/gnu/h-x86_64-mingw32/bin/../lib/gcc/nios2-elf/4.7.3/../../../../../H-x86_64-mingw32/nios2-elf/lib/mhw-mulx\libc.a(lib_a-writer.o)
 .data          0x0000000000030f8c        0x0 c:/develop/altera/14.0/nios2eds/bin/gnu/h-x86_64-mingw32/bin/../lib/gcc/nios2-elf/4.7.3/../../../../../H-x86_64-mingw32/nios2-elf/lib/mhw-mulx\libc.a(lib_a-callocr.o)
 .data          0x0000000000030f8c        0x0 c:/develop/altera/14.0/nios2eds/bin/gnu/h-x86_64-mingw32/bin/../lib/gcc/nios2-elf/4.7.3/../../../../../H-x86_64-mingw32/nios2-elf/lib/mhw-mulx\libc.a(lib_a-closer.o)
 .data          0x0000000000030f8c        0x0 c:/develop/altera/14.0/nios2eds/bin/gnu/h-x86_64-mingw32/bin/../lib/gcc/nios2-elf/4.7.3/../../../../../H-x86_64-mingw32/nios2-elf/lib/mhw-mulx\libc.a(lib_a-fclose.o)
 .data          0x0000000000030f8c        0x0 c:/develop/altera/14.0/nios2eds/bin/gnu/h-x86_64-mingw32/bin/../lib/gcc/nios2-elf/4.7.3/../../../../../H-x86_64-mingw32/nios2-elf/lib/mhw-mulx\libc.a(lib_a-fstatr.o)
 .data          0x0000000000030f8c        0x0 c:/develop/altera/14.0/nios2eds/bin/gnu/h-x86_64-mingw32/bin/../lib/gcc/nios2-elf/4.7.3/../../../../../H-x86_64-mingw32/nios2-elf/lib/mhw-mulx\libc.a(lib_a-int_errno.o)
 .data          0x0000000000030f8c        0x0 c:/develop/altera/14.0/nios2eds/bin/gnu/h-x86_64-mingw32/bin/../lib/gcc/nios2-elf/4.7.3/../../../../../H-x86_64-mingw32/nios2-elf/lib/mhw-mulx\libc.a(lib_a-isattyr.o)
 .data          0x0000000000030f8c        0x0 c:/develop/altera/14.0/nios2eds/bin/gnu/h-x86_64-mingw32/bin/../lib/gcc/nios2-elf/4.7.3/../../../../../H-x86_64-mingw32/nios2-elf/lib/mhw-mulx\libc.a(lib_a-lseekr.o)
 .data          0x0000000000030f8c        0x0 c:/develop/altera/14.0/nios2eds/bin/gnu/h-x86_64-mingw32/bin/../lib/gcc/nios2-elf/4.7.3/../../../../../H-x86_64-mingw32/nios2-elf/lib/mhw-mulx\libc.a(lib_a-readr.o)
 .data          0x0000000000030f8c        0x0 c:/develop/altera/14.0/nios2eds/bin/gnu/h-x86_64-mingw32/bin/../lib/gcc/nios2-elf/4.7.3/mhw-mulx\libgcc.a(_udivdi3.o)
 .data          0x0000000000030f8c        0x0 c:/develop/altera/14.0/nios2eds/bin/gnu/h-x86_64-mingw32/bin/../lib/gcc/nios2-elf/4.7.3/mhw-mulx\libgcc.a(_umoddi3.o)
 .data          0x0000000000030f8c        0x0 c:/develop/altera/14.0/nios2eds/bin/gnu/h-x86_64-mingw32/bin/../lib/gcc/nios2-elf/4.7.3/mhw-mulx\libgcc.a(_addsub_df.o)
 .data          0x0000000000030f8c        0x0 c:/develop/altera/14.0/nios2eds/bin/gnu/h-x86_64-mingw32/bin/../lib/gcc/nios2-elf/4.7.3/mhw-mulx\libgcc.a(_mul_df.o)
 .data          0x0000000000030f8c        0x0 c:/develop/altera/14.0/nios2eds/bin/gnu/h-x86_64-mingw32/bin/../lib/gcc/nios2-elf/4.7.3/mhw-mulx\libgcc.a(_div_df.o)
 .data          0x0000000000030f8c        0x0 c:/develop/altera/14.0/nios2eds/bin/gnu/h-x86_64-mingw32/bin/../lib/gcc/nios2-elf/4.7.3/mhw-mulx\libgcc.a(_eq_df.o)
 .data          0x0000000000030f8c        0x0 c:/develop/altera/14.0/nios2eds/bin/gnu/h-x86_64-mingw32/bin/../lib/gcc/nios2-elf/4.7.3/mhw-mulx\libgcc.a(_ne_df.o)
 .data          0x0000000000030f8c        0x0 c:/develop/altera/14.0/nios2eds/bin/gnu/h-x86_64-mingw32/bin/../lib/gcc/nios2-elf/4.7.3/mhw-mulx\libgcc.a(_gt_df.o)
 .data          0x0000000000030f8c        0x0 c:/develop/altera/14.0/nios2eds/bin/gnu/h-x86_64-mingw32/bin/../lib/gcc/nios2-elf/4.7.3/mhw-mulx\libgcc.a(_ge_df.o)
 .data          0x0000000000030f8c        0x0 c:/develop/altera/14.0/nios2eds/bin/gnu/h-x86_64-mingw32/bin/../lib/gcc/nios2-elf/4.7.3/mhw-mulx\libgcc.a(_lt_df.o)
 .data          0x0000000000030f8c        0x0 c:/develop/altera/14.0/nios2eds/bin/gnu/h-x86_64-mingw32/bin/../lib/gcc/nios2-elf/4.7.3/mhw-mulx\libgcc.a(_si_to_df.o)
 .data          0x0000000000030f8c        0x0 c:/develop/altera/14.0/nios2eds/bin/gnu/h-x86_64-mingw32/bin/../lib/gcc/nios2-elf/4.7.3/mhw-mulx\libgcc.a(_df_to_si.o)
 .data          0x0000000000030f8c        0x0 c:/develop/altera/14.0/nios2eds/bin/gnu/h-x86_64-mingw32/bin/../lib/gcc/nios2-elf/4.7.3/mhw-mulx\libgcc.a(_thenan_df.o)
 .data          0x0000000000030f8c        0x0 c:/develop/altera/14.0/nios2eds/bin/gnu/h-x86_64-mingw32/bin/../lib/gcc/nios2-elf/4.7.3/mhw-mulx\libgcc.a(_usi_to_df.o)
 .data          0x0000000000030f8c        0x0 c:/develop/altera/14.0/nios2eds/bin/gnu/h-x86_64-mingw32/bin/../lib/gcc/nios2-elf/4.7.3/mhw-mulx\libgcc.a(_clz.o)
 .data          0x0000000000030f8c        0x0 c:/develop/altera/14.0/nios2eds/bin/gnu/h-x86_64-mingw32/bin/../lib/gcc/nios2-elf/4.7.3/mhw-mulx\libgcc.a(_clzsi2.o)
 .data          0x0000000000030f8c        0x0 c:/develop/altera/14.0/nios2eds/bin/gnu/h-x86_64-mingw32/bin/../lib/gcc/nios2-elf/4.7.3/mhw-mulx\libgcc.a(_pack_df.o)
 .data          0x0000000000030f8c        0x0 c:/develop/altera/14.0/nios2eds/bin/gnu/h-x86_64-mingw32/bin/../lib/gcc/nios2-elf/4.7.3/mhw-mulx\libgcc.a(_unpack_df.o)
 .data          0x0000000000030f8c        0x0 c:/develop/altera/14.0/nios2eds/bin/gnu/h-x86_64-mingw32/bin/../lib/gcc/nios2-elf/4.7.3/mhw-mulx\libgcc.a(_fpcmp_parts_df.o)
 .data          0x0000000000030f8c        0x0 c:/develop/altera/14.0/nios2eds/bin/gnu/h-x86_64-mingw32/bin/../lib/gcc/nios2-elf/4.7.3/mhw-mulx\libgcc.a(_lshrdi3.o)
 .data          0x0000000000030f8c        0x0 c:/develop/altera/14.0/nios2eds/bin/gnu/h-x86_64-mingw32/bin/../lib/gcc/nios2-elf/4.7.3/mhw-mulx\libgcc.a(_ashldi3.o)
 .data          0x0000000000030f8c        0x0 ../sodalite_filetest_bsp/\libhal_bsp.a(alt_close.o)
 .data          0x0000000000030f8c      0x1a8 ../sodalite_filetest_bsp/\libhal_bsp.a(alt_dev.o)
                0x0000000000030f8c                alt_fd_list
                0x000000000003110c                alt_dev_null
 .data          0x0000000000031134        0x0 ../sodalite_filetest_bsp/\libhal_bsp.a(alt_errno.o)
 .data          0x0000000000031134        0x0 ../sodalite_filetest_bsp/\libhal_bsp.a(alt_fstat.o)
 .data          0x0000000000031134        0x0 ../sodalite_filetest_bsp/\libhal_bsp.a(alt_isatty.o)
 .data          0x0000000000031134        0x0 ../sodalite_filetest_bsp/\libhal_bsp.a(alt_load.o)
 .data          0x0000000000031134        0x0 ../sodalite_filetest_bsp/\libhal_bsp.a(alt_lseek.o)
 .data          0x0000000000031134        0x0 ../sodalite_filetest_bsp/\libhal_bsp.a(alt_main.o)
 .data          0x0000000000031134        0x0 ../sodalite_filetest_bsp/\libhal_bsp.a(alt_malloc_lock.o)
 .data          0x0000000000031134        0x0 ../sodalite_filetest_bsp/\libhal_bsp.a(alt_read.o)
 .data          0x0000000000031134        0x0 ../sodalite_filetest_bsp/\libhal_bsp.a(alt_release_fd.o)
 .data          0x0000000000031134        0x0 ../sodalite_filetest_bsp/\libhal_bsp.a(alt_sbrk.o)
 .data          0x0000000000031134        0x0 ../sodalite_filetest_bsp/\libhal_bsp.a(alt_uncached_malloc.o)
 .data          0x0000000000031134        0x0 ../sodalite_filetest_bsp/\libhal_bsp.a(alt_write.o)
 .data          0x0000000000031134     0x1184 ../sodalite_filetest_bsp/\libhal_bsp.a(alt_sys_init.o)
 .data          0x00000000000322b8        0x0 ../sodalite_filetest_bsp/\libhal_bsp.a(altera_avalon_jtag_uart_fd.o)
 .data          0x00000000000322b8        0x0 ../sodalite_filetest_bsp/\libhal_bsp.a(altera_avalon_jtag_uart_init.o)
 .data          0x00000000000322b8        0x0 ../sodalite_filetest_bsp/\libhal_bsp.a(altera_avalon_jtag_uart_ioctl.o)
 .data          0x00000000000322b8        0x0 ../sodalite_filetest_bsp/\libhal_bsp.a(altera_avalon_jtag_uart_read.o)
 .data          0x00000000000322b8        0x0 ../sodalite_filetest_bsp/\libhal_bsp.a(altera_avalon_jtag_uart_write.o)
 .data          0x00000000000322b8        0x0 ../sodalite_filetest_bsp/\libhal_bsp.a(altera_avalon_timer_sc.o)
 .data          0x00000000000322b8        0x0 ../sodalite_filetest_bsp/\libhal_bsp.a(altera_modular_adc.o)
 .data          0x00000000000322b8        0x0 ../sodalite_filetest_bsp/\libhal_bsp.a(altera_onchip_flash.o)
 .data          0x00000000000322b8        0x0 ../sodalite_filetest_bsp/\libhal_bsp.a(alt_alarm_start.o)
 .data          0x00000000000322b8        0x0 ../sodalite_filetest_bsp/\libhal_bsp.a(alt_dcache_flush.o)
 .data          0x00000000000322b8        0x0 ../sodalite_filetest_bsp/\libhal_bsp.a(alt_dcache_flush_all.o)
 .data          0x00000000000322b8        0x0 ../sodalite_filetest_bsp/\libhal_bsp.a(alt_dev_llist_insert.o)
 .data          0x00000000000322b8        0x0 ../sodalite_filetest_bsp/\libhal_bsp.a(alt_do_ctors.o)
 .data          0x00000000000322b8        0x0 ../sodalite_filetest_bsp/\libhal_bsp.a(alt_do_dtors.o)
 .data          0x00000000000322b8        0x0 ../sodalite_filetest_bsp/\libhal_bsp.a(alt_find_dev.o)
 .data          0x00000000000322b8        0x0 ../sodalite_filetest_bsp/\libhal_bsp.a(alt_flash_dev.o)
 .data          0x00000000000322b8        0x0 ../sodalite_filetest_bsp/\libhal_bsp.a(alt_icache_flush_all.o)
 .data          0x00000000000322b8        0x0 ../sodalite_filetest_bsp/\libhal_bsp.a(alt_iic.o)
 .data          0x00000000000322b8        0x0 ../sodalite_filetest_bsp/\libhal_bsp.a(alt_iic_isr_register.o)
 .data          0x00000000000322b8        0x0 ../sodalite_filetest_bsp/\libhal_bsp.a(alt_io_redirect.o)
 .data          0x00000000000322b8        0x0 ../sodalite_filetest_bsp/\libhal_bsp.a(alt_irq_entry.o)
 .data          0x00000000000322b8        0x0 ../sodalite_filetest_bsp/\libhal_bsp.a(alt_irq_handler.o)
 .data          0x00000000000322b8        0x0 ../sodalite_filetest_bsp/\libhal_bsp.a(alt_irq_vars.o)
 .data          0x00000000000322b8        0x0 ../sodalite_filetest_bsp/\libhal_bsp.a(alt_open.o)
 .data          0x00000000000322b8        0x0 ../sodalite_filetest_bsp/\libhal_bsp.a(alt_tick.o)
 .data          0x00000000000322b8        0x0 ../sodalite_filetest_bsp/\libhal_bsp.a(altera_nios2_gen2_irq.o)
 .data          0x00000000000322b8        0x0 ../sodalite_filetest_bsp/\libhal_bsp.a(alt_exception_entry.o)
 .data          0x00000000000322b8        0x0 ../sodalite_filetest_bsp/\libhal_bsp.a(alt_find_file.o)
 .data          0x00000000000322b8        0x0 ../sodalite_filetest_bsp/\libhal_bsp.a(alt_get_fd.o)
 .data          0x00000000000322b8        0x0 ../sodalite_filetest_bsp/\libhal_bsp.a(alt_icache_flush.o)
 .data          0x00000000000322b8        0x0 ../sodalite_filetest_bsp/\libhal_bsp.a(alt_instruction_exception_entry.o)
 .data          0x00000000000322b8        0x0 c:/develop/altera/14.0/nios2eds/bin/gnu/h-x86_64-mingw32/bin/../lib/gcc/nios2-elf/4.7.3/../../../../../H-x86_64-mingw32/nios2-elf/lib/mhw-mulx\libc.a(lib_a-atexit.o)
 .data          0x00000000000322b8        0x0 c:/develop/altera/14.0/nios2eds/bin/gnu/h-x86_64-mingw32/bin/../lib/gcc/nios2-elf/4.7.3/../../../../../H-x86_64-mingw32/nios2-elf/lib/mhw-mulx\libc.a(lib_a-exit.o)
 .data          0x00000000000322b8        0x0 c:/develop/altera/14.0/nios2eds/bin/gnu/h-x86_64-mingw32/bin/../lib/gcc/nios2-elf/4.7.3/../../../../../H-x86_64-mingw32/nios2-elf/lib/mhw-mulx\libc.a(lib_a-malign.o)
 .data          0x00000000000322b8        0x0 c:/develop/altera/14.0/nios2eds/bin/gnu/h-x86_64-mingw32/bin/../lib/gcc/nios2-elf/4.7.3/../../../../../H-x86_64-mingw32/nios2-elf/lib/mhw-mulx\libc.a(lib_a-malignr.o)
 .data          0x00000000000322b8        0x0 c:/develop/altera/14.0/nios2eds/bin/gnu/h-x86_64-mingw32/bin/../lib/gcc/nios2-elf/4.7.3/../../../../../H-x86_64-mingw32/nios2-elf/lib/mhw-mulx\libc.a(lib_a-memcmp.o)
 .data          0x00000000000322b8        0x0 c:/develop/altera/14.0/nios2eds/bin/gnu/h-x86_64-mingw32/bin/../lib/gcc/nios2-elf/4.7.3/../../../../../H-x86_64-mingw32/nios2-elf/lib/mhw-mulx\libc.a(lib_a-__atexit.o)
 .data          0x00000000000322b8        0x0 c:/develop/altera/14.0/nios2eds/bin/gnu/h-x86_64-mingw32/bin/../lib/gcc/nios2-elf/4.7.3/../../../../../H-x86_64-mingw32/nios2-elf/lib/mhw-mulx\libc.a(lib_a-__call_atexit.o)
 .data          0x00000000000322b8        0x0 ../sodalite_filetest_bsp/\libhal_bsp.a(alt_exit.o)
                0x000000000003a2b8                _gp = ABSOLUTE ((. + 0x8000))
                0x000000000003a2b8                PROVIDE (gp, _gp)
 *(.rwdata .rwdata.*)
 *(.sdata .sdata.* .gnu.linkonce.s.*)
 .sdata         0x00000000000322b8        0x8 c:/develop/altera/14.0/nios2eds/bin/gnu/h-x86_64-mingw32/bin/../lib/gcc/nios2-elf/4.7.3/../../../../../H-x86_64-mingw32/nios2-elf/lib/mhw-mulx\libc.a(lib_a-impure.o)
                0x00000000000322b8                _global_impure_ptr
                0x00000000000322bc                _impure_ptr
 .sdata         0x00000000000322c0        0x4 c:/develop/altera/14.0/nios2eds/bin/gnu/h-x86_64-mingw32/bin/../lib/gcc/nios2-elf/4.7.3/../../../../../H-x86_64-mingw32/nios2-elf/lib/mhw-mulx\libc.a(lib_a-locale.o)
                0x00000000000322c0                __mb_cur_max
 .sdata         0x00000000000322c4        0x8 c:/develop/altera/14.0/nios2eds/bin/gnu/h-x86_64-mingw32/bin/../lib/gcc/nios2-elf/4.7.3/../../../../../H-x86_64-mingw32/nios2-elf/lib/mhw-mulx\libc.a(lib_a-mallocr.o)
                0x00000000000322c4                __malloc_sbrk_base
                0x00000000000322c8                __malloc_trim_threshold
 .sdata         0x00000000000322cc       0x14 ../sodalite_filetest_bsp/\libhal_bsp.a(alt_dev.o)
                0x00000000000322cc                alt_max_fd
                0x00000000000322d0                alt_dev_list
                0x00000000000322d8                alt_fs_list
 .sdata         0x00000000000322e0        0x4 ../sodalite_filetest_bsp/\libhal_bsp.a(alt_errno.o)
                0x00000000000322e0                alt_errno
 .sdata         0x00000000000322e4        0x4 ../sodalite_filetest_bsp/\libhal_bsp.a(alt_sbrk.o)
 .sdata         0x00000000000322e8        0x8 ../sodalite_filetest_bsp/\libhal_bsp.a(altera_modular_adc.o)
                0x00000000000322e8                altera_modular_adc_list
 .sdata         0x00000000000322f0        0x8 ../sodalite_filetest_bsp/\libhal_bsp.a(altera_onchip_flash.o)
                0x00000000000322f0                altera_onchip_flash_list
 .sdata         0x00000000000322f8        0x8 ../sodalite_filetest_bsp/\libhal_bsp.a(alt_flash_dev.o)
                0x00000000000322f8                alt_flash_dev_list
 .sdata         0x0000000000032300        0x4 ../sodalite_filetest_bsp/\libhal_bsp.a(alt_irq_vars.o)
                0x0000000000032300                alt_priority_mask
 .sdata         0x0000000000032304        0x8 ../sodalite_filetest_bsp/\libhal_bsp.a(alt_tick.o)
                0x0000000000032304                alt_alarm_list
 *(.sdata2 .sdata2.* .gnu.linkonce.s2.*)
                0x000000000003230c                . = ALIGN (0x4)
                0x000000000003230c                _edata = ABSOLUTE (.)
                0x000000000003230c                PROVIDE (edata, ABSOLUTE (.))
                0x000000000003230c                PROVIDE (__ram_rwdata_end, ABSOLUTE (.))
                0x000000000003230c                PROVIDE (__flash_rwdata_start, LOADADDR (.rwdata))

.bss            0x0000000000033ea0      0x310
                0x0000000000033ea0                __bss_start = ABSOLUTE (.)
                0x0000000000033ea0                PROVIDE (__sbss_start, ABSOLUTE (.))
                0x0000000000033ea0                PROVIDE (___sbss_start, ABSOLUTE (.))
 *(.dynsbss)
 *(.sbss .sbss.* .gnu.linkonce.sb.*)
 .sbss          0x0000000000033ea0       0x14 obj/default/nd_lib/nd_egl.o
 .sbss          0x0000000000033eb4        0xc obj/default/nd_lib/nd_egl.o
                0x0000000000033eb4                nd_GsVgaVsyncCount
                0x0000000000033eb8                nd_GsEglDrawBuffer
                0x0000000000033ebc                nd_GsVgaVsyncFlag
 .sbss          0x0000000000033ec0        0xc c:/develop/altera/14.0/nios2eds/bin/gnu/h-x86_64-mingw32/bin/../lib/gcc/nios2-elf/4.7.3/../../../../../H-x86_64-mingw32/nios2-elf/lib/mhw-mulx\libc.a(lib_a-locale.o)
                0x0000000000033ec0                _PathLocale
                0x0000000000033ec4                __mlocale_changed
                0x0000000000033ec8                __nlocale_changed
 .sbss          0x0000000000033ecc        0xc c:/develop/altera/14.0/nios2eds/bin/gnu/h-x86_64-mingw32/bin/../lib/gcc/nios2-elf/4.7.3/../../../../../H-x86_64-mingw32/nios2-elf/lib/mhw-mulx\libc.a(lib_a-mallocr.o)
                0x0000000000033ecc                __malloc_max_total_mem
                0x0000000000033ed0                __malloc_max_sbrked_mem
                0x0000000000033ed4                __malloc_top_pad
 .sbss          0x0000000000033ed8        0x4 c:/develop/altera/14.0/nios2eds/bin/gnu/h-x86_64-mingw32/bin/../lib/gcc/nios2-elf/4.7.3/../../../../../H-x86_64-mingw32/nios2-elf/lib/mhw-mulx\libc.a(lib_a-int_errno.o)
                0x0000000000033ed8                errno
 .sbss          0x0000000000033edc        0xc ../sodalite_filetest_bsp/\libhal_bsp.a(alt_main.o)
                0x0000000000033edc                alt_envp
                0x0000000000033ee0                alt_argv
                0x0000000000033ee4                alt_argc
 .sbss          0x0000000000033ee8        0x4 ../sodalite_filetest_bsp/\libhal_bsp.a(alt_irq_vars.o)
                0x0000000000033ee8                alt_irq_active
 .sbss          0x0000000000033eec        0x8 ../sodalite_filetest_bsp/\libhal_bsp.a(alt_tick.o)
                0x0000000000033eec                _alt_nticks
                0x0000000000033ef0                _alt_tick_rate
 .sbss          0x0000000000033ef4        0x4 ../sodalite_filetest_bsp/\libhal_bsp.a(alt_instruction_exception_entry.o)
                0x0000000000033ef4                alt_instruction_exception_handler
 *(.sbss2 .sbss2.* .gnu.linkonce.sb2.*)
 *(.scommon)
                0x0000000000033ef8                PROVIDE (__sbss_end, ABSOLUTE (.))
                0x0000000000033ef8                PROVIDE (___sbss_end, ABSOLUTE (.))
 *(.dynbss)
 *(.bss .bss.* .gnu.linkonce.b.*)
 .bss           0x0000000000033ef8        0x0 ../sodalite_filetest_bsp//obj/HAL/src/crt0.o
 .bss           0x0000000000033ef8        0x0 obj/default/awa.o
 .bss           0x0000000000033ef8        0x0 obj/default/nd_lib/fontx_k12x10.o
 .bss           0x0000000000033ef8        0x0 obj/default/nd_lib/fontx_k6x10.o
 .bss           0x0000000000033ef8        0x0 obj/default/nd_lib/nd_egl.o
 .bss           0x0000000000033ef8        0x0 obj/default/testuty.o
 .bss           0x0000000000033ef8        0x0 c:/develop/altera/14.0/nios2eds/bin/gnu/h-x86_64-mingw32/bin/../lib/gcc/nios2-elf/4.7.3/mhw-mulx\libgcc.a(lib2-divmod.o)
 .bss           0x0000000000033ef8        0x0 c:/develop/altera/14.0/nios2eds/bin/gnu/h-x86_64-mingw32/bin/../lib/gcc/nios2-elf/4.7.3/../../../../../H-x86_64-mingw32/nios2-elf/lib/mhw-mulx\libc.a(lib_a-printf.o)
 .bss           0x0000000000033ef8        0x0 c:/develop/altera/14.0/nios2eds/bin/gnu/h-x86_64-mingw32/bin/../lib/gcc/nios2-elf/4.7.3/../../../../../H-x86_64-mingw32/nios2-elf/lib/mhw-mulx\libc.a(lib_a-putchar.o)
 .bss           0x0000000000033ef8        0x0 c:/develop/altera/14.0/nios2eds/bin/gnu/h-x86_64-mingw32/bin/../lib/gcc/nios2-elf/4.7.3/../../../../../H-x86_64-mingw32/nios2-elf/lib/mhw-mulx\libc.a(lib_a-puts.o)
 .bss           0x0000000000033ef8        0x0 c:/develop/altera/14.0/nios2eds/bin/gnu/h-x86_64-mingw32/bin/../lib/gcc/nios2-elf/4.7.3/../../../../../H-x86_64-mingw32/nios2-elf/lib/mhw-mulx\libc.a(lib_a-rand.o)
 .bss           0x0000000000033ef8        0x0 c:/develop/altera/14.0/nios2eds/bin/gnu/h-x86_64-mingw32/bin/../lib/gcc/nios2-elf/4.7.3/../../../../../H-x86_64-mingw32/nios2-elf/lib/mhw-mulx\libc.a(lib_a-strlen.o)
 .bss           0x0000000000033ef8        0x0 c:/develop/altera/14.0/nios2eds/bin/gnu/h-x86_64-mingw32/bin/../lib/gcc/nios2-elf/4.7.3/../../../../../H-x86_64-mingw32/nios2-elf/lib/mhw-mulx\libc.a(lib_a-vfprintf.o)
 .bss           0x0000000000033ef8        0x0 c:/develop/altera/14.0/nios2eds/bin/gnu/h-x86_64-mingw32/bin/../lib/gcc/nios2-elf/4.7.3/../../../../../H-x86_64-mingw32/nios2-elf/lib/mhw-mulx\libc.a(lib_a-wsetup.o)
 .bss           0x0000000000033ef8        0x0 c:/develop/altera/14.0/nios2eds/bin/gnu/h-x86_64-mingw32/bin/../lib/gcc/nios2-elf/4.7.3/../../../../../H-x86_64-mingw32/nios2-elf/lib/mhw-mulx\libc.a(lib_a-dtoa.o)
 .bss           0x0000000000033ef8        0x0 c:/develop/altera/14.0/nios2eds/bin/gnu/h-x86_64-mingw32/bin/../lib/gcc/nios2-elf/4.7.3/../../../../../H-x86_64-mingw32/nios2-elf/lib/mhw-mulx\libc.a(lib_a-fflush.o)
 .bss           0x0000000000033ef8        0x0 c:/develop/altera/14.0/nios2eds/bin/gnu/h-x86_64-mingw32/bin/../lib/gcc/nios2-elf/4.7.3/../../../../../H-x86_64-mingw32/nios2-elf/lib/mhw-mulx\libc.a(lib_a-findfp.o)
 .bss           0x0000000000033ef8        0x0 c:/develop/altera/14.0/nios2eds/bin/gnu/h-x86_64-mingw32/bin/../lib/gcc/nios2-elf/4.7.3/../../../../../H-x86_64-mingw32/nios2-elf/lib/mhw-mulx\libc.a(lib_a-freer.o)
 .bss           0x0000000000033ef8        0x0 c:/develop/altera/14.0/nios2eds/bin/gnu/h-x86_64-mingw32/bin/../lib/gcc/nios2-elf/4.7.3/../../../../../H-x86_64-mingw32/nios2-elf/lib/mhw-mulx\libc.a(lib_a-fvwrite.o)
 .bss           0x0000000000033ef8        0x0 c:/develop/altera/14.0/nios2eds/bin/gnu/h-x86_64-mingw32/bin/../lib/gcc/nios2-elf/4.7.3/../../../../../H-x86_64-mingw32/nios2-elf/lib/mhw-mulx\libc.a(lib_a-fwalk.o)
 .bss           0x0000000000033ef8        0x0 c:/develop/altera/14.0/nios2eds/bin/gnu/h-x86_64-mingw32/bin/../lib/gcc/nios2-elf/4.7.3/../../../../../H-x86_64-mingw32/nios2-elf/lib/mhw-mulx\libc.a(lib_a-impure.o)
 .bss           0x0000000000033ef8        0x0 c:/develop/altera/14.0/nios2eds/bin/gnu/h-x86_64-mingw32/bin/../lib/gcc/nios2-elf/4.7.3/../../../../../H-x86_64-mingw32/nios2-elf/lib/mhw-mulx\libc.a(lib_a-locale.o)
 .bss           0x0000000000033ef8        0x0 c:/develop/altera/14.0/nios2eds/bin/gnu/h-x86_64-mingw32/bin/../lib/gcc/nios2-elf/4.7.3/../../../../../H-x86_64-mingw32/nios2-elf/lib/mhw-mulx\libc.a(lib_a-makebuf.o)
 .bss           0x0000000000033ef8       0x28 c:/develop/altera/14.0/nios2eds/bin/gnu/h-x86_64-mingw32/bin/../lib/gcc/nios2-elf/4.7.3/../../../../../H-x86_64-mingw32/nios2-elf/lib/mhw-mulx\libc.a(lib_a-mallocr.o)
                0x0000000000033ef8                __malloc_current_mallinfo
 .bss           0x0000000000033f20        0x0 c:/develop/altera/14.0/nios2eds/bin/gnu/h-x86_64-mingw32/bin/../lib/gcc/nios2-elf/4.7.3/../../../../../H-x86_64-mingw32/nios2-elf/lib/mhw-mulx\libc.a(lib_a-memchr.o)
 .bss           0x0000000000033f20        0x0 c:/develop/altera/14.0/nios2eds/bin/gnu/h-x86_64-mingw32/bin/../lib/gcc/nios2-elf/4.7.3/../../../../../H-x86_64-mingw32/nios2-elf/lib/mhw-mulx\libc.a(lib_a-memcpy.o)
 .bss           0x0000000000033f20        0x0 c:/develop/altera/14.0/nios2eds/bin/gnu/h-x86_64-mingw32/bin/../lib/gcc/nios2-elf/4.7.3/../../../../../H-x86_64-mingw32/nios2-elf/lib/mhw-mulx\libc.a(lib_a-memmove.o)
 .bss           0x0000000000033f20        0x0 c:/develop/altera/14.0/nios2eds/bin/gnu/h-x86_64-mingw32/bin/../lib/gcc/nios2-elf/4.7.3/../../../../../H-x86_64-mingw32/nios2-elf/lib/mhw-mulx\libc.a(lib_a-memset.o)
 .bss           0x0000000000033f20        0x0 c:/develop/altera/14.0/nios2eds/bin/gnu/h-x86_64-mingw32/bin/../lib/gcc/nios2-elf/4.7.3/../../../../../H-x86_64-mingw32/nios2-elf/lib/mhw-mulx\libc.a(lib_a-mprec.o)
 .bss           0x0000000000033f20        0x0 c:/develop/altera/14.0/nios2eds/bin/gnu/h-x86_64-mingw32/bin/../lib/gcc/nios2-elf/4.7.3/../../../../../H-x86_64-mingw32/nios2-elf/lib/mhw-mulx\libc.a(lib_a-putc.o)
 .bss           0x0000000000033f20        0x0 c:/develop/altera/14.0/nios2eds/bin/gnu/h-x86_64-mingw32/bin/../lib/gcc/nios2-elf/4.7.3/../../../../../H-x86_64-mingw32/nios2-elf/lib/mhw-mulx\libc.a(lib_a-reallocr.o)
 .bss           0x0000000000033f20        0x0 c:/develop/altera/14.0/nios2eds/bin/gnu/h-x86_64-mingw32/bin/../lib/gcc/nios2-elf/4.7.3/../../../../../H-x86_64-mingw32/nios2-elf/lib/mhw-mulx\libc.a(lib_a-s_isinfd.o)
 .bss           0x0000000000033f20        0x0 c:/develop/altera/14.0/nios2eds/bin/gnu/h-x86_64-mingw32/bin/../lib/gcc/nios2-elf/4.7.3/../../../../../H-x86_64-mingw32/nios2-elf/lib/mhw-mulx\libc.a(lib_a-s_isnand.o)
 .bss           0x0000000000033f20        0x0 c:/develop/altera/14.0/nios2eds/bin/gnu/h-x86_64-mingw32/bin/../lib/gcc/nios2-elf/4.7.3/../../../../../H-x86_64-mingw32/nios2-elf/lib/mhw-mulx\libc.a(lib_a-sbrkr.o)
 .bss           0x0000000000033f20        0x0 c:/develop/altera/14.0/nios2eds/bin/gnu/h-x86_64-mingw32/bin/../lib/gcc/nios2-elf/4.7.3/../../../../../H-x86_64-mingw32/nios2-elf/lib/mhw-mulx\libc.a(lib_a-stdio.o)
 .bss           0x0000000000033f20        0x0 c:/develop/altera/14.0/nios2eds/bin/gnu/h-x86_64-mingw32/bin/../lib/gcc/nios2-elf/4.7.3/../../../../../H-x86_64-mingw32/nios2-elf/lib/mhw-mulx\libc.a(lib_a-strcmp.o)
 .bss           0x0000000000033f20        0x0 c:/develop/altera/14.0/nios2eds/bin/gnu/h-x86_64-mingw32/bin/../lib/gcc/nios2-elf/4.7.3/../../../../../H-x86_64-mingw32/nios2-elf/lib/mhw-mulx\libc.a(lib_a-wbuf.o)
 .bss           0x0000000000033f20        0x0 c:/develop/altera/14.0/nios2eds/bin/gnu/h-x86_64-mingw32/bin/../lib/gcc/nios2-elf/4.7.3/../../../../../H-x86_64-mingw32/nios2-elf/lib/mhw-mulx\libc.a(lib_a-writer.o)
 .bss           0x0000000000033f20        0x0 c:/develop/altera/14.0/nios2eds/bin/gnu/h-x86_64-mingw32/bin/../lib/gcc/nios2-elf/4.7.3/../../../../../H-x86_64-mingw32/nios2-elf/lib/mhw-mulx\libc.a(lib_a-callocr.o)
 .bss           0x0000000000033f20        0x0 c:/develop/altera/14.0/nios2eds/bin/gnu/h-x86_64-mingw32/bin/../lib/gcc/nios2-elf/4.7.3/../../../../../H-x86_64-mingw32/nios2-elf/lib/mhw-mulx\libc.a(lib_a-closer.o)
 .bss           0x0000000000033f20        0x0 c:/develop/altera/14.0/nios2eds/bin/gnu/h-x86_64-mingw32/bin/../lib/gcc/nios2-elf/4.7.3/../../../../../H-x86_64-mingw32/nios2-elf/lib/mhw-mulx\libc.a(lib_a-fclose.o)
 .bss           0x0000000000033f20        0x0 c:/develop/altera/14.0/nios2eds/bin/gnu/h-x86_64-mingw32/bin/../lib/gcc/nios2-elf/4.7.3/../../../../../H-x86_64-mingw32/nios2-elf/lib/mhw-mulx\libc.a(lib_a-fstatr.o)
 .bss           0x0000000000033f20        0x0 c:/develop/altera/14.0/nios2eds/bin/gnu/h-x86_64-mingw32/bin/../lib/gcc/nios2-elf/4.7.3/../../../../../H-x86_64-mingw32/nios2-elf/lib/mhw-mulx\libc.a(lib_a-int_errno.o)
 .bss           0x0000000000033f20        0x0 c:/develop/altera/14.0/nios2eds/bin/gnu/h-x86_64-mingw32/bin/../lib/gcc/nios2-elf/4.7.3/../../../../../H-x86_64-mingw32/nios2-elf/lib/mhw-mulx\libc.a(lib_a-isattyr.o)
 .bss           0x0000000000033f20        0x0 c:/develop/altera/14.0/nios2eds/bin/gnu/h-x86_64-mingw32/bin/../lib/gcc/nios2-elf/4.7.3/../../../../../H-x86_64-mingw32/nios2-elf/lib/mhw-mulx\libc.a(lib_a-lseekr.o)
 .bss           0x0000000000033f20        0x0 c:/develop/altera/14.0/nios2eds/bin/gnu/h-x86_64-mingw32/bin/../lib/gcc/nios2-elf/4.7.3/../../../../../H-x86_64-mingw32/nios2-elf/lib/mhw-mulx\libc.a(lib_a-readr.o)
 .bss           0x0000000000033f20        0x0 c:/develop/altera/14.0/nios2eds/bin/gnu/h-x86_64-mingw32/bin/../lib/gcc/nios2-elf/4.7.3/mhw-mulx\libgcc.a(_udivdi3.o)
 .bss           0x0000000000033f20        0x0 c:/develop/altera/14.0/nios2eds/bin/gnu/h-x86_64-mingw32/bin/../lib/gcc/nios2-elf/4.7.3/mhw-mulx\libgcc.a(_umoddi3.o)
 .bss           0x0000000000033f20        0x0 c:/develop/altera/14.0/nios2eds/bin/gnu/h-x86_64-mingw32/bin/../lib/gcc/nios2-elf/4.7.3/mhw-mulx\libgcc.a(_addsub_df.o)
 .bss           0x0000000000033f20        0x0 c:/develop/altera/14.0/nios2eds/bin/gnu/h-x86_64-mingw32/bin/../lib/gcc/nios2-elf/4.7.3/mhw-mulx\libgcc.a(_mul_df.o)
 .bss           0x0000000000033f20        0x0 c:/develop/altera/14.0/nios2eds/bin/gnu/h-x86_64-mingw32/bin/../lib/gcc/nios2-elf/4.7.3/mhw-mulx\libgcc.a(_div_df.o)
 .bss           0x0000000000033f20        0x0 c:/develop/altera/14.0/nios2eds/bin/gnu/h-x86_64-mingw32/bin/../lib/gcc/nios2-elf/4.7.3/mhw-mulx\libgcc.a(_eq_df.o)
 .bss           0x0000000000033f20        0x0 c:/develop/altera/14.0/nios2eds/bin/gnu/h-x86_64-mingw32/bin/../lib/gcc/nios2-elf/4.7.3/mhw-mulx\libgcc.a(_ne_df.o)
 .bss           0x0000000000033f20        0x0 c:/develop/altera/14.0/nios2eds/bin/gnu/h-x86_64-mingw32/bin/../lib/gcc/nios2-elf/4.7.3/mhw-mulx\libgcc.a(_gt_df.o)
 .bss           0x0000000000033f20        0x0 c:/develop/altera/14.0/nios2eds/bin/gnu/h-x86_64-mingw32/bin/../lib/gcc/nios2-elf/4.7.3/mhw-mulx\libgcc.a(_ge_df.o)
 .bss           0x0000000000033f20        0x0 c:/develop/altera/14.0/nios2eds/bin/gnu/h-x86_64-mingw32/bin/../lib/gcc/nios2-elf/4.7.3/mhw-mulx\libgcc.a(_lt_df.o)
 .bss           0x0000000000033f20        0x0 c:/develop/altera/14.0/nios2eds/bin/gnu/h-x86_64-mingw32/bin/../lib/gcc/nios2-elf/4.7.3/mhw-mulx\libgcc.a(_si_to_df.o)
 .bss           0x0000000000033f20        0x0 c:/develop/altera/14.0/nios2eds/bin/gnu/h-x86_64-mingw32/bin/../lib/gcc/nios2-elf/4.7.3/mhw-mulx\libgcc.a(_df_to_si.o)
 .bss           0x0000000000033f20        0x0 c:/develop/altera/14.0/nios2eds/bin/gnu/h-x86_64-mingw32/bin/../lib/gcc/nios2-elf/4.7.3/mhw-mulx\libgcc.a(_thenan_df.o)
 .bss           0x0000000000033f20        0x0 c:/develop/altera/14.0/nios2eds/bin/gnu/h-x86_64-mingw32/bin/../lib/gcc/nios2-elf/4.7.3/mhw-mulx\libgcc.a(_usi_to_df.o)
 .bss           0x0000000000033f20        0x0 c:/develop/altera/14.0/nios2eds/bin/gnu/h-x86_64-mingw32/bin/../lib/gcc/nios2-elf/4.7.3/mhw-mulx\libgcc.a(_clz.o)
 .bss           0x0000000000033f20        0x0 c:/develop/altera/14.0/nios2eds/bin/gnu/h-x86_64-mingw32/bin/../lib/gcc/nios2-elf/4.7.3/mhw-mulx\libgcc.a(_clzsi2.o)
 .bss           0x0000000000033f20        0x0 c:/develop/altera/14.0/nios2eds/bin/gnu/h-x86_64-mingw32/bin/../lib/gcc/nios2-elf/4.7.3/mhw-mulx\libgcc.a(_pack_df.o)
 .bss           0x0000000000033f20        0x0 c:/develop/altera/14.0/nios2eds/bin/gnu/h-x86_64-mingw32/bin/../lib/gcc/nios2-elf/4.7.3/mhw-mulx\libgcc.a(_unpack_df.o)
 .bss           0x0000000000033f20        0x0 c:/develop/altera/14.0/nios2eds/bin/gnu/h-x86_64-mingw32/bin/../lib/gcc/nios2-elf/4.7.3/mhw-mulx\libgcc.a(_fpcmp_parts_df.o)
 .bss           0x0000000000033f20        0x0 c:/develop/altera/14.0/nios2eds/bin/gnu/h-x86_64-mingw32/bin/../lib/gcc/nios2-elf/4.7.3/mhw-mulx\libgcc.a(_lshrdi3.o)
 .bss           0x0000000000033f20        0x0 c:/develop/altera/14.0/nios2eds/bin/gnu/h-x86_64-mingw32/bin/../lib/gcc/nios2-elf/4.7.3/mhw-mulx\libgcc.a(_ashldi3.o)
 .bss           0x0000000000033f20        0x0 ../sodalite_filetest_bsp/\libhal_bsp.a(alt_close.o)
 .bss           0x0000000000033f20        0x0 ../sodalite_filetest_bsp/\libhal_bsp.a(alt_dev.o)
 .bss           0x0000000000033f20        0x0 ../sodalite_filetest_bsp/\libhal_bsp.a(alt_errno.o)
 .bss           0x0000000000033f20        0x0 ../sodalite_filetest_bsp/\libhal_bsp.a(alt_fstat.o)
 .bss           0x0000000000033f20        0x0 ../sodalite_filetest_bsp/\libhal_bsp.a(alt_isatty.o)
 .bss           0x0000000000033f20        0x0 ../sodalite_filetest_bsp/\libhal_bsp.a(alt_load.o)
 .bss           0x0000000000033f20        0x0 ../sodalite_filetest_bsp/\libhal_bsp.a(alt_lseek.o)
 .bss           0x0000000000033f20        0x0 ../sodalite_filetest_bsp/\libhal_bsp.a(alt_main.o)
 .bss           0x0000000000033f20        0x0 ../sodalite_filetest_bsp/\libhal_bsp.a(alt_malloc_lock.o)
 .bss           0x0000000000033f20        0x0 ../sodalite_filetest_bsp/\libhal_bsp.a(alt_read.o)
 .bss           0x0000000000033f20        0x0 ../sodalite_filetest_bsp/\libhal_bsp.a(alt_release_fd.o)
 .bss           0x0000000000033f20        0x0 ../sodalite_filetest_bsp/\libhal_bsp.a(alt_sbrk.o)
 .bss           0x0000000000033f20        0x0 ../sodalite_filetest_bsp/\libhal_bsp.a(alt_uncached_malloc.o)
 .bss           0x0000000000033f20        0x0 ../sodalite_filetest_bsp/\libhal_bsp.a(alt_write.o)
 .bss           0x0000000000033f20        0x0 ../sodalite_filetest_bsp/\libhal_bsp.a(alt_sys_init.o)
 .bss           0x0000000000033f20        0x0 ../sodalite_filetest_bsp/\libhal_bsp.a(altera_avalon_jtag_uart_fd.o)
 .bss           0x0000000000033f20        0x0 ../sodalite_filetest_bsp/\libhal_bsp.a(altera_avalon_jtag_uart_init.o)
 .bss           0x0000000000033f20        0x0 ../sodalite_filetest_bsp/\libhal_bsp.a(altera_avalon_jtag_uart_ioctl.o)
 .bss           0x0000000000033f20        0x0 ../sodalite_filetest_bsp/\libhal_bsp.a(altera_avalon_jtag_uart_read.o)
 .bss           0x0000000000033f20        0x0 ../sodalite_filetest_bsp/\libhal_bsp.a(altera_avalon_jtag_uart_write.o)
 .bss           0x0000000000033f20        0x0 ../sodalite_filetest_bsp/\libhal_bsp.a(altera_avalon_timer_sc.o)
 .bss           0x0000000000033f20        0x0 ../sodalite_filetest_bsp/\libhal_bsp.a(altera_modular_adc.o)
 .bss           0x0000000000033f20        0x0 ../sodalite_filetest_bsp/\libhal_bsp.a(altera_onchip_flash.o)
 .bss           0x0000000000033f20        0x0 ../sodalite_filetest_bsp/\libhal_bsp.a(alt_alarm_start.o)
 .bss           0x0000000000033f20        0x0 ../sodalite_filetest_bsp/\libhal_bsp.a(alt_dcache_flush.o)
 .bss           0x0000000000033f20        0x0 ../sodalite_filetest_bsp/\libhal_bsp.a(alt_dcache_flush_all.o)
 .bss           0x0000000000033f20        0x0 ../sodalite_filetest_bsp/\libhal_bsp.a(alt_dev_llist_insert.o)
 .bss           0x0000000000033f20        0x0 ../sodalite_filetest_bsp/\libhal_bsp.a(alt_do_ctors.o)
 .bss           0x0000000000033f20        0x0 ../sodalite_filetest_bsp/\libhal_bsp.a(alt_do_dtors.o)
 .bss           0x0000000000033f20        0x0 ../sodalite_filetest_bsp/\libhal_bsp.a(alt_find_dev.o)
 .bss           0x0000000000033f20        0x0 ../sodalite_filetest_bsp/\libhal_bsp.a(alt_flash_dev.o)
 .bss           0x0000000000033f20        0x0 ../sodalite_filetest_bsp/\libhal_bsp.a(alt_icache_flush_all.o)
 .bss           0x0000000000033f20        0x0 ../sodalite_filetest_bsp/\libhal_bsp.a(alt_iic.o)
 .bss           0x0000000000033f20        0x0 ../sodalite_filetest_bsp/\libhal_bsp.a(alt_iic_isr_register.o)
 .bss           0x0000000000033f20        0x0 ../sodalite_filetest_bsp/\libhal_bsp.a(alt_io_redirect.o)
 .bss           0x0000000000033f20        0x0 ../sodalite_filetest_bsp/\libhal_bsp.a(alt_irq_entry.o)
 .bss           0x0000000000033f20        0x0 ../sodalite_filetest_bsp/\libhal_bsp.a(alt_irq_handler.o)
 .bss           0x0000000000033f20        0x0 ../sodalite_filetest_bsp/\libhal_bsp.a(alt_irq_vars.o)
 .bss           0x0000000000033f20        0x0 ../sodalite_filetest_bsp/\libhal_bsp.a(alt_open.o)
 .bss           0x0000000000033f20        0x0 ../sodalite_filetest_bsp/\libhal_bsp.a(alt_tick.o)
 .bss           0x0000000000033f20        0x0 ../sodalite_filetest_bsp/\libhal_bsp.a(altera_nios2_gen2_irq.o)
 .bss           0x0000000000033f20        0x0 ../sodalite_filetest_bsp/\libhal_bsp.a(alt_exception_entry.o)
 .bss           0x0000000000033f20        0x0 ../sodalite_filetest_bsp/\libhal_bsp.a(alt_find_file.o)
 .bss           0x0000000000033f20        0x0 ../sodalite_filetest_bsp/\libhal_bsp.a(alt_get_fd.o)
 .bss           0x0000000000033f20        0x0 ../sodalite_filetest_bsp/\libhal_bsp.a(alt_icache_flush.o)
 .bss           0x0000000000033f20        0x0 ../sodalite_filetest_bsp/\libhal_bsp.a(alt_instruction_exception_entry.o)
 .bss           0x0000000000033f20        0x0 c:/develop/altera/14.0/nios2eds/bin/gnu/h-x86_64-mingw32/bin/../lib/gcc/nios2-elf/4.7.3/../../../../../H-x86_64-mingw32/nios2-elf/lib/mhw-mulx\libc.a(lib_a-atexit.o)
 .bss           0x0000000000033f20        0x0 c:/develop/altera/14.0/nios2eds/bin/gnu/h-x86_64-mingw32/bin/../lib/gcc/nios2-elf/4.7.3/../../../../../H-x86_64-mingw32/nios2-elf/lib/mhw-mulx\libc.a(lib_a-exit.o)
 .bss           0x0000000000033f20        0x0 c:/develop/altera/14.0/nios2eds/bin/gnu/h-x86_64-mingw32/bin/../lib/gcc/nios2-elf/4.7.3/../../../../../H-x86_64-mingw32/nios2-elf/lib/mhw-mulx\libc.a(lib_a-malign.o)
 .bss           0x0000000000033f20        0x0 c:/develop/altera/14.0/nios2eds/bin/gnu/h-x86_64-mingw32/bin/../lib/gcc/nios2-elf/4.7.3/../../../../../H-x86_64-mingw32/nios2-elf/lib/mhw-mulx\libc.a(lib_a-malignr.o)
 .bss           0x0000000000033f20        0x0 c:/develop/altera/14.0/nios2eds/bin/gnu/h-x86_64-mingw32/bin/../lib/gcc/nios2-elf/4.7.3/../../../../../H-x86_64-mingw32/nios2-elf/lib/mhw-mulx\libc.a(lib_a-memcmp.o)
 .bss           0x0000000000033f20        0x0 c:/develop/altera/14.0/nios2eds/bin/gnu/h-x86_64-mingw32/bin/../lib/gcc/nios2-elf/4.7.3/../../../../../H-x86_64-mingw32/nios2-elf/lib/mhw-mulx\libc.a(lib_a-__atexit.o)
 .bss           0x0000000000033f20        0x0 c:/develop/altera/14.0/nios2eds/bin/gnu/h-x86_64-mingw32/bin/../lib/gcc/nios2-elf/4.7.3/../../../../../H-x86_64-mingw32/nios2-elf/lib/mhw-mulx\libc.a(lib_a-__call_atexit.o)
 .bss           0x0000000000033f20        0x0 ../sodalite_filetest_bsp/\libhal_bsp.a(alt_exit.o)
 *(COMMON)
 COMMON         0x0000000000033f20      0x100 ../sodalite_filetest_bsp/\libhal_bsp.a(alt_irq_handler.o)
                0x0000000000033f20                alt_irq
 COMMON         0x0000000000034020      0x190 c:/develop/altera/14.0/nios2eds/bin/gnu/h-x86_64-mingw32/bin/../lib/gcc/nios2-elf/4.7.3/../../../../../H-x86_64-mingw32/nios2-elf/lib/mhw-mulx\libc.a(lib_a-atexit.o)
                0x0000000000034020                _atexit0
                0x00000000000341b0                . = ALIGN (0x4)
                0x00000000000341b0                __bss_end = ABSOLUTE (.)

.sdram          0x00000000000341b0        0x0
                0x00000000000341b0                PROVIDE (_alt_partition_sdram_start, ABSOLUTE (.))
 *(.sdram .sdram. sdram.*)
                0x00000000000341b0                . = ALIGN (0x4)
                0x00000000000341b0                PROVIDE (_alt_partition_sdram_end, ABSOLUTE (.))
                0x00000000000341b0                _end = ABSOLUTE (.)
                0x00000000000341b0                end = ABSOLUTE (.)
                0x00000000000341b0                __alt_stack_base = ABSOLUTE (.)
                0x00000000000341b0                PROVIDE (_alt_partition_sdram_load_addr, LOADADDR (.sdram))

.ipl_memory     0x000000000f000020        0x0 load address 0x00000000000341b0
                0x000000000f000020                PROVIDE (_alt_partition_ipl_memory_start, ABSOLUTE (.))
 *(.ipl_memory .ipl_memory. ipl_memory.*)
                0x000000000f000020                . = ALIGN (0x4)
                0x000000000f000020                PROVIDE (_alt_partition_ipl_memory_end, ABSOLUTE (.))
                0x00000000000341b0                PROVIDE (_alt_partition_ipl_memory_load_addr, LOADADDR (.ipl_memory))

.onchip_flash_0_data
                0x000000000f100000        0x0 load address 0x00000000000341b0
                0x000000000f100000                PROVIDE (_alt_partition_onchip_flash_0_data_start, ABSOLUTE (.))
 *(.onchip_flash_0_data .onchip_flash_0_data. onchip_flash_0_data.*)
                0x000000000f100000                . = ALIGN (0x4)
                0x000000000f100000                PROVIDE (_alt_partition_onchip_flash_0_data_end, ABSOLUTE (.))
                0x00000000000341b0                PROVIDE (_alt_partition_onchip_flash_0_data_load_addr, LOADADDR (.onchip_flash_0_data))

.stab
 *(.stab)

.stabstr
 *(.stabstr)

.stab.excl
 *(.stab.excl)

.stab.exclstr
 *(.stab.exclstr)

.stab.index
 *(.stab.index)

.stab.indexstr
 *(.stab.indexstr)

.comment        0x0000000000000000       0x23
 *(.comment)
 .comment       0x0000000000000000       0x23 obj/default/awa.o
                                         0x24 (size before relaxing)
 .comment       0x0000000000000000       0x24 obj/default/nd_lib/fontx_k12x10.o
 .comment       0x0000000000000000       0x24 obj/default/nd_lib/fontx_k6x10.o
 .comment       0x0000000000000000       0x24 obj/default/nd_lib/nd_egl.o
 .comment       0x0000000000000000       0x24 obj/default/testuty.o
 .comment       0x0000000000000000       0x24 c:/develop/altera/14.0/nios2eds/bin/gnu/h-x86_64-mingw32/bin/../lib/gcc/nios2-elf/4.7.3/mhw-mulx\libgcc.a(lib2-divmod.o)
 .comment       0x0000000000000000       0x24 c:/develop/altera/14.0/nios2eds/bin/gnu/h-x86_64-mingw32/bin/../lib/gcc/nios2-elf/4.7.3/../../../../../H-x86_64-mingw32/nios2-elf/lib/mhw-mulx\libc.a(lib_a-printf.o)
 .comment       0x0000000000000000       0x24 c:/develop/altera/14.0/nios2eds/bin/gnu/h-x86_64-mingw32/bin/../lib/gcc/nios2-elf/4.7.3/../../../../../H-x86_64-mingw32/nios2-elf/lib/mhw-mulx\libc.a(lib_a-putchar.o)
 .comment       0x0000000000000000       0x24 c:/develop/altera/14.0/nios2eds/bin/gnu/h-x86_64-mingw32/bin/../lib/gcc/nios2-elf/4.7.3/../../../../../H-x86_64-mingw32/nios2-elf/lib/mhw-mulx\libc.a(lib_a-puts.o)
 .comment       0x0000000000000000       0x24 c:/develop/altera/14.0/nios2eds/bin/gnu/h-x86_64-mingw32/bin/../lib/gcc/nios2-elf/4.7.3/../../../../../H-x86_64-mingw32/nios2-elf/lib/mhw-mulx\libc.a(lib_a-rand.o)
 .comment       0x0000000000000000       0x24 c:/develop/altera/14.0/nios2eds/bin/gnu/h-x86_64-mingw32/bin/../lib/gcc/nios2-elf/4.7.3/../../../../../H-x86_64-mingw32/nios2-elf/lib/mhw-mulx\libc.a(lib_a-strlen.o)
 .comment       0x0000000000000000       0x24 c:/develop/altera/14.0/nios2eds/bin/gnu/h-x86_64-mingw32/bin/../lib/gcc/nios2-elf/4.7.3/../../../../../H-x86_64-mingw32/nios2-elf/lib/mhw-mulx\libc.a(lib_a-vfprintf.o)
 .comment       0x0000000000000000       0x24 c:/develop/altera/14.0/nios2eds/bin/gnu/h-x86_64-mingw32/bin/../lib/gcc/nios2-elf/4.7.3/../../../../../H-x86_64-mingw32/nios2-elf/lib/mhw-mulx\libc.a(lib_a-wsetup.o)
 .comment       0x0000000000000000       0x24 c:/develop/altera/14.0/nios2eds/bin/gnu/h-x86_64-mingw32/bin/../lib/gcc/nios2-elf/4.7.3/../../../../../H-x86_64-mingw32/nios2-elf/lib/mhw-mulx\libc.a(lib_a-dtoa.o)
 .comment       0x0000000000000000       0x24 c:/develop/altera/14.0/nios2eds/bin/gnu/h-x86_64-mingw32/bin/../lib/gcc/nios2-elf/4.7.3/../../../../../H-x86_64-mingw32/nios2-elf/lib/mhw-mulx\libc.a(lib_a-fflush.o)
 .comment       0x0000000000000000       0x24 c:/develop/altera/14.0/nios2eds/bin/gnu/h-x86_64-mingw32/bin/../lib/gcc/nios2-elf/4.7.3/../../../../../H-x86_64-mingw32/nios2-elf/lib/mhw-mulx\libc.a(lib_a-findfp.o)
 .comment       0x0000000000000000       0x24 c:/develop/altera/14.0/nios2eds/bin/gnu/h-x86_64-mingw32/bin/../lib/gcc/nios2-elf/4.7.3/../../../../../H-x86_64-mingw32/nios2-elf/lib/mhw-mulx\libc.a(lib_a-freer.o)
 .comment       0x0000000000000000       0x24 c:/develop/altera/14.0/nios2eds/bin/gnu/h-x86_64-mingw32/bin/../lib/gcc/nios2-elf/4.7.3/../../../../../H-x86_64-mingw32/nios2-elf/lib/mhw-mulx\libc.a(lib_a-fvwrite.o)
 .comment       0x0000000000000000       0x24 c:/develop/altera/14.0/nios2eds/bin/gnu/h-x86_64-mingw32/bin/../lib/gcc/nios2-elf/4.7.3/../../../../../H-x86_64-mingw32/nios2-elf/lib/mhw-mulx\libc.a(lib_a-fwalk.o)