Archive member included because of file (symbol)

c:/develop/altera/14.0/nios2eds/bin/gnu/h-x86_64-mingw32/bin/../lib/gcc/nios2-elf/4.7.3/mhw-mulx\libgcc.a(lib2-divmod.o)
                              obj/default/mmcfs/fatfs/ff.o (__divsi3)
c:/develop/altera/14.0/nios2eds/bin/gnu/h-x86_64-mingw32/bin/../lib/gcc/nios2-elf/4.7.3/../../../../../H-x86_64-mingw32/nios2-elf/lib/mhw-mulx\libc.a(lib_a-fclose.o)
                              obj/default/loadbmp.o (fclose)
c:/develop/altera/14.0/nios2eds/bin/gnu/h-x86_64-mingw32/bin/../lib/gcc/nios2-elf/4.7.3/../../../../../H-x86_64-mingw32/nios2-elf/lib/mhw-mulx\libc.a(lib_a-fflush.o)
                              c:/develop/altera/14.0/nios2eds/bin/gnu/h-x86_64-mingw32/bin/../lib/gcc/nios2-elf/4.7.3/../../../../../H-x86_64-mingw32/nios2-elf/lib/mhw-mulx\libc.a(lib_a-fclose.o) (_fflush_r)
c:/develop/altera/14.0/nios2eds/bin/gnu/h-x86_64-mingw32/bin/../lib/gcc/nios2-elf/4.7.3/../../../../../H-x86_64-mingw32/nios2-elf/lib/mhw-mulx\libc.a(lib_a-findfp.o)
                              c:/develop/altera/14.0/nios2eds/bin/gnu/h-x86_64-mingw32/bin/../lib/gcc/nios2-elf/4.7.3/../../../../../H-x86_64-mingw32/nios2-elf/lib/mhw-mulx\libc.a(lib_a-fclose.o) (__sinit)
c:/develop/altera/14.0/nios2eds/bin/gnu/h-x86_64-mingw32/bin/../lib/gcc/nios2-elf/4.7.3/../../../../../H-x86_64-mingw32/nios2-elf/lib/mhw-mulx\libc.a(lib_a-fopen.o)
                              obj/default/loadbmp.o (fopen)
c:/develop/altera/14.0/nios2eds/bin/gnu/h-x86_64-mingw32/bin/../lib/gcc/nios2-elf/4.7.3/../../../../../H-x86_64-mingw32/nios2-elf/lib/mhw-mulx\libc.a(lib_a-fread.o)
                              obj/default/loadbmp.o (fread)
c:/develop/altera/14.0/nios2eds/bin/gnu/h-x86_64-mingw32/bin/../lib/gcc/nios2-elf/4.7.3/../../../../../H-x86_64-mingw32/nios2-elf/lib/mhw-mulx\libc.a(lib_a-freer.o)
                              c:/develop/altera/14.0/nios2eds/bin/gnu/h-x86_64-mingw32/bin/../lib/gcc/nios2-elf/4.7.3/../../../../../H-x86_64-mingw32/nios2-elf/lib/mhw-mulx\libc.a(lib_a-fclose.o) (_free_r)
c:/develop/altera/14.0/nios2eds/bin/gnu/h-x86_64-mingw32/bin/../lib/gcc/nios2-elf/4.7.3/../../../../../H-x86_64-mingw32/nios2-elf/lib/mhw-mulx\libc.a(lib_a-fseek.o)
                              c:/develop/altera/14.0/nios2eds/bin/gnu/h-x86_64-mingw32/bin/../lib/gcc/nios2-elf/4.7.3/../../../../../H-x86_64-mingw32/nios2-elf/lib/mhw-mulx\libc.a(lib_a-fopen.o) (_fseek_r)
c:/develop/altera/14.0/nios2eds/bin/gnu/h-x86_64-mingw32/bin/../lib/gcc/nios2-elf/4.7.3/../../../../../H-x86_64-mingw32/nios2-elf/lib/mhw-mulx\libc.a(lib_a-fstatr.o)
                              c:/develop/altera/14.0/nios2eds/bin/gnu/h-x86_64-mingw32/bin/../lib/gcc/nios2-elf/4.7.3/../../../../../H-x86_64-mingw32/nios2-elf/lib/mhw-mulx\libc.a(lib_a-fseek.o) (_fstat_r)
c:/develop/altera/14.0/nios2eds/bin/gnu/h-x86_64-mingw32/bin/../lib/gcc/nios2-elf/4.7.3/../../../../../H-x86_64-mingw32/nios2-elf/lib/mhw-mulx\libc.a(lib_a-fwalk.o)
                              c:/develop/altera/14.0/nios2eds/bin/gnu/h-x86_64-mingw32/bin/../lib/gcc/nios2-elf/4.7.3/../../../../../H-x86_64-mingw32/nios2-elf/lib/mhw-mulx\libc.a(lib_a-findfp.o) (_fwalk)
c:/develop/altera/14.0/nios2eds/bin/gnu/h-x86_64-mingw32/bin/../lib/gcc/nios2-elf/4.7.3/../../../../../H-x86_64-mingw32/nios2-elf/lib/mhw-mulx\libc.a(lib_a-impure.o)
                              c:/develop/altera/14.0/nios2eds/bin/gnu/h-x86_64-mingw32/bin/../lib/gcc/nios2-elf/4.7.3/../../../../../H-x86_64-mingw32/nios2-elf/lib/mhw-mulx\libc.a(lib_a-fflush.o) (_global_impure_ptr)
c:/develop/altera/14.0/nios2eds/bin/gnu/h-x86_64-mingw32/bin/../lib/gcc/nios2-elf/4.7.3/../../../../../H-x86_64-mingw32/nios2-elf/lib/mhw-mulx\libc.a(lib_a-int_errno.o)
                              c:/develop/altera/14.0/nios2eds/bin/gnu/h-x86_64-mingw32/bin/../lib/gcc/nios2-elf/4.7.3/../../../../../H-x86_64-mingw32/nios2-elf/lib/mhw-mulx\libc.a(lib_a-fstatr.o) (errno)
c:/develop/altera/14.0/nios2eds/bin/gnu/h-x86_64-mingw32/bin/../lib/gcc/nios2-elf/4.7.3/../../../../../H-x86_64-mingw32/nios2-elf/lib/mhw-mulx\libc.a(lib_a-makebuf.o)
                              c:/develop/altera/14.0/nios2eds/bin/gnu/h-x86_64-mingw32/bin/../lib/gcc/nios2-elf/4.7.3/../../../../../H-x86_64-mingw32/nios2-elf/lib/mhw-mulx\libc.a(lib_a-fseek.o) (__smakebuf_r)
c:/develop/altera/14.0/nios2eds/bin/gnu/h-x86_64-mingw32/bin/../lib/gcc/nios2-elf/4.7.3/../../../../../H-x86_64-mingw32/nios2-elf/lib/mhw-mulx\libc.a(lib_a-mallocr.o)
                              c:/develop/altera/14.0/nios2eds/bin/gnu/h-x86_64-mingw32/bin/../lib/gcc/nios2-elf/4.7.3/../../../../../H-x86_64-mingw32/nios2-elf/lib/mhw-mulx\libc.a(lib_a-findfp.o) (_malloc_r)
c:/develop/altera/14.0/nios2eds/bin/gnu/h-x86_64-mingw32/bin/../lib/gcc/nios2-elf/4.7.3/../../../../../H-x86_64-mingw32/nios2-elf/lib/mhw-mulx\libc.a(lib_a-memcpy.o)
                              obj/default/mmcfs/mmcfs.o (memcpy)
[...]
Memory Configuration

Name             Origin             Length             Attributes
sdram_BEFORE_EXCEPTION 0x0000000000000000 0x0000000000000020
sdram            0x0000000000000020 0x0000000001ffffe0
reset            0x000000000f000000 0x0000000000000020
ipl_memory       0x000000000f000020 0x0000000000001fe0
onchip_flash_0_data 0x000000000f100000 0x0000000000008000
*default*        0x0000000000000000 0xffffffffffffffff

Linker script and memory map

LOAD ../sodalite_filetest_bsp//obj/HAL/src/crt0.o
LOAD obj/default/file_test.o
LOAD obj/default/loadbmp.o
LOAD obj/default/mmcfs/fatfs/ff.o
LOAD obj/default/mmcfs/fatfs/mmcbb.o
LOAD obj/default/mmcfs/fatfs/option/cc932.o
LOAD obj/default/mmcfs/gettime.o
LOAD obj/default/mmcfs/mmc_spi.o
LOAD obj/default/mmcfs/mmcfs.o
LOAD obj/default/nd_lib/fontx_k12x10.o
LOAD obj/default/nd_lib/fontx_k6x10.o
LOAD obj/default/nd_lib/nd_egl.o
LOAD obj/default/testuty.o
LOAD c:/develop/altera/14.0/nios2eds/bin/gnu/h-x86_64-mingw32/bin/../lib/gcc/nios2-elf/4.7.3/../../../../../H-x86_64-mingw32/nios2-elf/lib/mhw-mulx\libstdc++.a
LOAD c:/develop/altera/14.0/nios2eds/bin/gnu/h-x86_64-mingw32/bin/../lib/gcc/nios2-elf/4.7.3/../../../../../H-x86_64-mingw32/nios2-elf/lib/mhw-mulx\libm.a
LOAD c:/develop/altera/14.0/nios2eds/bin/gnu/h-x86_64-mingw32/bin/../lib/gcc/nios2-elf/4.7.3/mhw-mulx\libgcc.a
START GROUP
LOAD c:/develop/altera/14.0/nios2eds/bin/gnu/h-x86_64-mingw32/bin/../lib/gcc/nios2-elf/4.7.3/../../../../../H-x86_64-mingw32/nios2-elf/lib/mhw-mulx\libc.a
LOAD c:/develop/altera/14.0/nios2eds/bin/gnu/h-x86_64-mingw32/bin/../lib/gcc/nios2-elf/4.7.3/mhw-mulx\libgcc.a
LOAD ../sodalite_filetest_bsp/\libhal_bsp.a
END GROUP
LOAD c:/develop/altera/14.0/nios2eds/bin/gnu/h-x86_64-mingw32/bin/../lib/gcc/nios2-elf/4.7.3/mhw-mulx\libgcc.a
                0x0000000000000000                __alt_mem_sdram = 0x0
                0x000000000f000000                __alt_mem_ipl_memory = 0xf000000
                0x000000000f100000                __alt_mem_onchip_flash_0_data = 0xf100000

.entry          0x000000000f000000       0x20
 *(.entry)
 .entry         0x000000000f000000       0x20 ../sodalite_filetest_bsp//obj/HAL/src/crt0.o
                0x000000000f000000                __reset

.exceptions     0x0000000000000020      0x16c
                0x0000000000000020                PROVIDE (__ram_exceptions_start, ABSOLUTE (.))
                0x0000000000000020                . = ALIGN (0x20)
 *(.irq)
 *(.exceptions.entry.label)
 .exceptions.entry.label
                0x0000000000000020        0x0 ../sodalite_filetest_bsp/\libhal_bsp.a(alt_irq_entry.o)
                0x0000000000000020                alt_irq_entry
 .exceptions.entry.label
                0x0000000000000020        0x0 ../sodalite_filetest_bsp/\libhal_bsp.a(alt_exception_entry.o)
                0x0000000000000020                alt_exception
 *(.exceptions.entry.user)
 *(.exceptions.entry.ecc_fatal)
 *(.exceptions.entry)
 .exceptions.entry
                0x0000000000000020       0x54 ../sodalite_filetest_bsp/\libhal_bsp.a(alt_exception_entry.o)
 *(.exceptions.irqtest.user)
 *(.exceptions.irqtest)
 .exceptions.irqtest
                0x0000000000000074       0x10 ../sodalite_filetest_bsp/\libhal_bsp.a(alt_irq_entry.o)
 *(.exceptions.irqhandler.user)
 *(.exceptions.irqhandler)
 .exceptions.irqhandler
                0x0000000000000084        0x4 ../sodalite_filetest_bsp/\libhal_bsp.a(alt_irq_entry.o)
 *(.exceptions.irqreturn.user)
 *(.exceptions.irqreturn)
 .exceptions.irqreturn
                0x0000000000000088        0x4 ../sodalite_filetest_bsp/\libhal_bsp.a(alt_irq_entry.o)
 *(.exceptions.notirq.label)
 .exceptions.notirq.label
                0x000000000000008c        0x0 ../sodalite_filetest_bsp/\libhal_bsp.a(alt_irq_entry.o)
 *(.exceptions.notirq.user)
 *(.exceptions.notirq)
 .exceptions.notirq
                0x000000000000008c        0x8 ../sodalite_filetest_bsp/\libhal_bsp.a(alt_exception_entry.o)
 *(.exceptions.soft.user)
 *(.exceptions.soft)
 *(.exceptions.unknown.user)
 *(.exceptions.unknown)
 .exceptions.unknown
                0x0000000000000094       0x14 ../sodalite_filetest_bsp/\libhal_bsp.a(alt_exception_entry.o)
 *(.exceptions.exit.label)
 .exceptions.exit.label
                0x00000000000000a8        0x0 ../sodalite_filetest_bsp/\libhal_bsp.a(alt_irq_entry.o)
 .exceptions.exit.label
                0x00000000000000a8        0x0 ../sodalite_filetest_bsp/\libhal_bsp.a(alt_exception_entry.o)
 *(.exceptions.exit.user)
 *(.exceptions.exit)
 .exceptions.exit
                0x00000000000000a8       0x54 ../sodalite_filetest_bsp/\libhal_bsp.a(alt_exception_entry.o)
 *(.exceptions)
 .exceptions    0x00000000000000fc       0x64 ../sodalite_filetest_bsp/\libhal_bsp.a(alt_irq_handler.o)
                0x00000000000000fc                alt_irq_handler
 .exceptions    0x0000000000000160       0x2c ../sodalite_filetest_bsp/\libhal_bsp.a(alt_instruction_exception_entry.o)
                0x0000000000000160                alt_instruction_exception_entry
                0x000000000000018c                PROVIDE (__ram_exceptions_end, ABSOLUTE (.))
                0x0000000000000020                PROVIDE (__flash_exceptions_start, LOADADDR (.exceptions))

.text           0x000000000000018c    0x12bfc
                0x000000000000018c                PROVIDE (stext, ABSOLUTE (.))
 *(.interp)
 *(.hash)
 *(.dynsym)
 *(.dynstr)
 *(.gnu.version)
 *(.gnu.version_d)
 *(.gnu.version_r)
 *(.rel.init)
 *(.rela.init)
 *(.rel.text .rel.text.* .rel.gnu.linkonce.t.*)
 *(.rela.text .rela.text.* .rela.gnu.linkonce.t.*)
 *(.rel.fini)
 *(.rela.fini)
 *(.rel.rodata .rel.rodata.* .rel.gnu.linkonce.r.*)
 *(.rela.rodata .rela.rodata.* .rela.gnu.linkonce.r.*)
 *(.rel.data .rel.data.* .rel.gnu.linkonce.d.*)
 *(.rela.data .rela.data.* .rela.gnu.linkonce.d.*)
 *(.rel.tdata .rel.tdata.* .rel.gnu.linkonce.td.*)
 *(.rela.tdata .rela.tdata.* .rela.gnu.linkonce.td.*)
 *(.rel.tbss .rel.tbss.* .rel.gnu.linkonce.tb.*)
 *(.rela.tbss .rela.tbss.* .rela.gnu.linkonce.tb.*)
 *(.rel.ctors)
 *(.rela.ctors)
 *(.rel.dtors)
 *(.rela.dtors)
 *(.rel.got)
 *(.rela.got)
 *(.rel.sdata .rel.sdata.* .rel.gnu.linkonce.s.*)
 *(.rela.sdata .rela.sdata.* .rela.gnu.linkonce.s.*)
 *(.rel.sbss .rel.sbss.* .rel.gnu.linkonce.sb.*)
 *(.rela.sbss .rela.sbss.* .rela.gnu.linkonce.sb.*)
 *(.rel.sdata2 .rel.sdata2.* .rel.gnu.linkonce.s2.*)
 *(.rela.sdata2 .rela.sdata2.* .rela.gnu.linkonce.s2.*)
 *(.rel.sbss2 .rel.sbss2.* .rel.gnu.linkonce.sb2.*)
 *(.rela.sbss2 .rela.sbss2.* .rela.gnu.linkonce.sb2.*)
 *(.rel.bss .rel.bss.* .rel.gnu.linkonce.b.*)
 *(.rela.bss .rela.bss.* .rela.gnu.linkonce.b.*)
 *(.rel.plt)
 *(.rela.plt)
 *(.rel.dyn)
 *(.init)
 *(.plt)
 *(.text .stub .text.* .gnu.linkonce.t.*)
 .text          0x000000000000018c       0x4c ../sodalite_filetest_bsp//obj/HAL/src/crt0.o
                0x000000000000018c                _start
 .text          0x00000000000001d8        0x4 obj/default/file_test.o
                0x00000000000001d8                nd_halt
 .text.startup  0x00000000000001dc      0x150 obj/default/file_test.o
                0x00000000000001dc                main
 .text          0x000000000000032c      0x34c obj/default/loadbmp.o
                0x000000000000032c                loadbmp
 .text          0x0000000000000678     0x3d84 obj/default/mmcfs/fatfs/ff.o
                0x00000000000010cc                clust2sect
                0x00000000000010f8                get_fat
                0x00000000000013c8                put_fat
                0x000000000000246c                gen_numname
                0x0000000000002904                f_mount
                0x0000000000002934                f_open
                0x0000000000002c00                f_read
                0x0000000000002ed8                f_write
                0x0000000000003220                f_sync
                0x0000000000003360                f_close
                0x000000000000338c                f_lseek
                0x0000000000003660                f_opendir
                0x0000000000003730                f_readdir
                0x00000000000037e8                f_stat
                0x0000000000003884                f_getfree
                0x0000000000003a70                f_truncate
                0x0000000000003bc0                f_unlink
                0x0000000000003d1c                f_mkdir
                0x0000000000004044                f_chmod
                0x000000000000411c                f_utime
                0x00000000000041f0                f_rename
 .text          0x00000000000043fc      0x9f4 obj/default/mmcfs/fatfs/mmcbb.o
                0x00000000000047ac                disk_status
                0x000000000000483c                disk_initialize
                0x0000000000004a1c                disk_read
                0x0000000000004b34                disk_write
                0x0000000000004c88                disk_ioctl
 .text          0x0000000000004df0       0xe4 obj/default/mmcfs/fatfs/option/cc932.o
                0x0000000000004df0                ff_convert
                0x0000000000004e80                ff_wtoupper
 .text          0x0000000000004ed4        0x8 obj/default/mmcfs/gettime.o
                0x0000000000004ed4                get_fattime
 .text          0x0000000000004edc      0x27c obj/default/mmcfs/mmc_spi.o
                0x0000000000004edc                mmc_spi_SetCardSelect
                0x0000000000004ef0                mmc_spi_SetCardDeselect
                0x0000000000004f08                mmc_spi_Sendbyte
                0x0000000000004f2c                mmc_spi_Recvbyte
                0x0000000000004f5c                mmc_spi_DmaRecv
                0x0000000000005070                mmc_spi_CheckCardDetect
                0x0000000000005084                mmc_spi_CheckWritePortect
                0x00000000000050ac                mmc_spi_SetIdentClock
                0x00000000000050bc                mmc_spi_SetTransClock
                0x00000000000050cc                mmc_spi_SetTimer
                0x00000000000050e0                mmc_spi_CheckTimer
                0x00000000000050f0                mmc_spi_Wait100us
                0x0000000000005110                mmc_spi_InitSocket
 .text          0x0000000000005158      0x308 obj/default/mmcfs/mmcfs.o
                0x0000000000005158                dev_mmcfs_fstat
                0x0000000000005188                dev_mmcfs_lseek
                0x00000000000051f8                dev_mmcfs_write
                0x0000000000005228                dev_mmcfs_read
                0x0000000000005258                dev_mmcfs_close
                0x00000000000052cc                dev_mmcfs_open
                0x00000000000053fc                mmcfs_setup
 .text          0x0000000000005460        0x0 obj/default/nd_lib/fontx_k12x10.o
 .text          0x0000000000005460        0x0 obj/default/nd_lib/fontx_k6x10.o
 .text          0x0000000000005460      0xcfc obj/default/nd_lib/nd_egl.o
                0x00000000000054f8                nd_GsVgaVsync_isr
                0x0000000000005530                nd_GsVgaVsync_isrenable
                0x0000000000005550                nd_GsVgaVsync_isrdisable
                0x0000000000005570                nd_GsVgaScanOn
                0x0000000000005588                nd_GsVgaScanOff
                0x00000000000055a4                nd_GsVgaSetBuffer
                0x00000000000055c0                nd_GsVgaInit
                0x00000000000055f8                nd_GsVgaWaitVsync
                0x0000000000005618                nd_GsVgaVsync_getcount
                0x0000000000005644                nd_GsVgaVsync_setcount
                0x0000000000005670                nd_GsEglPage
                0x00000000000056b0                nd_GsEglColor
                0x00000000000056c0                nd_GsEglPset
                0x000000000000578c                nd_GsEglBoxfill
                0x0000000000005908                nd_GsEglCircle
                0x0000000000005aa8                nd_GsEglLine
                0x0000000000005c08                nd_GsEglBox
                0x0000000000005c94                nd_GsEglPutcharFont
                0x0000000000005dc8                nd_GsEglPutstrFont
                0x0000000000005e94                nd_GsEglSetFont
                0x0000000000005ea0                nd_GsEglPutchar
                0x0000000000005f64                nd_GsEglPutstr
                0x0000000000005fc0                nd_GsEglPutdec
                0x000000000000609c                nd_GsEglPuthex2
                0x00000000000060ec                nd_GsEglPuthex8
 .text          0x000000000000615c      0x5b4 obj/default/testuty.o
                0x000000000000615c                systeminit
                0x0000000000006428                memdump_byte
                0x00000000000064f8                memdump_word
                0x00000000000065cc                memdump_dword
                0x00000000000066a0                memdump
                0x00000000000066c4                memcrc16
 .text          0x0000000000006710      0x130 c:/develop/altera/14.0/nios2eds/bin/gnu/h-x86_64-mingw32/bin/../lib/gcc/nios2-elf/4.7.3/mhw-mulx\libgcc.a(lib2-divmod.o)
                0x0000000000006784                __divsi3
                0x00000000000067d4                __modsi3
                0x0000000000006830                __udivsi3
                0x0000000000006838                __umodsi3
 .text          0x0000000000006840      0x150 c:/develop/altera/14.0/nios2eds/bin/gnu/h-x86_64-mingw32/bin/../lib/gcc/nios2-elf/4.7.3/../../../../../H-x86_64-mingw32/nios2-elf/lib/mhw-mulx\libc.a(lib_a-fclose.o)
                0x0000000000006840                _fclose_r
                0x000000000000697c                fclose
 .text          0x0000000000006990      0x218 c:/develop/altera/14.0/nios2eds/bin/gnu/h-x86_64-mingw32/bin/../lib/gcc/nios2-elf/4.7.3/../../../../../H-x86_64-mingw32/nios2-elf/lib/mhw-mulx\libc.a(lib_a-fflush.o)
                0x0000000000006990                _fflush_r
                0x0000000000006b78                fflush
 .text          0x0000000000006ba8      0x2d8 c:/develop/altera/14.0/nios2eds/bin/gnu/h-x86_64-mingw32/bin/../lib/gcc/nios2-elf/4.7.3/../../../../../H-x86_64-mingw32/nios2-elf/lib/mhw-mulx\libc.a(lib_a-findfp.o)
                0x0000000000006bb8                _cleanup_r
                0x0000000000006bc4                __sfmoreglue
                0x0000000000006c28                _cleanup
                0x0000000000006c38                __sinit
                0x0000000000006d44                __sfp
                0x0000000000006e40                __sfp_lock_acquire
                0x0000000000006e44                __sfp_lock_release
                0x0000000000006e48                __sinit_lock_acquire
                0x0000000000006e4c                __sinit_lock_release
                0x0000000000006e50                __fp_lock_all
                0x0000000000006e68                __fp_unlock_all
 .text          0x0000000000006e80      0x14c c:/develop/altera/14.0/nios2eds/bin/gnu/h-x86_64-mingw32/bin/../lib/gcc/nios2-elf/4.7.3/../../../../../H-x86_64-mingw32/nios2-elf/lib/mhw-mulx\libc.a(lib_a-fopen.o)
                0x0000000000006e80                _fopen_r
                0x0000000000006fb0                fopen
 .text          0x0000000000006fcc      0x26c c:/develop/altera/14.0/nios2eds/bin/gnu/h-x86_64-mingw32/bin/../lib/gcc/nios2-elf/4.7.3/../../../../../H-x86_64-mingw32/nios2-elf/lib/mhw-mulx\libc.a(lib_a-fread.o)
                0x0000000000006fcc                _fread_r
                0x00000000000071f8                fread
 .text          0x0000000000007238      0x40c c:/develop/altera/14.0/nios2eds/bin/gnu/h-x86_64-mingw32/bin/../lib/gcc/nios2-elf/4.7.3/../../../../../H-x86_64-mingw32/nios2-elf/lib/mhw-mulx\libc.a(lib_a-freer.o)
                0x0000000000007238                _malloc_trim_r
                0x0000000000007374                _free_r
 .text          0x0000000000007644      0x498 c:/develop/altera/14.0/nios2eds/bin/gnu/h-x86_64-mingw32/bin/../lib/gcc/nios2-elf/4.7.3/../../../../../H-x86_64-mingw32/nios2-elf/lib/mhw-mulx\libc.a(lib_a-fseek.o)
                0x0000000000007644                _fseek_r
                0x0000000000007ab8                fseek
 .text          0x0000000000007adc       0x68 c:/develop/altera/14.0/nios2eds/bin/gnu/h-x86_64-mingw32/bin/../lib/gcc/nios2-elf/4.7.3/../../../../../H-x86_64-mingw32/nios2-elf/lib/mhw-mulx\libc.a(lib_a-fstatr.o)
                0x0000000000007adc                _fstat_r
 .text          0x0000000000007b44      0x160 c:/develop/altera/14.0/nios2eds/bin/gnu/h-x86_64-mingw32/bin/../lib/gcc/nios2-elf/4.7.3/../../../../../H-x86_64-mingw32/nios2-elf/lib/mhw-mulx\libc.a(lib_a-fwalk.o)
                0x0000000000007b44                _fwalk
                0x0000000000007bec                _fwalk_reent
 .text          0x0000000000007ca4        0x0 c:/develop/altera/14.0/nios2eds/bin/gnu/h-x86_64-mingw32/bin/../lib/gcc/nios2-elf/4.7.3/../../../../../H-x86_64-mingw32/nios2-elf/lib/mhw-mulx\libc.a(lib_a-impure.o)
 .text          0x0000000000007ca4        0x0 c:/develop/altera/14.0/nios2eds/bin/gnu/h-x86_64-mingw32/bin/../lib/gcc/nios2-elf/4.7.3/../../../../../H-x86_64-mingw32/nios2-elf/lib/mhw-mulx\libc.a(lib_a-int_errno.o)
 .text          0x0000000000007ca4      0x1a8 c:/develop/altera/14.0/nios2eds/bin/gnu/h-x86_64-mingw32/bin/../lib/gcc/nios2-elf/4.7.3/../../../../../H-x86_64-mingw32/nios2-elf/lib/mhw-mulx\libc.a(lib_a-makebuf.o)
                0x0000000000007ca4                __smakebuf_r
 .text          0x0000000000007e4c      0x784 c:/develop/altera/14.0/nios2eds/bin/gnu/h-x86_64-mingw32/bin/../lib/gcc/nios2-elf/4.7.3/../../../../../H-x86_64-mingw32/nios2-elf/lib/mhw-mulx\libc.a(lib_a-mallocr.o)
                0x0000000000007e4c                _malloc_r
 .text          0x00000000000085d0       0xf8 c:/develop/altera/14.0/nios2eds/bin/gnu/h-x86_64-mingw32/bin/../lib/gcc/nios2-elf/4.7.3/../../../../../H-x86_64-mingw32/nios2-elf/lib/mhw-mulx\libc.a(lib_a-memcpy.o)
                0x00000000000085d0                memcpy
 .text          0x00000000000086c8       0xdc c:/develop/altera/14.0/nios2eds/bin/gnu/h-x86_64-mingw32/bin/../lib/gcc/nios2-elf/4.7.3/../../../../../H-x86_64-mingw32/nios2-elf/lib/mhw-mulx\libc.a(lib_a-memset.o)
                0x00000000000086c8                memset
 .text          0x00000000000087a4       0x6c c:/develop/altera/14.0/nios2eds/bin/gnu/h-x86_64-mingw32/bin/../lib/gcc/nios2-elf/4.7.3/../../../../../H-x86_64-mingw32/nios2-elf/lib/mhw-mulx\libc.a(lib_a-openr.o)
                0x00000000000087a4                _open_r
 .text          0x0000000000008810       0x68 c:/develop/altera/14.0/nios2eds/bin/gnu/h-x86_64-mingw32/bin/../lib/gcc/nios2-elf/4.7.3/../../../../../H-x86_64-mingw32/nios2-elf/lib/mhw-mulx\libc.a(lib_a-printf.o)
                0x0000000000008810                _printf_r
                0x000000000000883c                printf
 .text          0x0000000000008878       0x24 c:/develop/altera/14.0/nios2eds/bin/gnu/h-x86_64-mingw32/bin/../lib/gcc/nios2-elf/4.7.3/../../../../../H-x86_64-mingw32/nios2-elf/lib/mhw-mulx\libc.a(lib_a-putchar.o)
                0x0000000000008878                _putchar_r
                0x0000000000008880                putchar
 .text          0x000000000000889c       0x98 c:/develop/altera/14.0/nios2eds/bin/gnu/h-x86_64-mingw32/bin/../lib/gcc/nios2-elf/4.7.3/../../../../../H-x86_64-mingw32/nios2-elf/lib/mhw-mulx\libc.a(lib_a-puts.o)
                0x000000000000889c                _puts_r
                0x0000000000008920                puts
 .text          0x0000000000008934      0x208 c:/develop/altera/14.0/nios2eds/bin/gnu/h-x86_64-mingw32/bin/../lib/gcc/nios2-elf/4.7.3/../../../../../H-x86_64-mingw32/nios2-elf/lib/mhw-mulx\libc.a(lib_a-refill.o)
                0x0000000000008950                __srefill_r
 .text          0x0000000000008b3c       0x64 c:/develop/altera/14.0/nios2eds/bin/gnu/h-x86_64-mingw32/bin/../lib/gcc/nios2-elf/4.7.3/../../../../../H-x86_64-mingw32/nios2-elf/lib/mhw-mulx\libc.a(lib_a-sbrkr.o)
                0x0000000000008b3c                _sbrk_r
 .text          0x0000000000008ba0      0x140 c:/develop/altera/14.0/nios2eds/bin/gnu/h-x86_64-mingw32/bin/../lib/gcc/nios2-elf/4.7.3/../../../../../H-x86_64-mingw32/nios2-elf/lib/mhw-mulx\libc.a(lib_a-stdio.o)
                0x0000000000008ba0                __sread
                0x0000000000008bf4                __swrite
                0x0000000000008c7c                __sseek
                0x0000000000008cd8                __sclose
 .text          0x0000000000008ce0       0x8c c:/develop/altera/14.0/nios2eds/bin/gnu/h-x86_64-mingw32/bin/../lib/gcc/nios2-elf/4.7.3/../../../../../H-x86_64-mingw32/nios2-elf/lib/mhw-mulx\libc.a(lib_a-strlen.o)
                0x0000000000008ce0                strlen
 .text          0x0000000000008d6c     0x1e50 c:/develop/altera/14.0/nios2eds/bin/gnu/h-x86_64-mingw32/bin/../lib/gcc/nios2-elf/4.7.3/../../../../../H-x86_64-mingw32/nios2-elf/lib/mhw-mulx\libc.a(lib_a-vfprintf.o)
                0x0000000000008da0                ___vfprintf_internal_r
                0x000000000000ab98                __vfprintf_internal
 .text          0x000000000000abbc       0x6c c:/develop/altera/14.0/nios2eds/bin/gnu/h-x86_64-mingw32/bin/../lib/gcc/nios2-elf/4.7.3/../../../../../H-x86_64-mingw32/nios2-elf/lib/mhw-mulx\libc.a(lib_a-writer.o)
                0x000000000000abbc                _write_r
 .text          0x000000000000ac28      0x174 c:/develop/altera/14.0/nios2eds/bin/gnu/h-x86_64-mingw32/bin/../lib/gcc/nios2-elf/4.7.3/../../../../../H-x86_64-mingw32/nios2-elf/lib/mhw-mulx\libc.a(lib_a-wsetup.o)
                0x000000000000ac28                __swsetup_r
 .text          0x000000000000ad9c       0x64 c:/develop/altera/14.0/nios2eds/bin/gnu/h-x86_64-mingw32/bin/../lib/gcc/nios2-elf/4.7.3/../../../../../H-x86_64-mingw32/nios2-elf/lib/mhw-mulx\libc.a(lib_a-closer.o)
                0x000000000000ad9c                _close_r
 .text          0x000000000000ae00     0x1824 c:/develop/altera/14.0/nios2eds/bin/gnu/h-x86_64-mingw32/bin/../lib/gcc/nios2-elf/4.7.3/../../../../../H-x86_64-mingw32/nios2-elf/lib/mhw-mulx\libc.a(lib_a-dtoa.o)
                0x000000000000b008                _dtoa_r
 .text          0x000000000000c624       0x98 c:/develop/altera/14.0/nios2eds/bin/gnu/h-x86_64-mingw32/bin/../lib/gcc/nios2-elf/4.7.3/../../../../../H-x86_64-mingw32/nios2-elf/lib/mhw-mulx\libc.a(lib_a-flags.o)
                0x000000000000c624                __sflags
 .text          0x000000000000c6bc      0x4e4 c:/develop/altera/14.0/nios2eds/bin/gnu/h-x86_64-mingw32/bin/../lib/gcc/nios2-elf/4.7.3/../../../../../H-x86_64-mingw32/nios2-elf/lib/mhw-mulx\libc.a(lib_a-fvwrite.o)
                0x000000000000c6bc                __sfvwrite_r
 .text          0x000000000000cba0       0x64 c:/develop/altera/14.0/nios2eds/bin/gnu/h-x86_64-mingw32/bin/../lib/gcc/nios2-elf/4.7.3/../../../../../H-x86_64-mingw32/nios2-elf/lib/mhw-mulx\libc.a(lib_a-isattyr.o)
                0x000000000000cba0                _isatty_r
 .text          0x000000000000cc04       0xdc c:/develop/altera/14.0/nios2eds/bin/gnu/h-x86_64-mingw32/bin/../lib/gcc/nios2-elf/4.7.3/../../../../../H-x86_64-mingw32/nios2-elf/lib/mhw-mulx\libc.a(lib_a-locale.o)
                0x000000000000cc04                _setlocale_r
                0x000000000000cca0                __locale_charset
                0x000000000000ccac                _localeconv_r
                0x000000000000ccb8                setlocale
                0x000000000000ccd4                localeconv
 .text          0x000000000000cce0       0x6c c:/develop/altera/14.0/nios2eds/bin/gnu/h-x86_64-mingw32/bin/../lib/gcc/nios2-elf/4.7.3/../../../../../H-x86_64-mingw32/nios2-elf/lib/mhw-mulx\libc.a(lib_a-lseekr.o)
                0x000000000000cce0                _lseek_r
 .text          0x000000000000cd4c       0xf8 c:/develop/altera/14.0/nios2eds/bin/gnu/h-x86_64-mingw32/bin/../lib/gcc/nios2-elf/4.7.3/../../../../../H-x86_64-mingw32/nios2-elf/lib/mhw-mulx\libc.a(lib_a-memchr.o)
                0x000000000000cd4c                memchr
 .text          0x000000000000ce44      0x128 c:/develop/altera/14.0/nios2eds/bin/gnu/h-x86_64-mingw32/bin/../lib/gcc/nios2-elf/4.7.3/../../../../../H-x86_64-mingw32/nios2-elf/lib/mhw-mulx\libc.a(lib_a-memmove.o)
                0x000000000000ce44                memmove
 .text          0x000000000000cf6c      0xfa8 c:/develop/altera/14.0/nios2eds/bin/gnu/h-x86_64-mingw32/bin/../lib/gcc/nios2-elf/4.7.3/../../../../../H-x86_64-mingw32/nios2-elf/lib/mhw-mulx\libc.a(lib_a-mprec.o)
                0x000000000000cf6c                _Balloc
                0x000000000000d014                _Bfree
                0x000000000000d03c                __multadd
                0x000000000000d150                __s2b
                0x000000000000d254                __hi0bits
                0x000000000000d2bc                __lo0bits
                0x000000000000d36c                __i2b
                0x000000000000d3a8                __multiply
                0x000000000000d588                __pow5mult
                0x000000000000d6b4                __lshift
                0x000000000000d810                __mcmp
                0x000000000000d868                __mdiff
                0x000000000000da10                __ulp
                0x000000000000da70                __b2d
                0x000000000000dbb8                __d2b
                0x000000000000dcfc                __ratio
                0x000000000000dda0                _mprec_log10
                0x000000000000de14                __copybits
                0x000000000000de90                __any_on
 .text          0x000000000000df14      0x1ac c:/develop/altera/14.0/nios2eds/bin/gnu/h-x86_64-mingw32/bin/../lib/gcc/nios2-elf/4.7.3/../../../../../H-x86_64-mingw32/nios2-elf/lib/mhw-mulx\libc.a(lib_a-putc.o)
                0x000000000000df14                _putc_r
                0x000000000000dfd0                putc
 .text          0x000000000000e0c0       0x6c c:/develop/altera/14.0/nios2eds/bin/gnu/h-x86_64-mingw32/bin/../lib/gcc/nios2-elf/4.7.3/../../../../../H-x86_64-mingw32/nios2-elf/lib/mhw-mulx\libc.a(lib_a-readr.o)
                0x000000000000e0c0                _read_r
 .text          0x000000000000e12c      0x5fc c:/develop/altera/14.0/nios2eds/bin/gnu/h-x86_64-mingw32/bin/../lib/gcc/nios2-elf/4.7.3/../../../../../H-x86_64-mingw32/nios2-elf/lib/mhw-mulx\libc.a(lib_a-reallocr.o)
                0x000000000000e12c                _realloc_r
 .text          0x000000000000e728       0x38 c:/develop/altera/14.0/nios2eds/bin/gnu/h-x86_64-mingw32/bin/../lib/gcc/nios2-elf/4.7.3/../../../../../H-x86_64-mingw32/nios2-elf/lib/mhw-mulx\libc.a(lib_a-s_isinfd.o)
                0x000000000000e728                __isinfd
 .text          0x000000000000e760       0x2c c:/develop/altera/14.0/nios2eds/bin/gnu/h-x86_64-mingw32/bin/../lib/gcc/nios2-elf/4.7.3/../../../../../H-x86_64-mingw32/nios2-elf/lib/mhw-mulx\libc.a(lib_a-s_isnand.o)
                0x000000000000e760                __isnand
 .text          0x000000000000e78c       0xa4 c:/develop/altera/14.0/nios2eds/bin/gnu/h-x86_64-mingw32/bin/../lib/gcc/nios2-elf/4.7.3/../../../../../H-x86_64-mingw32/nios2-elf/lib/mhw-mulx\libc.a(lib_a-strcmp.o)
                0x000000000000e78c                strcmp
 .text          0x000000000000e830      0x158 c:/develop/altera/14.0/nios2eds/bin/gnu/h-x86_64-mingw32/bin/../lib/gcc/nios2-elf/4.7.3/../../../../../H-x86_64-mingw32/nios2-elf/lib/mhw-mulx\libc.a(lib_a-wbuf.o)
                0x000000000000e830                __swbuf_r
                0x000000000000e96c                __swbuf
 .text          0x000000000000e988       0xbc c:/develop/altera/14.0/nios2eds/bin/gnu/h-x86_64-mingw32/bin/../lib/gcc/nios2-elf/4.7.3/../../../../../H-x86_64-mingw32/nios2-elf/lib/mhw-mulx\libc.a(lib_a-callocr.o)
                0x000000000000e988                _calloc_r
 .text          0x000000000000ea44      0x5c8 c:/develop/altera/14.0/nios2eds/bin/gnu/h-x86_64-mingw32/bin/../lib/gcc/nios2-elf/4.7.3/mhw-mulx\libgcc.a(_udivdi3.o)
                0x000000000000ea44                __udivdi3
 .text          0x000000000000f00c      0x58c c:/develop/altera/14.0/nios2eds/bin/gnu/h-x86_64-mingw32/bin/../lib/gcc/nios2-elf/4.7.3/mhw-mulx\libgcc.a(_umoddi3.o)
                0x000000000000f00c                __umoddi3
 .text          0x000000000000f598      0x408 c:/develop/altera/14.0/nios2eds/bin/gnu/h-x86_64-mingw32/bin/../lib/gcc/nios2-elf/4.7.3/mhw-mulx\libgcc.a(_addsub_df.o)
                0x000000000000f8ec                __adddf3
                0x000000000000f940                __subdf3
 .text          0x000000000000f9a0      0x260 c:/develop/altera/14.0/nios2eds/bin/gnu/h-x86_64-mingw32/bin/../lib/gcc/nios2-elf/4.7.3/mhw-mulx\libgcc.a(_mul_df.o)
                0x000000000000f9a0                __muldf3
 .text          0x000000000000fc00      0x1b4 c:/develop/altera/14.0/nios2eds/bin/gnu/h-x86_64-mingw32/bin/../lib/gcc/nios2-elf/4.7.3/mhw-mulx\libgcc.a(_div_df.o)
                0x000000000000fc00                __divdf3
 .text          0x000000000000fdb4       0x5c c:/develop/altera/14.0/nios2eds/bin/gnu/h-x86_64-mingw32/bin/../lib/gcc/nios2-elf/4.7.3/mhw-mulx\libgcc.a(_eq_df.o)
                0x000000000000fdb4                __eqdf2
 .text          0x000000000000fe10       0x5c c:/develop/altera/14.0/nios2eds/bin/gnu/h-x86_64-mingw32/bin/../lib/gcc/nios2-elf/4.7.3/mhw-mulx\libgcc.a(_ne_df.o)
                0x000000000000fe10                __nedf2
 .text          0x000000000000fe6c       0x64 c:/develop/altera/14.0/nios2eds/bin/gnu/h-x86_64-mingw32/bin/../lib/gcc/nios2-elf/4.7.3/mhw-mulx\libgcc.a(_gt_df.o)
                0x000000000000fe6c                __gtdf2
 .text          0x000000000000fed0       0x64 c:/develop/altera/14.0/nios2eds/bin/gnu/h-x86_64-mingw32/bin/../lib/gcc/nios2-elf/4.7.3/mhw-mulx\libgcc.a(_ge_df.o)
                0x000000000000fed0                __gedf2
 .text          0x000000000000ff34       0x5c c:/develop/altera/14.0/nios2eds/bin/gnu/h-x86_64-mingw32/bin/../lib/gcc/nios2-elf/4.7.3/mhw-mulx\libgcc.a(_lt_df.o)
                0x000000000000ff34                __ltdf2
 .text          0x000000000000ff90       0xd4 c:/develop/altera/14.0/nios2eds/bin/gnu/h-x86_64-mingw32/bin/../lib/gcc/nios2-elf/4.7.3/mhw-mulx\libgcc.a(_si_to_df.o)
                0x000000000000ff90                __floatsidf
 .text          0x0000000000010064       0xc4 c:/develop/altera/14.0/nios2eds/bin/gnu/h-x86_64-mingw32/bin/../lib/gcc/nios2-elf/4.7.3/mhw-mulx\libgcc.a(_df_to_si.o)
                0x0000000000010064                __fixdfsi
 .text          0x0000000000010128        0x0 c:/develop/altera/14.0/nios2eds/bin/gnu/h-x86_64-mingw32/bin/../lib/gcc/nios2-elf/4.7.3/mhw-mulx\libgcc.a(_thenan_df.o)
 .text          0x0000000000010128      0x11c c:/develop/altera/14.0/nios2eds/bin/gnu/h-x86_64-mingw32/bin/../lib/gcc/nios2-elf/4.7.3/mhw-mulx\libgcc.a(_usi_to_df.o)
                0x0000000000010128                __floatunsidf
 .text          0x0000000000010244        0x0 c:/develop/altera/14.0/nios2eds/bin/gnu/h-x86_64-mingw32/bin/../lib/gcc/nios2-elf/4.7.3/mhw-mulx\libgcc.a(_clz.o)
 .text          0x0000000000010244       0xac c:/develop/altera/14.0/nios2eds/bin/gnu/h-x86_64-mingw32/bin/../lib/gcc/nios2-elf/4.7.3/mhw-mulx\libgcc.a(_clzsi2.o)
                0x0000000000010244                __clzsi2
 .text          0x00000000000102f0      0x224 c:/develop/altera/14.0/nios2eds/bin/gnu/h-x86_64-mingw32/bin/../lib/gcc/nios2-elf/4.7.3/mhw-mulx\libgcc.a(_pack_df.o)
                0x00000000000102f0                __pack_d
 .text          0x0000000000010514      0x104 c:/develop/altera/14.0/nios2eds/bin/gnu/h-x86_64-mingw32/bin/../lib/gcc/nios2-elf/4.7.3/mhw-mulx\libgcc.a(_unpack_df.o)
                0x0000000000010514                __unpack_d
 .text          0x0000000000010618       0xd0 c:/develop/altera/14.0/nios2eds/bin/gnu/h-x86_64-mingw32/bin/../lib/gcc/nios2-elf/4.7.3/mhw-mulx\libgcc.a(_fpcmp_parts_df.o)
                0x0000000000010618                __fpcmp_parts_d
 .text          0x00000000000106e8       0x44 c:/develop/altera/14.0/nios2eds/bin/gnu/h-x86_64-mingw32/bin/../lib/gcc/nios2-elf/4.7.3/mhw-mulx\libgcc.a(_lshrdi3.o)
                0x00000000000106e8                __lshrdi3
 .text          0x000000000001072c       0x44 c:/develop/altera/14.0/nios2eds/bin/gnu/h-x86_64-mingw32/bin/../lib/gcc/nios2-elf/4.7.3/mhw-mulx\libgcc.a(_ashldi3.o)
                0x000000000001072c                __ashldi3
 .text          0x0000000000010770       0xe0 ../sodalite_filetest_bsp/\libhal_bsp.a(alt_close.o)
                0x0000000000010770                close
 .text          0x0000000000010850        0x8 ../sodalite_filetest_bsp/\libhal_bsp.a(alt_dev.o)
 .text          0x0000000000010858        0x0 ../sodalite_filetest_bsp/\libhal_bsp.a(alt_errno.o)
 .text          0x0000000000010858       0x38 ../sodalite_filetest_bsp/\libhal_bsp.a(alt_fs_reg.o)
                0x0000000000010858                alt_fs_reg
 .text          0x0000000000010890       0x7c ../sodalite_filetest_bsp/\libhal_bsp.a(alt_fstat.o)
                0x0000000000010890                fstat
 .text          0x000000000001090c       0x8c ../sodalite_filetest_bsp/\libhal_bsp.a(alt_isatty.o)
                0x000000000001090c                isatty
 .text          0x0000000000010998      0x114 ../sodalite_filetest_bsp/\libhal_bsp.a(alt_load.o)
                0x0000000000010998                alt_load
 .text          0x0000000000010aac       0x84 ../sodalite_filetest_bsp/\libhal_bsp.a(alt_lseek.o)
                0x0000000000010aac                lseek
 .text          0x0000000000010b30       0x60 ../sodalite_filetest_bsp/\libhal_bsp.a(alt_main.o)
                0x0000000000010b30                alt_main
 .text          0x0000000000010b90        0x8 ../sodalite_filetest_bsp/\libhal_bsp.a(alt_malloc_lock.o)
                0x0000000000010b90                __malloc_lock
                0x0000000000010b94                __malloc_unlock
 .text          0x0000000000010b98      0x17c ../sodalite_filetest_bsp/\libhal_bsp.a(alt_open.o)
                0x0000000000010b98                open
 .text          0x0000000000010d14       0xec ../sodalite_filetest_bsp/\libhal_bsp.a(alt_read.o)
                0x0000000000010d14                read
 .text          0x0000000000010e00       0x24 ../sodalite_filetest_bsp/\libhal_bsp.a(alt_release_fd.o)
                0x0000000000010e00                alt_release_fd
 .text          0x0000000000010e24       0x4c ../sodalite_filetest_bsp/\libhal_bsp.a(alt_sbrk.o)
                0x0000000000010e24                sbrk
 .text          0x0000000000010e70       0x5c ../sodalite_filetest_bsp/\libhal_bsp.a(alt_uncached_malloc.o)
                0x0000000000010e70                alt_uncached_malloc
 .text          0x0000000000010ecc        0x4 ../sodalite_filetest_bsp/\libhal_bsp.a(alt_usleep.o)
                0x0000000000010ecc                usleep
 .text          0x0000000000010ed0       0xe8 ../sodalite_filetest_bsp/\libhal_bsp.a(alt_write.o)
                0x0000000000010ed0                write
 .text          0x0000000000010fb8       0x90 ../sodalite_filetest_bsp/\libhal_bsp.a(alt_sys_init.o)
                0x0000000000010fb8                alt_irq_init
                0x0000000000010fd8                alt_sys_init
 .text          0x0000000000011048       0x3c ../sodalite_filetest_bsp/\libhal_bsp.a(altera_avalon_jtag_uart_fd.o)
                0x0000000000011048                altera_avalon_jtag_uart_read_fd
                0x0000000000011058                altera_avalon_jtag_uart_write_fd
                0x0000000000011068                altera_avalon_jtag_uart_close_fd
                0x0000000000011078                altera_avalon_jtag_uart_ioctl_fd
 .text          0x0000000000011084      0x214 ../sodalite_filetest_bsp/\libhal_bsp.a(altera_avalon_jtag_uart_init.o)
                0x00000000000111e4                altera_avalon_jtag_uart_init
                0x0000000000011264                altera_avalon_jtag_uart_close
 .text          0x0000000000011298       0x74 ../sodalite_filetest_bsp/\libhal_bsp.a(altera_avalon_jtag_uart_ioctl.o)
                0x0000000000011298                altera_avalon_jtag_uart_ioctl
 .text          0x000000000001130c      0x134 ../sodalite_filetest_bsp/\libhal_bsp.a(altera_avalon_jtag_uart_read.o)
                0x000000000001130c                altera_avalon_jtag_uart_read
 .text          0x0000000000011440      0x184 ../sodalite_filetest_bsp/\libhal_bsp.a(altera_avalon_jtag_uart_write.o)
                0x0000000000011440                altera_avalon_jtag_uart_write
 .text          0x00000000000115c4       0x8c ../sodalite_filetest_bsp/\libhal_bsp.a(altera_avalon_timer_sc.o)
                0x0000000000011600                alt_avalon_timer_sc_init
 .text          0x0000000000011650       0x10 ../sodalite_filetest_bsp/\libhal_bsp.a(altera_modular_adc.o)
                0x0000000000011650                altera_modular_adc_init
                0x0000000000011658                altera_modular_adc_open
 .text          0x0000000000011660      0x94c ../sodalite_filetest_bsp/\libhal_bsp.a(altera_onchip_flash.o)
                0x0000000000011660                alt_onchip_flash_read
                0x00000000000116e4                alt_onchip_flash_get_info
                0x000000000001172c                alt_onchip_flash_erase_block
                0x000000000001186c                alt_onchip_flash_write_block
                0x0000000000011a7c                alt_onchip_flash_write
                0x0000000000011c50                altera_onchip_flash_init
                0x0000000000011f10                alt_onchip_flash_poll_for_status_to_go_idle
                0x0000000000011f44                alt_onchip_flash_poll_for_status_erase_passed
                0x0000000000011f78                alt_onchip_flash_poll_for_status_write_passed
 .text          0x0000000000011fac       0x94 ../sodalite_filetest_bsp/\libhal_bsp.a(alt_alarm_start.o)
                0x0000000000011fac                alt_alarm_start
 .text          0x0000000000012040       0x88 ../sodalite_filetest_bsp/\libhal_bsp.a(alt_busy_sleep.o)
                0x0000000000012040                alt_busy_sleep
 .text          0x00000000000120c8       0x40 ../sodalite_filetest_bsp/\libhal_bsp.a(alt_dcache_flush.o)
                0x00000000000120c8                alt_dcache_flush
 .text          0x0000000000012108       0x18 ../sodalite_filetest_bsp/\libhal_bsp.a(alt_dcache_flush_all.o)
                0x0000000000012108                alt_dcache_flush_all
 .text          0x0000000000012120       0x6c ../sodalite_filetest_bsp/\libhal_bsp.a(alt_dev_llist_insert.o)
                0x0000000000012120                alt_dev_llist_insert
 .text          0x000000000001218c       0x64 ../sodalite_filetest_bsp/\libhal_bsp.a(alt_do_ctors.o)
                0x000000000001218c                _do_ctors
 .text          0x00000000000121f0       0x64 ../sodalite_filetest_bsp/\libhal_bsp.a(alt_do_dtors.o)
                0x00000000000121f0                _do_dtors
 .text          0x0000000000012254       0x94 ../sodalite_filetest_bsp/\libhal_bsp.a(alt_find_dev.o)
                0x0000000000012254                alt_find_dev
 .text          0x00000000000122e8       0xac ../sodalite_filetest_bsp/\libhal_bsp.a(alt_find_file.o)
                0x00000000000122e8                alt_find_file
 .text          0x0000000000012394       0x60 ../sodalite_filetest_bsp/\libhal_bsp.a(alt_flash_dev.o)
                0x0000000000012394                alt_flash_open_dev
                0x00000000000123e0                alt_flash_close_dev
 .text          0x00000000000123f4       0x58 ../sodalite_filetest_bsp/\libhal_bsp.a(alt_get_fd.o)
                0x00000000000123f4                alt_get_fd
 .text          0x000000000001244c        0xc ../sodalite_filetest_bsp/\libhal_bsp.a(alt_icache_flush_all.o)
                0x000000000001244c                alt_icache_flush_all
 .text          0x0000000000012458       0x9c ../sodalite_filetest_bsp/\libhal_bsp.a(alt_iic.o)
                0x0000000000012458                alt_ic_isr_register
                0x000000000001245c                alt_ic_irq_enable
                0x000000000001249c                alt_ic_irq_disable
                0x00000000000124dc                alt_ic_irq_enabled
 .text          0x00000000000124f4       0x68 ../sodalite_filetest_bsp/\libhal_bsp.a(alt_iic_isr_register.o)
                0x00000000000124f4                alt_iic_isr_register
 .text          0x000000000001255c       0xe8 ../sodalite_filetest_bsp/\libhal_bsp.a(alt_io_redirect.o)
                0x00000000000125cc                alt_io_redirect
 .text          0x0000000000012644        0x0 ../sodalite_filetest_bsp/\libhal_bsp.a(alt_irq_entry.o)
 .text          0x0000000000012644        0x0 ../sodalite_filetest_bsp/\libhal_bsp.a(alt_irq_handler.o)
 .text          0x0000000000012644        0x0 ../sodalite_filetest_bsp/\libhal_bsp.a(alt_irq_vars.o)
 .text          0x0000000000012644      0x128 ../sodalite_filetest_bsp/\libhal_bsp.a(alt_tick.o)
                0x0000000000012644                alt_alarm_stop
                0x0000000000012678                alt_tick
 .text          0x000000000001276c        0x8 ../sodalite_filetest_bsp/\libhal_bsp.a(altera_nios2_gen2_irq.o)
                0x000000000001276c                altera_nios2_gen2_irq_init
 .text          0x0000000000012774        0x0 ../sodalite_filetest_bsp/\libhal_bsp.a(alt_exception_entry.o)
 .text          0x0000000000012774       0x50 ../sodalite_filetest_bsp/\libhal_bsp.a(alt_icache_flush.o)
                0x0000000000012774                alt_icache_flush
 .text          0x00000000000127c4       0x30 ../sodalite_filetest_bsp/\libhal_bsp.a(alt_instruction_exception_entry.o)
                0x00000000000127c4                alt_exception_cause_generated_bad_addr
 .text          0x00000000000127f4       0x14 c:/develop/altera/14.0/nios2eds/bin/gnu/h-x86_64-mingw32/bin/../lib/gcc/nios2-elf/4.7.3/../../../../../H-x86_64-mingw32/nios2-elf/lib/mhw-mulx\libc.a(lib_a-atexit.o)
                0x00000000000127f4                atexit
 .text          0x0000000000012808       0x38 c:/develop/altera/14.0/nios2eds/bin/gnu/h-x86_64-mingw32/bin/../lib/gcc/nios2-elf/4.7.3/../../../../../H-x86_64-mingw32/nios2-elf/lib/mhw-mulx\libc.a(lib_a-exit.o)
                0x0000000000012808                exit
 .text          0x0000000000012840       0x1c c:/develop/altera/14.0/nios2eds/bin/gnu/h-x86_64-mingw32/bin/../lib/gcc/nios2-elf/4.7.3/../../../../../H-x86_64-mingw32/nios2-elf/lib/mhw-mulx\libc.a(lib_a-malign.o)
                0x0000000000012840                memalign
 .text          0x000000000001285c      0x1cc c:/develop/altera/14.0/nios2eds/bin/gnu/h-x86_64-mingw32/bin/../lib/gcc/nios2-elf/4.7.3/../../../../../H-x86_64-mingw32/nios2-elf/lib/mhw-mulx\libc.a(lib_a-malignr.o)
                0x000000000001285c                _memalign_r
 .text          0x0000000000012a28       0x7c c:/develop/altera/14.0/nios2eds/bin/gnu/h-x86_64-mingw32/bin/../lib/gcc/nios2-elf/4.7.3/../../../../../H-x86_64-mingw32/nios2-elf/lib/mhw-mulx\libc.a(lib_a-memcmp.o)
                0x0000000000012a28                memcmp
 .text          0x0000000000012aa4      0x130 c:/develop/altera/14.0/nios2eds/bin/gnu/h-x86_64-mingw32/bin/../lib/gcc/nios2-elf/4.7.3/../../../../../H-x86_64-mingw32/nios2-elf/lib/mhw-mulx\libc.a(lib_a-__atexit.o)
                0x0000000000012aa4                __register_exitproc
 .text          0x0000000000012bd4      0x1a0 c:/develop/altera/14.0/nios2eds/bin/gnu/h-x86_64-mingw32/bin/../lib/gcc/nios2-elf/4.7.3/../../../../../H-x86_64-mingw32/nios2-elf/lib/mhw-mulx\libc.a(lib_a-__call_atexit.o)
                0x0000000000012bd4                __call_exitprocs
 .text          0x0000000000012d74       0x14 ../sodalite_filetest_bsp/\libhal_bsp.a(alt_exit.o)
                0x0000000000012d74                _exit
 *(.gnu.warning.*)
 *(.fini)
                0x0000000000012d88                PROVIDE (__etext, ABSOLUTE (.))
                0x0000000000012d88                PROVIDE (_etext, ABSOLUTE (.))
                0x0000000000012d88                PROVIDE (etext, ABSOLUTE (.))
 *(.eh_frame_hdr)
                0x0000000000012d88                . = ALIGN (0x4)
                0x0000000000012d88                PROVIDE (__preinit_array_start, ABSOLUTE (.))
 *(.preinit_array)
                0x0000000000012d88                PROVIDE (__preinit_array_end, ABSOLUTE (.))
                0x0000000000012d88                PROVIDE (__init_array_start, ABSOLUTE (.))
 *(.init_array)
                0x0000000000012d88                PROVIDE (__init_array_end, ABSOLUTE (.))
                0x0000000000012d88                PROVIDE (__fini_array_start, ABSOLUTE (.))
 *(.fini_array)
                0x0000000000012d88                PROVIDE (__fini_array_end, ABSOLUTE (.))
 *(.eh_frame)
 *(.gcc_except_table .gcc_except_table.*)
 *(.dynamic)
                0x0000000000012d88                PROVIDE (__CTOR_LIST__, ABSOLUTE (.))
 *(.ctors)
 *(SORT(.ctors.*))
                0x0000000000012d88                PROVIDE (__CTOR_END__, ABSOLUTE (.))
                0x0000000000012d88                PROVIDE (__DTOR_LIST__, ABSOLUTE (.))
 *(.dtors)
 *(SORT(.dtors.*))
                0x0000000000012d88                PROVIDE (__DTOR_END__, ABSOLUTE (.))
 *(.jcr)
                0x0000000000012d88                . = ALIGN (0x4)

.rodata         0x0000000000012d88    0x323d4
                0x0000000000012d88                PROVIDE (__ram_rodata_start, ABSOLUTE (.))
                0x0000000000012d88                . = ALIGN (0x4)
 *(.rodata .rodata.* .gnu.linkonce.r.*)
 .rodata.str1.4
                0x0000000000012d88       0x6a obj/default/file_test.o
                                         0x6c (size before relaxing)
 *fill*         0x0000000000012df2        0x2 
 .rodata.str1.4
                0x0000000000012df4       0x8d obj/default/loadbmp.o
                                         0x90 (size before relaxing)
 *fill*         0x0000000000012e81        0x3 
 .rodata.str1.4
                0x0000000000012e84       0x13 obj/default/mmcfs/fatfs/ff.o
                                         0x14 (size before relaxing)
 .rodata        0x0000000000012e97        0xd obj/default/mmcfs/fatfs/ff.o
 .rodata        0x0000000000012ea4     0xeab0 obj/default/mmcfs/fatfs/option/cc932.o
 .rodata.str1.4
                0x0000000000021954        0x7 obj/default/mmcfs/mmcfs.o
                                          0x8 (size before relaxing)
 *fill*         0x000000000002195b        0x1 
 .rodata        0x000000000002195c    0x2216c obj/default/nd_lib/fontx_k12x10.o
                0x000000000002195c                fontx_k12x10_fnt
 .rodata        0x0000000000043ac8      0xa14 obj/default/nd_lib/fontx_k6x10.o
                0x0000000000043ac8                fontx_k6x10_fnt
 .rodata        0x00000000000444dc      0x400 obj/default/nd_lib/nd_egl.o
                0x00000000000444dc                nd_GsEglRomFont
 .rodata.str1.4
                0x00000000000448dc      0x2f6 obj/default/testuty.o
                                        0x2fc (size before relaxing)
 .rodata        0x0000000000044bd2      0x200 obj/default/testuty.o
 *fill*         0x0000000000044dd2        0x2 
 .rodata.str1.4
                0x0000000000044dd4        0x2 c:/develop/altera/14.0/nios2eds/bin/gnu/h-x86_64-mingw32/bin/../lib/gcc/nios2-elf/4.7.3/../../../../../H-x86_64-mingw32/nios2-elf/lib/mhw-mulx\libc.a(lib_a-impure.o)
                                          0x4 (size before relaxing)
 .rodata.str1.4
                0x0000000000000000        0x4 c:/develop/altera/14.0/nios2eds/bin/gnu/h-x86_64-mingw32/bin/../lib/gcc/nios2-elf/4.7.3/../../../../../H-x86_64-mingw32/nios2-elf/lib/mhw-mulx\libc.a(lib_a-puts.o)
 *fill*         0x0000000000044dd6        0x2 
 .rodata.str1.4
                0x0000000000044dd8       0x42 c:/develop/altera/14.0/nios2eds/bin/gnu/h-x86_64-mingw32/bin/../lib/gcc/nios2-elf/4.7.3/../../../../../H-x86_64-mingw32/nios2-elf/lib/mhw-mulx\libc.a(lib_a-vfprintf.o)
                                         0x44 (size before relaxing)
 .rodata        0x0000000000044e1a       0x20 c:/develop/altera/14.0/nios2eds/bin/gnu/h-x86_64-mingw32/bin/../lib/gcc/nios2-elf/4.7.3/../../../../../H-x86_64-mingw32/nios2-elf/lib/mhw-mulx\libc.a(lib_a-vfprintf.o)
 *fill*         0x0000000000044e3a        0x2 
 .rodata.str1.4
                0x0000000000044e3c       0x10 c:/develop/altera/14.0/nios2eds/bin/gnu/h-x86_64-mingw32/bin/../lib/gcc/nios2-elf/4.7.3/../../../../../H-x86_64-mingw32/nios2-elf/lib/mhw-mulx\libc.a(lib_a-dtoa.o)
                                         0x14 (size before relaxing)
 .rodata.str1.4
                0x0000000000044e4c        0xb c:/develop/altera/14.0/nios2eds/bin/gnu/h-x86_64-mingw32/bin/../lib/gcc/nios2-elf/4.7.3/../../../../../H-x86_64-mingw32/nios2-elf/lib/mhw-mulx\libc.a(lib_a-locale.o)
                                         0x18 (size before relaxing)
 *fill*         0x0000000000044e57        0x1 
 .rodata        0x0000000000044e58       0x30 c:/develop/altera/14.0/nios2eds/bin/gnu/h-x86_64-mingw32/bin/../lib/gcc/nios2-elf/4.7.3/../../../../../H-x86_64-mingw32/nios2-elf/lib/mhw-mulx\libc.a(lib_a-locale.o)
 .rodata        0x0000000000044e88      0x124 c:/develop/altera/14.0/nios2eds/bin/gnu/h-x86_64-mingw32/bin/../lib/gcc/nios2-elf/4.7.3/../../../../../H-x86_64-mingw32/nios2-elf/lib/mhw-mulx\libc.a(lib_a-mprec.o)
                0x0000000000044e88                __mprec_tinytens
                0x0000000000044eb0                __mprec_bigtens
                0x0000000000044ed8                __mprec_tens
 .rodata        0x0000000000044fac       0x14 c:/develop/altera/14.0/nios2eds/bin/gnu/h-x86_64-mingw32/bin/../lib/gcc/nios2-elf/4.7.3/mhw-mulx\libgcc.a(_thenan_df.o)
                0x0000000000044fac                __thenan_df
 .rodata        0x0000000000044fc0      0x100 c:/develop/altera/14.0/nios2eds/bin/gnu/h-x86_64-mingw32/bin/../lib/gcc/nios2-elf/4.7.3/mhw-mulx\libgcc.a(_clz.o)
                0x0000000000044fc0                __clz_tab
 .rodata.str1.4
                0x00000000000450c0        0xa ../sodalite_filetest_bsp/\libhal_bsp.a(alt_dev.o)
                                          0xc (size before relaxing)
 *fill*         0x00000000000450ca        0x2 
 .rodata.str1.4
                0x00000000000450cc        0xf ../sodalite_filetest_bsp/\libhal_bsp.a(alt_main.o)
                                         0x10 (size before relaxing)
 *fill*         0x00000000000450db        0x1 
 .rodata.str1.4
                0x00000000000450dc       0x40 ../sodalite_filetest_bsp/\libhal_bsp.a(alt_sys_init.o)
                                         0x50 (size before relaxing)
 .rodata        0x000000000004511c       0x40 ../sodalite_filetest_bsp/\libhal_bsp.a(alt_instruction_exception_entry.o)
 *(.rodata1)
                0x000000000004515c                . = ALIGN (0x4)
                0x000000000004515c                PROVIDE (__ram_rodata_end, ABSOLUTE (.))
                0x0000000000012d88                PROVIDE (__flash_rodata_start, LOADADDR (.rodata))

.rwdata         0x000000000004515c     0x1bc0 load address 0x0000000000046d1c
                0x000000000004515c                PROVIDE (__ram_rwdata_start, ABSOLUTE (.))
                0x000000000004515c                . = ALIGN (0x4)
 *(.got.plt)
 *(.got)
 *(.data1)
 *(.data .data.* .gnu.linkonce.d.*)
 .data          0x000000000004515c        0x0 ../sodalite_filetest_bsp//obj/HAL/src/crt0.o
 .data          0x000000000004515c        0x0 obj/default/file_test.o
 .data          0x000000000004515c        0x0 obj/default/loadbmp.o
 .data          0x000000000004515c        0x0 obj/default/mmcfs/fatfs/ff.o
 .data          0x000000000004515c        0x0 obj/default/mmcfs/fatfs/mmcbb.o
 .data          0x000000000004515c        0x0 obj/default/mmcfs/fatfs/option/cc932.o
 .data          0x000000000004515c        0x0 obj/default/mmcfs/gettime.o
 .data          0x000000000004515c        0x0 obj/default/mmcfs/mmc_spi.o
 .data          0x000000000004515c       0x28 obj/default/mmcfs/mmcfs.o
 .data          0x0000000000045184        0x0 obj/default/nd_lib/fontx_k12x10.o
 .data          0x0000000000045184        0x0 obj/default/nd_lib/fontx_k6x10.o
 .data          0x0000000000045184        0x0 obj/default/nd_lib/nd_egl.o
 .data          0x0000000000045184        0x0 obj/default/testuty.o
 .data          0x0000000000045184        0x0 c:/develop/altera/14.0/nios2eds/bin/gnu/h-x86_64-mingw32/bin/../lib/gcc/nios2-elf/4.7.3/mhw-mulx\libgcc.a(lib2-divmod.o)
 .data          0x0000000000045184        0x0 c:/develop/altera/14.0/nios2eds/bin/gnu/h-x86_64-mingw32/bin/../lib/gcc/nios2-elf/4.7.3/../../../../../H-x86_64-mingw32/nios2-elf/lib/mhw-mulx\libc.a(lib_a-fclose.o)
 .data          0x0000000000045184        0x0 c:/develop/altera/14.0/nios2eds/bin/gnu/h-x86_64-mingw32/bin/../lib/gcc/nios2-elf/4.7.3/../../../../../H-x86_64-mingw32/nios2-elf/lib/mhw-mulx\libc.a(lib_a-fflush.o)
 .data          0x0000000000045184        0x0 c:/develop/altera/14.0/nios2eds/bin/gnu/h-x86_64-mingw32/bin/../lib/gcc/nios2-elf/4.7.3/../../../../../H-x86_64-mingw32/nios2-elf/lib/mhw-mulx\libc.a(lib_a-findfp.o)
 .data          0x0000000000045184        0x0 c:/develop/altera/14.0/nios2eds/bin/gnu/h-x86_64-mingw32/bin/../lib/gcc/nios2-elf/4.7.3/../../../../../H-x86_64-mingw32/nios2-elf/lib/mhw-mulx\libc.a(lib_a-fopen.o)
 .data          0x0000000000045184        0x0 c:/develop/altera/14.0/nios2eds/bin/gnu/h-x86_64-mingw32/bin/../lib/gcc/nios2-elf/4.7.3/../../../../../H-x86_64-mingw32/nios2-elf/lib/mhw-mulx\libc.a(lib_a-fread.o)
 .data          0x0000000000045184        0x0 c:/develop/altera/14.0/nios2eds/bin/gnu/h-x86_64-mingw32/bin/../lib/gcc/nios2-elf/4.7.3/../../../../../H-x86_64-mingw32/nios2-elf/lib/mhw-mulx\libc.a(lib_a-freer.o)
 .data          0x0000000000045184        0x0 c:/develop/altera/14.0/nios2eds/bin/gnu/h-x86_64-mingw32/bin/../lib/gcc/nios2-elf/4.7.3/../../../../../H-x86_64-mingw32/nios2-elf/lib/mhw-mulx\libc.a(lib_a-fseek.o)
 .data          0x0000000000045184        0x0 c:/develop/altera/14.0/nios2eds/bin/gnu/h-x86_64-mingw32/bin/../lib/gcc/nios2-elf/4.7.3/../../../../../H-x86_64-mingw32/nios2-elf/lib/mhw-mulx\libc.a(lib_a-fstatr.o)
 .data          0x0000000000045184        0x0 c:/develop/altera/14.0/nios2eds/bin/gnu/h-x86_64-mingw32/bin/../lib/gcc/nios2-elf/4.7.3/../../../../../H-x86_64-mingw32/nios2-elf/lib/mhw-mulx\libc.a(lib_a-fwalk.o)
 .data          0x0000000000045184      0x400 c:/develop/altera/14.0/nios2eds/bin/gnu/h-x86_64-mingw32/bin/../lib/gcc/nios2-elf/4.7.3/../../../../../H-x86_64-mingw32/nios2-elf/lib/mhw-mulx\libc.a(lib_a-impure.o)
 .data          0x0000000000045584        0x0 c:/develop/altera/14.0/nios2eds/bin/gnu/h-x86_64-mingw32/bin/../lib/gcc/nios2-elf/4.7.3/../../../../../H-x86_64-mingw32/nios2-elf/lib/mhw-mulx\libc.a(lib_a-int_errno.o)
 .data          0x0000000000045584        0x0 c:/develop/altera/14.0/nios2eds/bin/gnu/h-x86_64-mingw32/bin/../lib/gcc/nios2-elf/4.7.3/../../../../../H-x86_64-mingw32/nios2-elf/lib/mhw-mulx\libc.a(lib_a-makebuf.o)
 .data          0x0000000000045584      0x408 c:/develop/altera/14.0/nios2eds/bin/gnu/h-x86_64-mingw32/bin/../lib/gcc/nios2-elf/4.7.3/../../../../../H-x86_64-mingw32/nios2-elf/lib/mhw-mulx\libc.a(lib_a-mallocr.o)
                0x0000000000045584                __malloc_av_
 .data          0x000000000004598c        0x0 c:/develop/altera/14.0/nios2eds/bin/gnu/h-x86_64-mingw32/bin/../lib/gcc/nios2-elf/4.7.3/../../../../../H-x86_64-mingw32/nios2-elf/lib/mhw-mulx\libc.a(lib_a-memcpy.o)
 .data          0x000000000004598c        0x0 c:/develop/altera/14.0/nios2eds/bin/gnu/h-x86_64-mingw32/bin/../lib/gcc/nios2-elf/4.7.3/../../../../../H-x86_64-mingw32/nios2-elf/lib/mhw-mulx\libc.a(lib_a-memset.o)
 .data          0x000000000004598c        0x0 c:/develop/altera/14.0/nios2eds/bin/gnu/h-x86_64-mingw32/bin/../lib/gcc/nios2-elf/4.7.3/../../../../../H-x86_64-mingw32/nios2-elf/lib/mhw-mulx\libc.a(lib_a-openr.o)
 .data          0x000000000004598c        0x0 c:/develop/altera/14.0/nios2eds/bin/gnu/h-x86_64-mingw32/bin/../lib/gcc/nios2-elf/4.7.3/../../../../../H-x86_64-mingw32/nios2-elf/lib/mhw-mulx\libc.a(lib_a-printf.o)
 .data          0x000000000004598c        0x0 c:/develop/altera/14.0/nios2eds/bin/gnu/h-x86_64-mingw32/bin/../lib/gcc/nios2-elf/4.7.3/../../../../../H-x86_64-mingw32/nios2-elf/lib/mhw-mulx\libc.a(lib_a-putchar.o)
 .data          0x000000000004598c        0x0 c:/develop/altera/14.0/nios2eds/bin/gnu/h-x86_64-mingw32/bin/../lib/gcc/nios2-elf/4.7.3/../../../../../H-x86_64-mingw32/nios2-elf/lib/mhw-mulx\libc.a(lib_a-puts.o)
 .data          0x000000000004598c        0x0 c:/develop/altera/14.0/nios2eds/bin/gnu/h-x86_64-mingw32/bin/../lib/gcc/nios2-elf/4.7.3/../../../../../H-x86_64-mingw32/nios2-elf/lib/mhw-mulx\libc.a(lib_a-refill.o)
 .data          0x000000000004598c        0x0 c:/develop/altera/14.0/nios2eds/bin/gnu/h-x86_64-mingw32/bin/../lib/gcc/nios2-elf/4.7.3/../../../../../H-x86_64-mingw32/nios2-elf/lib/mhw-mulx\libc.a(lib_a-sbrkr.o)
 .data          0x000000000004598c        0x0 c:/develop/altera/14.0/nios2eds/bin/gnu/h-x86_64-mingw32/bin/../lib/gcc/nios2-elf/4.7.3/../../../../../H-x86_64-mingw32/nios2-elf/lib/mhw-mulx\libc.a(lib_a-stdio.o)
 .data          0x000000000004598c        0x0 c:/develop/altera/14.0/nios2eds/bin/gnu/h-x86_64-mingw32/bin/../lib/gcc/nios2-elf/4.7.3/../../../../../H-x86_64-mingw32/nios2-elf/lib/mhw-mulx\libc.a(lib_a-strlen.o)
 .data          0x000000000004598c        0x0 c:/develop/altera/14.0/nios2eds/bin/gnu/h-x86_64-mingw32/bin/../lib/gcc/nios2-elf/4.7.3/../../../../../H-x86_64-mingw32/nios2-elf/lib/mhw-mulx\libc.a(lib_a-vfprintf.o)
 .data          0x000000000004598c        0x0 c:/develop/altera/14.0/nios2eds/bin/gnu/h-x86_64-mingw32/bin/../lib/gcc/nios2-elf/4.7.3/../../../../../H-x86_64-mingw32/nios2-elf/lib/mhw-mulx\libc.a(lib_a-writer.o)
 .data          0x000000000004598c        0x0 c:/develop/altera/14.0/nios2eds/bin/gnu/h-x86_64-mingw32/bin/../lib/gcc/nios2-elf/4.7.3/../../../../../H-x86_64-mingw32/nios2-elf/lib/mhw-mulx\libc.a(lib_a-wsetup.o)
 .data          0x000000000004598c        0x0 c:/develop/altera/14.0/nios2eds/bin/gnu/h-x86_64-mingw32/bin/../lib/gcc/nios2-elf/4.7.3/../../../../../H-x86_64-mingw32/nios2-elf/lib/mhw-mulx\libc.a(lib_a-closer.o)
 .data          0x000000000004598c        0x0 c:/develop/altera/14.0/nios2eds/bin/gnu/h-x86_64-mingw32/bin/../lib/gcc/nios2-elf/4.7.3/../../../../../H-x86_64-mingw32/nios2-elf/lib/mhw-mulx\libc.a(lib_a-dtoa.o)
 .data          0x000000000004598c        0x0 c:/develop/altera/14.0/nios2eds/bin/gnu/h-x86_64-mingw32/bin/../lib/gcc/nios2-elf/4.7.3/../../../../../H-x86_64-mingw32/nios2-elf/lib/mhw-mulx\libc.a(lib_a-flags.o)
 .data          0x000000000004598c        0x0 c:/develop/altera/14.0/nios2eds/bin/gnu/h-x86_64-mingw32/bin/../lib/gcc/nios2-elf/4.7.3/../../../../../H-x86_64-mingw32/nios2-elf/lib/mhw-mulx\libc.a(lib_a-fvwrite.o)
 .data          0x000000000004598c        0x0 c:/develop/altera/14.0/nios2eds/bin/gnu/h-x86_64-mingw32/bin/../lib/gcc/nios2-elf/4.7.3/../../../../../H-x86_64-mingw32/nios2-elf/lib/mhw-mulx\libc.a(lib_a-isattyr.o)
 .data          0x000000000004598c        0xc c:/develop/altera/14.0/nios2eds/bin/gnu/h-x86_64-mingw32/bin/../lib/gcc/nios2-elf/4.7.3/../../../../../H-x86_64-mingw32/nios2-elf/lib/mhw-mulx\libc.a(lib_a-locale.o)
                0x000000000004598c                __lc_ctype
 .data          0x0000000000045998        0x0 c:/develop/altera/14.0/nios2eds/bin/gnu/h-x86_64-mingw32/bin/../lib/gcc/nios2-elf/4.7.3/../../../../../H-x86_64-mingw32/nios2-elf/lib/mhw-mulx\libc.a(lib_a-lseekr.o)
 .data          0x0000000000045998        0x0 c:/develop/altera/14.0/nios2eds/bin/gnu/h-x86_64-mingw32/bin/../lib/gcc/nios2-elf/4.7.3/../../../../../H-x86_64-mingw32/nios2-elf/lib/mhw-mulx\libc.a(lib_a-memchr.o)
 .data          0x0000000000045998        0x0 c:/develop/altera/14.0/nios2eds/bin/gnu/h-x86_64-mingw32/bin/../lib/gcc/nios2-elf/4.7.3/../../../../../H-x86_64-mingw32/nios2-elf/lib/mhw-mulx\libc.a(lib_a-memmove.o)
 .data          0x0000000000045998        0x0 c:/develop/altera/14.0/nios2eds/bin/gnu/h-x86_64-mingw32/bin/../lib/gcc/nios2-elf/4.7.3/../../../../../H-x86_64-mingw32/nios2-elf/lib/mhw-mulx\libc.a(lib_a-mprec.o)
 .data          0x0000000000045998        0x0 c:/develop/altera/14.0/nios2eds/bin/gnu/h-x86_64-mingw32/bin/../lib/gcc/nios2-elf/4.7.3/../../../../../H-x86_64-mingw32/nios2-elf/lib/mhw-mulx\libc.a(lib_a-putc.o)
 .data          0x0000000000045998        0x0 c:/develop/altera/14.0/nios2eds/bin/gnu/h-x86_64-mingw32/bin/../lib/gcc/nios2-elf/4.7.3/../../../../../H-x86_64-mingw32/nios2-elf/lib/mhw-mulx\libc.a(lib_a-readr.o)
 .data          0x0000000000045998        0x0 c:/develop/altera/14.0/nios2eds/bin/gnu/h-x86_64-mingw32/bin/../lib/gcc/nios2-elf/4.7.3/../../../../../H-x86_64-mingw32/nios2-elf/lib/mhw-mulx\libc.a(lib_a-reallocr.o)
 .data          0x0000000000045998        0x0 c:/develop/altera/14.0/nios2eds/bin/gnu/h-x86_64-mingw32/bin/../lib/gcc/nios2-elf/4.7.3/../../../../../H-x86_64-mingw32/nios2-elf/lib/mhw-mulx\libc.a(lib_a-s_isinfd.o)
 .data          0x0000000000045998        0x0 c:/develop/altera/14.0/nios2eds/bin/gnu/h-x86_64-mingw32/bin/../lib/gcc/nios2-elf/4.7.3/../../../../../H-x86_64-mingw32/nios2-elf/lib/mhw-mulx\libc.a(lib_a-s_isnand.o)
 .data          0x0000000000045998        0x0 c:/develop/altera/14.0/nios2eds/bin/gnu/h-x86_64-mingw32/bin/../lib/gcc/nios2-elf/4.7.3/../../../../../H-x86_64-mingw32/nios2-elf/lib/mhw-mulx\libc.a(lib_a-strcmp.o)
 .data          0x0000000000045998        0x0 c:/develop/altera/14.0/nios2eds/bin/gnu/h-x86_64-mingw32/bin/../lib/gcc/nios2-elf/4.7.3/../../../../../H-x86_64-mingw32/nios2-elf/lib/mhw-mulx\libc.a(lib_a-wbuf.o)
 .data          0x0000000000045998        0x0 c:/develop/altera/14.0/nios2eds/bin/gnu/h-x86_64-mingw32/bin/../lib/gcc/nios2-elf/4.7.3/../../../../../H-x86_64-mingw32/nios2-elf/lib/mhw-mulx\libc.a(lib_a-callocr.o)
 .data          0x0000000000045998        0x0 c:/develop/altera/14.0/nios2eds/bin/gnu/h-x86_64-mingw32/bin/../lib/gcc/nios2-elf/4.7.3/mhw-mulx\libgcc.a(_udivdi3.o)
 .data          0x0000000000045998        0x0 c:/develop/altera/14.0/nios2eds/bin/gnu/h-x86_64-mingw32/bin/../lib/gcc/nios2-elf/4.7.3/mhw-mulx\libgcc.a(_umoddi3.o)
 .data          0x0000000000045998        0x0 c:/develop/altera/14.0/nios2eds/bin/gnu/h-x86_64-mingw32/bin/../lib/gcc/nios2-elf/4.7.3/mhw-mulx\libgcc.a(_addsub_df.o)
 .data          0x0000000000045998        0x0 c:/develop/altera/14.0/nios2eds/bin/gnu/h-x86_64-mingw32/bin/../lib/gcc/nios2-elf/4.7.3/mhw-mulx\libgcc.a(_mul_df.o)
 .data          0x0000000000045998        0x0 c:/develop/altera/14.0/nios2eds/bin/gnu/h-x86_64-mingw32/bin/../lib/gcc/nios2-elf/4.7.3/mhw-mulx\libgcc.a(_div_df.o)
 .data          0x0000000000045998        0x0 c:/develop/altera/14.0/nios2eds/bin/gnu/h-x86_64-mingw32/bin/../lib/gcc/nios2-elf/4.7.3/mhw-mulx\libgcc.a(_eq_df.o)
 .data          0x0000000000045998        0x0 c:/develop/altera/14.0/nios2eds/bin/gnu/h-x86_64-mingw32/bin/../lib/gcc/nios2-elf/4.7.3/mhw-mulx\libgcc.a(_ne_df.o)
 .data          0x0000000000045998        0x0 c:/develop/altera/14.0/nios2eds/bin/gnu/h-x86_64-mingw32/bin/../lib/gcc/nios2-elf/4.7.3/mhw-mulx\libgcc.a(_gt_df.o)
 .data          0x0000000000045998        0x0 c:/develop/altera/14.0/nios2eds/bin/gnu/h-x86_64-mingw32/bin/../lib/gcc/nios2-elf/4.7.3/mhw-mulx\libgcc.a(_ge_df.o)
 .data          0x0000000000045998        0x0 c:/develop/altera/14.0/nios2eds/bin/gnu/h-x86_64-mingw32/bin/../lib/gcc/nios2-elf/4.7.3/mhw-mulx\libgcc.a(_lt_df.o)
 .data          0x0000000000045998        0x0 c:/develop/altera/14.0/nios2eds/bin/gnu/h-x86_64-mingw32/bin/../lib/gcc/nios2-elf/4.7.3/mhw-mulx\libgcc.a(_si_to_df.o)
 .data          0x0000000000045998        0x0 c:/develop/altera/14.0/nios2eds/bin/gnu/h-x86_64-mingw32/bin/../lib/gcc/nios2-elf/4.7.3/mhw-mulx\libgcc.a(_df_to_si.o)
 .data          0x0000000000045998        0x0 c:/develop/altera/14.0/nios2eds/bin/gnu/h-x86_64-mingw32/bin/../lib/gcc/nios2-elf/4.7.3/mhw-mulx\libgcc.a(_thenan_df.o)
 .data          0x0000000000045998        0x0 c:/develop/altera/14.0/nios2eds/bin/gnu/h-x86_64-mingw32/bin/../lib/gcc/nios2-elf/4.7.3/mhw-mulx\libgcc.a(_usi_to_df.o)
 .data          0x0000000000045998        0x0 c:/develop/altera/14.0/nios2eds/bin/gnu/h-x86_64-mingw32/bin/../lib/gcc/nios2-elf/4.7.3/mhw-mulx\libgcc.a(_clz.o)
 .data          0x0000000000045998        0x0 c:/develop/altera/14.0/nios2eds/bin/gnu/h-x86_64-mingw32/bin/../lib/gcc/nios2-elf/4.7.3/mhw-mulx\libgcc.a(_clzsi2.o)
 .data          0x0000000000045998        0x0 c:/develop/altera/14.0/nios2eds/bin/gnu/h-x86_64-mingw32/bin/../lib/gcc/nios2-elf/4.7.3/mhw-mulx\libgcc.a(_pack_df.o)
 .data          0x0000000000045998        0x0 c:/develop/altera/14.0/nios2eds/bin/gnu/h-x86_64-mingw32/bin/../lib/gcc/nios2-elf/4.7.3/mhw-mulx\libgcc.a(_unpack_df.o)
 .data          0x0000000000045998        0x0 c:/develop/altera/14.0/nios2eds/bin/gnu/h-x86_64-mingw32/bin/../lib/gcc/nios2-elf/4.7.3/mhw-mulx\libgcc.a(_fpcmp_parts_df.o)
 .data          0x0000000000045998        0x0 c:/develop/altera/14.0/nios2eds/bin/gnu/h-x86_64-mingw32/bin/../lib/gcc/nios2-elf/4.7.3/mhw-mulx\libgcc.a(_lshrdi3.o)
 .data          0x0000000000045998        0x0 c:/develop/altera/14.0/nios2eds/bin/gnu/h-x86_64-mingw32/bin/../lib/gcc/nios2-elf/4.7.3/mhw-mulx\libgcc.a(_ashldi3.o)
 .data          0x0000000000045998        0x0 ../sodalite_filetest_bsp/\libhal_bsp.a(alt_close.o)
 .data          0x0000000000045998      0x1a8 ../sodalite_filetest_bsp/\libhal_bsp.a(alt_dev.o)
                0x0000000000045998                alt_fd_list
                0x0000000000045b18                alt_dev_null
 .data          0x0000000000045b40        0x0 ../sodalite_filetest_bsp/\libhal_bsp.a(alt_errno.o)
 .data          0x0000000000045b40        0x0 ../sodalite_filetest_bsp/\libhal_bsp.a(alt_fs_reg.o)
 .data          0x0000000000045b40        0x0 ../sodalite_filetest_bsp/\libhal_bsp.a(alt_fstat.o)
 .data          0x0000000000045b40        0x0 ../sodalite_filetest_bsp/\libhal_bsp.a(alt_isatty.o)
 .data          0x0000000000045b40        0x0 ../sodalite_filetest_bsp/\libhal_bsp.a(alt_load.o)
 .data          0x0000000000045b40        0x0 ../sodalite_filetest_bsp/\libhal_bsp.a(alt_lseek.o)
 .data          0x0000000000045b40        0x0 ../sodalite_filetest_bsp/\libhal_bsp.a(alt_main.o)
 .data          0x0000000000045b40        0x0 ../sodalite_filetest_bsp/\libhal_bsp.a(alt_malloc_lock.o)
 .data          0x0000000000045b40        0x0 ../sodalite_filetest_bsp/\libhal_bsp.a(alt_open.o)
 .data          0x0000000000045b40        0x0 ../sodalite_filetest_bsp/\libhal_bsp.a(alt_read.o)
 .data          0x0000000000045b40        0x0 ../sodalite_filetest_bsp/\libhal_bsp.a(alt_release_fd.o)
 .data          0x0000000000045b40        0x0 ../sodalite_filetest_bsp/\libhal_bsp.a(alt_sbrk.o)
 .data          0x0000000000045b40        0x0 ../sodalite_filetest_bsp/\libhal_bsp.a(alt_uncached_malloc.o)
 .data          0x0000000000045b40        0x0 ../sodalite_filetest_bsp/\libhal_bsp.a(alt_usleep.o)
 .data          0x0000000000045b40        0x0 ../sodalite_filetest_bsp/\libhal_bsp.a(alt_write.o)
 .data          0x0000000000045b40     0x1184 ../sodalite_filetest_bsp/\libhal_bsp.a(alt_sys_init.o)
 .data          0x0000000000046cc4        0x0 ../sodalite_filetest_bsp/\libhal_bsp.a(altera_avalon_jtag_uart_fd.o)
 .data          0x0000000000046cc4        0x0 ../sodalite_filetest_bsp/\libhal_bsp.a(altera_avalon_jtag_uart_init.o)
 .data          0x0000000000046cc4        0x0 ../sodalite_filetest_bsp/\libhal_bsp.a(altera_avalon_jtag_uart_ioctl.o)
 .data          0x0000000000046cc4        0x0 ../sodalite_filetest_bsp/\libhal_bsp.a(altera_avalon_jtag_uart_read.o)
 .data          0x0000000000046cc4        0x0 ../sodalite_filetest_bsp/\libhal_bsp.a(altera_avalon_jtag_uart_write.o)
 .data          0x0000000000046cc4        0x0 ../sodalite_filetest_bsp/\libhal_bsp.a(altera_avalon_timer_sc.o)
 .data          0x0000000000046cc4        0x0 ../sodalite_filetest_bsp/\libhal_bsp.a(altera_modular_adc.o)
 .data          0x0000000000046cc4        0x0 ../sodalite_filetest_bsp/\libhal_bsp.a(altera_onchip_flash.o)
 .data          0x0000000000046cc4        0x0 ../sodalite_filetest_bsp/\libhal_bsp.a(alt_alarm_start.o)
 .data          0x0000000000046cc4        0x0 ../sodalite_filetest_bsp/\libhal_bsp.a(alt_busy_sleep.o)
 .data          0x0000000000046cc4        0x0 ../sodalite_filetest_bsp/\libhal_bsp.a(alt_dcache_flush.o)
 .data          0x0000000000046cc4        0x0 ../sodalite_filetest_bsp/\libhal_bsp.a(alt_dcache_flush_all.o)
 .data          0x0000000000046cc4        0x0 ../sodalite_filetest_bsp/\libhal_bsp.a(alt_dev_llist_insert.o)
 .data          0x0000000000046cc4        0x0 ../sodalite_filetest_bsp/\libhal_bsp.a(alt_do_ctors.o)
 .data          0x0000000000046cc4        0x0 ../sodalite_filetest_bsp/\libhal_bsp.a(alt_do_dtors.o)
 .data          0x0000000000046cc4        0x0 ../sodalite_filetest_bsp/\libhal_bsp.a(alt_find_dev.o)
 .data          0x0000000000046cc4        0x0 ../sodalite_filetest_bsp/\libhal_bsp.a(alt_find_file.o)
 .data          0x0000000000046cc4        0x0 ../sodalite_filetest_bsp/\libhal_bsp.a(alt_flash_dev.o)
 .data          0x0000000000046cc4        0x0 ../sodalite_filetest_bsp/\libhal_bsp.a(alt_get_fd.o)
 .data          0x0000000000046cc4        0x0 ../sodalite_filetest_bsp/\libhal_bsp.a(alt_icache_flush_all.o)
 .data          0x0000000000046cc4        0x0 ../sodalite_filetest_bsp/\libhal_bsp.a(alt_iic.o)
 .data          0x0000000000046cc4        0x0 ../sodalite_filetest_bsp/\libhal_bsp.a(alt_iic_isr_register.o)
 .data          0x0000000000046cc4        0x0 ../sodalite_filetest_bsp/\libhal_bsp.a(alt_io_redirect.o)
 .data          0x0000000000046cc4        0x0 ../sodalite_filetest_bsp/\libhal_bsp.a(alt_irq_entry.o)
 .data          0x0000000000046cc4        0x0 ../sodalite_filetest_bsp/\libhal_bsp.a(alt_irq_handler.o)
 .data          0x0000000000046cc4        0x0 ../sodalite_filetest_bsp/\libhal_bsp.a(alt_irq_vars.o)
 .data          0x0000000000046cc4        0x0 ../sodalite_filetest_bsp/\libhal_bsp.a(alt_tick.o)
 .data          0x0000000000046cc4        0x0 ../sodalite_filetest_bsp/\libhal_bsp.a(altera_nios2_gen2_irq.o)
 .data          0x0000000000046cc4        0x0 ../sodalite_filetest_bsp/\libhal_bsp.a(alt_exception_entry.o)
 .data          0x0000000000046cc4        0x0 ../sodalite_filetest_bsp/\libhal_bsp.a(alt_icache_flush.o)
 .data          0x0000000000046cc4        0x0 ../sodalite_filetest_bsp/\libhal_bsp.a(alt_instruction_exception_entry.o)
 .data          0x0000000000046cc4        0x0 c:/develop/altera/14.0/nios2eds/bin/gnu/h-x86_64-mingw32/bin/../lib/gcc/nios2-elf/4.7.3/../../../../../H-x86_64-mingw32/nios2-elf/lib/mhw-mulx\libc.a(lib_a-atexit.o)
 .data          0x0000000000046cc4        0x0 c:/develop/altera/14.0/nios2eds/bin/gnu/h-x86_64-mingw32/bin/../lib/gcc/nios2-elf/4.7.3/../../../../../H-x86_64-mingw32/nios2-elf/lib/mhw-mulx\libc.a(lib_a-exit.o)
 .data          0x0000000000046cc4        0x0 c:/develop/altera/14.0/nios2eds/bin/gnu/h-x86_64-mingw32/bin/../lib/gcc/nios2-elf/4.7.3/../../../../../H-x86_64-mingw32/nios2-elf/lib/mhw-mulx\libc.a(lib_a-malign.o)
 .data          0x0000000000046cc4        0x0 c:/develop/altera/14.0/nios2eds/bin/gnu/h-x86_64-mingw32/bin/../lib/gcc/nios2-elf/4.7.3/../../../../../H-x86_64-mingw32/nios2-elf/lib/mhw-mulx\libc.a(lib_a-malignr.o)
 .data          0x0000000000046cc4        0x0 c:/develop/altera/14.0/nios2eds/bin/gnu/h-x86_64-mingw32/bin/../lib/gcc/nios2-elf/4.7.3/../../../../../H-x86_64-mingw32/nios2-elf/lib/mhw-mulx\libc.a(lib_a-memcmp.o)
 .data          0x0000000000046cc4        0x0 c:/develop/altera/14.0/nios2eds/bin/gnu/h-x86_64-mingw32/bin/../lib/gcc/nios2-elf/4.7.3/../../../../../H-x86_64-mingw32/nios2-elf/lib/mhw-mulx\libc.a(lib_a-__atexit.o)
 .data          0x0000000000046cc4        0x0 c:/develop/altera/14.0/nios2eds/bin/gnu/h-x86_64-mingw32/bin/../lib/gcc/nios2-elf/4.7.3/../../../../../H-x86_64-mingw32/nios2-elf/lib/mhw-mulx\libc.a(lib_a-__call_atexit.o)
 .data          0x0000000000046cc4        0x0 ../sodalite_filetest_bsp/\libhal_bsp.a(alt_exit.o)
                0x000000000004ecc4                _gp = ABSOLUTE ((. + 0x8000))
                0x000000000004ecc4                PROVIDE (gp, _gp)
 *(.rwdata .rwdata.*)
 *(.sdata .sdata.* .gnu.linkonce.s.*)
 .sdata         0x0000000000046cc4        0x1 obj/default/mmcfs/fatfs/mmcbb.o
 *fill*         0x0000000000046cc5        0x3 
 .sdata         0x0000000000046cc8        0x8 c:/develop/altera/14.0/nios2eds/bin/gnu/h-x86_64-mingw32/bin/../lib/gcc/nios2-elf/4.7.3/../../../../../H-x86_64-mingw32/nios2-elf/lib/mhw-mulx\libc.a(lib_a-impure.o)
                0x0000000000046cc8                _global_impure_ptr
                0x0000000000046ccc                _impure_ptr
 .sdata         0x0000000000046cd0        0x8 c:/develop/altera/14.0/nios2eds/bin/gnu/h-x86_64-mingw32/bin/../lib/gcc/nios2-elf/4.7.3/../../../../../H-x86_64-mingw32/nios2-elf/lib/mhw-mulx\libc.a(lib_a-mallocr.o)
                0x0000000000046cd0                __malloc_sbrk_base
                0x0000000000046cd4                __malloc_trim_threshold
 .sdata         0x0000000000046cd8        0x4 c:/develop/altera/14.0/nios2eds/bin/gnu/h-x86_64-mingw32/bin/../lib/gcc/nios2-elf/4.7.3/../../../../../H-x86_64-mingw32/nios2-elf/lib/mhw-mulx\libc.a(lib_a-locale.o)
                0x0000000000046cd8                __mb_cur_max
 .sdata         0x0000000000046cdc       0x14 ../sodalite_filetest_bsp/\libhal_bsp.a(alt_dev.o)
                0x0000000000046cdc                alt_max_fd
                0x0000000000046ce0                alt_dev_list
                0x0000000000046ce8                alt_fs_list
 .sdata         0x0000000000046cf0        0x4 ../sodalite_filetest_bsp/\libhal_bsp.a(alt_errno.o)
                0x0000000000046cf0                alt_errno
 .sdata         0x0000000000046cf4        0x4 ../sodalite_filetest_bsp/\libhal_bsp.a(alt_sbrk.o)
 .sdata         0x0000000000046cf8        0x8 ../sodalite_filetest_bsp/\libhal_bsp.a(altera_modular_adc.o)
                0x0000000000046cf8                altera_modular_adc_list
 .sdata         0x0000000000046d00        0x8 ../sodalite_filetest_bsp/\libhal_bsp.a(altera_onchip_flash.o)
                0x0000000000046d00                altera_onchip_flash_list
 .sdata         0x0000000000046d08        0x8 ../sodalite_filetest_bsp/\libhal_bsp.a(alt_flash_dev.o)
                0x0000000000046d08                alt_flash_dev_list
 .sdata         0x0000000000046d10        0x4 ../sodalite_filetest_bsp/\libhal_bsp.a(alt_irq_vars.o)
                0x0000000000046d10                alt_priority_mask
 .sdata         0x0000000000046d14        0x8 ../sodalite_filetest_bsp/\libhal_bsp.a(alt_tick.o)
                0x0000000000046d14                alt_alarm_list
 *(.sdata2 .sdata2.* .gnu.linkonce.s2.*)
                0x0000000000046d1c                . = ALIGN (0x4)
                0x0000000000046d1c                _edata = ABSOLUTE (.)
                0x0000000000046d1c                PROVIDE (edata, ABSOLUTE (.))
                0x0000000000046d1c                PROVIDE (__ram_rwdata_end, ABSOLUTE (.))
                0x0000000000046d1c                PROVIDE (__flash_rwdata_start, LOADADDR (.rwdata))

.bss            0x00000000000488dc     0x2e2c
                0x00000000000488dc                __bss_start = ABSOLUTE (.)
                0x00000000000488dc                PROVIDE (__sbss_start, ABSOLUTE (.))
                0x00000000000488dc                PROVIDE (___sbss_start, ABSOLUTE (.))
 *(.dynsbss)
 *(.sbss .sbss.* .gnu.linkonce.sb.*)
 .sbss          0x00000000000488dc        0x8 obj/default/mmcfs/fatfs/ff.o
 .sbss          0x00000000000488e4        0x1 obj/default/mmcfs/fatfs/mmcbb.o
 *fill*         0x00000000000488e5        0x3 
 .sbss          0x00000000000488e8        0x8 obj/default/mmcfs/mmc_spi.o
 .sbss          0x00000000000488f0        0x4 obj/default/mmcfs/mmcfs.o
 .sbss          0x00000000000488f4       0x14 obj/default/nd_lib/nd_egl.o
 .sbss          0x0000000000048908        0xc obj/default/nd_lib/nd_egl.o
                0x0000000000048908                nd_GsVgaVsyncCount
                0x000000000004890c                nd_GsEglDrawBuffer
                0x0000000000048910                nd_GsVgaVsyncFlag
 .sbss          0x0000000000048914        0x4 c:/develop/altera/14.0/nios2eds/bin/gnu/h-x86_64-mingw32/bin/../lib/gcc/nios2-elf/4.7.3/../../../../../H-x86_64-mingw32/nios2-elf/lib/mhw-mulx\libc.a(lib_a-int_errno.o)
                0x0000000000048914                errno
 .sbss          0x0000000000048918        0xc c:/develop/altera/14.0/nios2eds/bin/gnu/h-x86_64-mingw32/bin/../lib/gcc/nios2-elf/4.7.3/../../../../../H-x86_64-mingw32/nios2-elf/lib/mhw-mulx\libc.a(lib_a-mallocr.o)
                0x0000000000048918                __malloc_max_total_mem
                0x000000000004891c                __malloc_max_sbrked_mem
                0x0000000000048920                __malloc_top_pad
 .sbss          0x0000000000048924        0xc c:/develop/altera/14.0/nios2eds/bin/gnu/h-x86_64-mingw32/bin/../lib/gcc/nios2-elf/4.7.3/../../../../../H-x86_64-mingw32/nios2-elf/lib/mhw-mulx\libc.a(lib_a-locale.o)
                0x0000000000048924                _PathLocale
                0x0000000000048928                __mlocale_changed
                0x000000000004892c                __nlocale_changed
 .sbss          0x0000000000048930        0xc ../sodalite_filetest_bsp/\libhal_bsp.a(alt_main.o)
                0x0000000000048930                alt_envp
                0x0000000000048934                alt_argv
                0x0000000000048938                alt_argc
 .sbss          0x000000000004893c        0x4 ../sodalite_filetest_bsp/\libhal_bsp.a(alt_irq_vars.o)
                0x000000000004893c                alt_irq_active
 .sbss          0x0000000000048940        0x8 ../sodalite_filetest_bsp/\libhal_bsp.a(alt_tick.o)
                0x0000000000048940                _alt_nticks
                0x0000000000048944                _alt_tick_rate
 .sbss          0x0000000000048948        0x4 ../sodalite_filetest_bsp/\libhal_bsp.a(alt_instruction_exception_entry.o)
                0x0000000000048948                alt_instruction_exception_handler
 *(.sbss2 .sbss2.* .gnu.linkonce.sb2.*)
 *(.scommon)
                0x000000000004894c                PROVIDE (__sbss_end, ABSOLUTE (.))
                0x000000000004894c                PROVIDE (___sbss_end, ABSOLUTE (.))
 *(.dynbss)
 *(.bss .bss.* .gnu.linkonce.b.*)
 .bss           0x000000000004894c        0x0 ../sodalite_filetest_bsp//obj/HAL/src/crt0.o
 .bss           0x000000000004894c        0x0 obj/default/file_test.o
 .bss           0x000000000004894c        0x0 obj/default/loadbmp.o
 .bss           0x000000000004894c      0x200 obj/default/mmcfs/fatfs/ff.o
 .bss           0x0000000000048b4c        0x0 obj/default/mmcfs/fatfs/mmcbb.o
 .bss           0x0000000000048b4c        0x0 obj/default/mmcfs/fatfs/option/cc932.o
 .bss           0x0000000000048b4c        0x0 obj/default/mmcfs/gettime.o
 .bss           0x0000000000048b4c        0x0 obj/default/mmcfs/mmc_spi.o
 .bss           0x0000000000048b4c     0x24b0 obj/default/mmcfs/mmcfs.o
 .bss           0x000000000004affc        0x0 obj/default/nd_lib/fontx_k12x10.o
 .bss           0x000000000004affc        0x0 obj/default/nd_lib/fontx_k6x10.o
 .bss           0x000000000004affc        0x0 obj/default/nd_lib/nd_egl.o
 .bss           0x000000000004affc        0x0 obj/default/testuty.o
 .bss           0x000000000004affc        0x0 c:/develop/altera/14.0/nios2eds/bin/gnu/h-x86_64-mingw32/bin/../lib/gcc/nios2-elf/4.7.3/mhw-mulx\libgcc.a(lib2-divmod.o)
 .bss           0x000000000004affc        0x0 c:/develop/altera/14.0/nios2eds/bin/gnu/h-x86_64-mingw32/bin/../lib/gcc/nios2-elf/4.7.3/../../../../../H-x86_64-mingw32/nios2-elf/lib/mhw-mulx\libc.a(lib_a-fclose.o)
 .bss           0x000000000004affc        0x0 c:/develop/altera/14.0/nios2eds/bin/gnu/h-x86_64-mingw32/bin/../lib/gcc/nios2-elf/4.7.3/../../../../../H-x86_64-mingw32/nios2-elf/lib/mhw-mulx\libc.a(lib_a-fflush.o)
 .bss           0x000000000004affc        0x0 c:/develop/altera/14.0/nios2eds/bin/gnu/h-x86_64-mingw32/bin/../lib/gcc/nios2-elf/4.7.3/../../../../../H-x86_64-mingw32/nios2-elf/lib/mhw-mulx\libc.a(lib_a-findfp.o)
 .bss           0x000000000004affc        0x0 c:/develop/altera/14.0/nios2eds/bin/gnu/h-x86_64-mingw32/bin/../lib/gcc/nios2-elf/4.7.3/../../../../../H-x86_64-mingw32/nios2-elf/lib/mhw-mulx\libc.a(lib_a-fopen.o)
 .bss           0x000000000004affc        0x0 c:/develop/altera/14.0/nios2eds/bin/gnu/h-x86_64-mingw32/bin/../lib/gcc/nios2-elf/4.7.3/../../../../../H-x86_64-mingw32/nios2-elf/lib/mhw-mulx\libc.a(lib_a-fread.o)
 .bss           0x000000000004affc        0x0 c:/develop/altera/14.0/nios2eds/bin/gnu/h-x86_64-mingw32/bin/../lib/gcc/nios2-elf/4.7.3/../../../../../H-x86_64-mingw32/nios2-elf/lib/mhw-mulx\libc.a(lib_a-freer.o)
 .bss           0x000000000004affc        0x0 c:/develop/altera/14.0/nios2eds/bin/gnu/h-x86_64-mingw32/bin/../lib/gcc/nios2-elf/4.7.3/../../../../../H-x86_64-mingw32/nios2-elf/lib/mhw-mulx\libc.a(lib_a-fseek.o)
 .bss           0x000000000004affc        0x0 c:/develop/altera/14.0/nios2eds/bin/gnu/h-x86_64-mingw32/bin/../lib/gcc/nios2-elf/4.7.3/../../../../../H-x86_64-mingw32/nios2-elf/lib/mhw-mulx\libc.a(lib_a-fstatr.o)
 .bss           0x000000000004affc        0x0 c:/develop/altera/14.0/nios2eds/bin/gnu/h-x86_64-mingw32/bin/../lib/gcc/nios2-elf/4.7.3/../../../../../H-x86_64-mingw32/nios2-elf/lib/mhw-mulx\libc.a(lib_a-fwalk.o)
 .bss           0x000000000004affc        0x0 c:/develop/altera/14.0/nios2eds/bin/gnu/h-x86_64-mingw32/bin/../lib/gcc/nios2-elf/4.7.3/../../../../../H-x86_64-mingw32/nios2-elf/lib/mhw-mulx\libc.a(lib_a-impure.o)
 .bss           0x000000000004affc        0x0 c:/develop/altera/14.0/nios2eds/bin/gnu/h-x86_64-mingw32/bin/../lib/gcc/nios2-elf/4.7.3/../../../../../H-x86_64-mingw32/nios2-elf/lib/mhw-mulx\libc.a(lib_a-int_errno.o)
 .bss           0x000000000004affc        0x0 c:/develop/altera/14.0/nios2eds/bin/gnu/h-x86_64-mingw32/bin/../lib/gcc/nios2-elf/4.7.3/../../../../../H-x86_64-mingw32/nios2-elf/lib/mhw-mulx\libc.a(lib_a-makebuf.o)
 .bss           0x000000000004affc       0x28 c:/develop/altera/14.0/nios2eds/bin/gnu/h-x86_64-mingw32/bin/../lib/gcc/nios2-elf/4.7.3/../../../../../H-x86_64-mingw32/nios2-elf/lib/mhw-mulx\libc.a(lib_a-mallocr.o)
                0x000000000004affc                __malloc_current_mallinfo
 .bss           0x000000000004b024        0x0 c:/develop/altera/14.0/nios2eds/bin/gnu/h-x86_64-mingw32/bin/../lib/gcc/nios2-elf/4.7.3/../../../../../H-x86_64-mingw32/nios2-elf/lib/mhw-mulx\libc.a(lib_a-memcpy.o)
 .bss           0x000000000004b024        0x0 c:/develop/altera/14.0/nios2eds/bin/gnu/h-x86_64-mingw32/bin/../lib/gcc/nios2-elf/4.7.3/../../../../../H-x86_64-mingw32/nios2-elf/lib/mhw-mulx\libc.a(lib_a-memset.o)
 .bss           0x000000000004b024        0x0 c:/develop/altera/14.0/nios2eds/bin/gnu/h-x86_64-mingw32/bin/../lib/gcc/nios2-elf/4.7.3/../../../../../H-x86_64-mingw32/nios2-elf/lib/mhw-mulx\libc.a(lib_a-openr.o)
 .bss           0x000000000004b024        0x0 c:/develop/altera/14.0/nios2eds/bin/gnu/h-x86_64-mingw32/bin/../lib/gcc/nios2-elf/4.7.3/../../../../../H-x86_64-mingw32/nios2-elf/lib/mhw-mulx\libc.a(lib_a-printf.o)
 .bss           0x000000000004b024        0x0 c:/develop/altera/14.0/nios2eds/bin/gnu/h-x86_64-mingw32/bin/../lib/gcc/nios2-elf/4.7.3/../../../../../H-x86_64-mingw32/nios2-elf/lib/mhw-mulx\libc.a(lib_a-putchar.o)
 .bss           0x000000000004b024        0x0 c:/develop/altera/14.0/nios2eds/bin/gnu/h-x86_64-mingw32/bin/../lib/gcc/nios2-elf/4.7.3/../../../../../H-x86_64-mingw32/nios2-elf/lib/mhw-mulx\libc.a(lib_a-puts.o)
 .bss           0x000000000004b024        0x0 c:/develop/altera/14.0/nios2eds/bin/gnu/h-x86_64-mingw32/bin/../lib/gcc/nios2-elf/4.7.3/../../../../../H-x86_64-mingw32/nios2-elf/lib/mhw-mulx\libc.a(lib_a-refill.o)
 .bss           0x000000000004b024        0x0 c:/develop/altera/14.0/nios2eds/bin/gnu/h-x86_64-mingw32/bin/../lib/gcc/nios2-elf/4.7.3/../../../../../H-x86_64-mingw32/nios2-elf/lib/mhw-mulx\libc.a(lib_a-sbrkr.o)
 .bss           0x000000000004b024        0x0 c:/develop/altera/14.0/nios2eds/bin/gnu/h-x86_64-mingw32/bin/../lib/gcc/nios2-elf/4.7.3/../../../../../H-x86_64-mingw32/nios2-elf/lib/mhw-mulx\libc.a(lib_a-stdio.o)
 .bss           0x000000000004b024        0x0 c:/develop/altera/14.0/nios2eds/bin/gnu/h-x86_64-mingw32/bin/../lib/gcc/nios2-elf/4.7.3/../../../../../H-x86_64-mingw32/nios2-elf/lib/mhw-mulx\libc.a(lib_a-strlen.o)
 .bss           0x000000000004b024        0x0 c:/develop/altera/14.0/nios2eds/bin/gnu/h-x86_64-mingw32/bin/../lib/gcc/nios2-elf/4.7.3/../../../../../H-x86_64-mingw32/nios2-elf/lib/mhw-mulx\libc.a(lib_a-vfprintf.o)
 .bss           0x000000000004b024        0x0 c:/develop/altera/14.0/nios2eds/bin/gnu/h-x86_64-mingw32/bin/../lib/gcc/nios2-elf/4.7.3/../../../../../H-x86_64-mingw32/nios2-elf/lib/mhw-mulx\libc.a(lib_a-writer.o)
 .bss           0x000000000004b024        0x0 c:/develop/altera/14.0/nios2eds/bin/gnu/h-x86_64-mingw32/bin/../lib/gcc/nios2-elf/4.7.3/../../../../../H-x86_64-mingw32/nios2-elf/lib/mhw-mulx\libc.a(lib_a-wsetup.o)
 .bss           0x000000000004b024        0x0 c:/develop/altera/14.0/nios2eds/bin/gnu/h-x86_64-mingw32/bin/../lib/gcc/nios2-elf/4.7.3/../../../../../H-x86_64-mingw32/nios2-elf/lib/mhw-mulx\libc.a(lib_a-closer.o)
 .bss           0x000000000004b024        0x0 c:/develop/altera/14.0/nios2eds/bin/gnu/h-x86_64-mingw32/bin/../lib/gcc/nios2-elf/4.7.3/../../../../../H-x86_64-mingw32/nios2-elf/lib/mhw-mulx\libc.a(lib_a-dtoa.o)
 .bss           0x000000000004b024        0x0 c:/develop/altera/14.0/nios2eds/bin/gnu/h-x86_64-mingw32/bin/../lib/gcc/nios2-elf/4.7.3/../../../../../H-x86_64-mingw32/nios2-elf/lib/mhw-mulx\libc.a(lib_a-flags.o)
 .bss           0x000000000004b024        0x0 c:/develop/altera/14.0/nios2eds/bin/gnu/h-x86_64-mingw32/bin/../lib/gcc/nios2-elf/4.7.3/../../../../../H-x86_64-mingw32/nios2-elf/lib/mhw-mulx\libc.a(lib_a-fvwrite.o)
 .bss           0x000000000004b024        0x0 c:/develop/altera/14.0/nios2eds/bin/gnu/h-x86_64-mingw32/bin/../lib/gcc/nios2-elf/4.7.3/../../../../../H-x86_64-mingw32/nios2-elf/lib/mhw-mulx\libc.a(lib_a-isattyr.o)
 .bss           0x000000000004b024        0x0 c:/develop/altera/14.0/nios2eds/bin/gnu/h-x86_64-mingw32/bin/../lib/gcc/nios2-elf/4.7.3/../../../../../H-x86_64-mingw32/nios2-elf/lib/mhw-mulx\libc.a(lib_a-locale.o)
 .bss           0x000000000004b024        0x0 c:/develop/altera/14.0/nios2eds/bin/gnu/h-x86_64-mingw32/bin/../lib/gcc/nios2-elf/4.7.3/../../../../../H-x86_64-mingw32/nios2-elf/lib/mhw-mulx\libc.a(lib_a-lseekr.o)
 .bss           0x000000000004b024        0x0 c:/develop/altera/14.0/nios2eds/bin/gnu/h-x86_64-mingw32/bin/../lib/gcc/nios2-elf/4.7.3/../../../../../H-x86_64-mingw32/nios2-elf/lib/mhw-mulx\libc.a(lib_a-memchr.o)
 .bss           0x000000000004b024        0x0 c:/develop/altera/14.0/nios2eds/bin/gnu/h-x86_64-mingw32/bin/../lib/gcc/nios2-elf/4.7.3/../../../../../H-x86_64-mingw32/nios2-elf/lib/mhw-mulx\libc.a(lib_a-memmove.o)
 .bss           0x000000000004b024        0x0 c:/develop/altera/14.0/nios2eds/bin/gnu/h-x86_64-mingw32/bin/../lib/gcc/nios2-elf/4.7.3/../../../../../H-x86_64-mingw32/nios2-elf/lib/mhw-mulx\libc.a(lib_a-mprec.o)
 .bss           0x000000000004b024        0x0 c:/develop/altera/14.0/nios2eds/bin/gnu/h-x86_64-mingw32/bin/../lib/gcc/nios2-elf/4.7.3/../../../../../H-x86_64-mingw32/nios2-elf/lib/mhw-mulx\libc.a(lib_a-putc.o)
 .bss           0x000000000004b024        0x0 c:/develop/altera/14.0/nios2eds/bin/gnu/h-x86_64-mingw32/bin/../lib/gcc/nios2-elf/4.7.3/../../../../../H-x86_64-mingw32/nios2-elf/lib/mhw-mulx\libc.a(lib_a-readr.o)
 .bss           0x000000000004b024        0x0 c:/develop/altera/14.0/nios2eds/bin/gnu/h-x86_64-mingw32/bin/../lib/gcc/nios2-elf/4.7.3/../../../../../H-x86_64-mingw32/nios2-elf/lib/mhw-mulx\libc.a(lib_a-reallocr.o)
 .bss           0x000000000004b024        0x0 c:/develop/altera/14.0/nios2eds/bin/gnu/h-x86_64-mingw32/bin/../lib/gcc/nios2-elf/4.7.3/../../../../../H-x86_64-mingw32/nios2-elf/lib/mhw-mulx\libc.a(lib_a-s_isinfd.o)
 .bss           0x000000000004b024        0x0 c:/develop/altera/14.0/nios2eds/bin/gnu/h-x86_64-mingw32/bin/../lib/gcc/nios2-elf/4.7.3/../../../../../H-x86_64-mingw32/nios2-elf/lib/mhw-mulx\libc.a(lib_a-s_isnand.o)
 .bss           0x000000000004b024        0x0 c:/develop/altera/14.0/nios2eds/bin/gnu/h-x86_64-mingw32/bin/../lib/gcc/nios2-elf/4.7.3/../../../../../H-x86_64-mingw32/nios2-elf/lib/mhw-mulx\libc.a(lib_a-strcmp.o)
 .bss           0x000000000004b024        0x0 c:/develop/altera/14.0/nios2eds/bin/gnu/h-x86_64-mingw32/bin/../lib/gcc/nios2-elf/4.7.3/../../../../../H-x86_64-mingw32/nios2-elf/lib/mhw-mulx\libc.a(lib_a-wbuf.o)
 .bss           0x000000000004b024        0x0 c:/develop/altera/14.0/nios2eds/bin/gnu/h-x86_64-mingw32/bin/../lib/gcc/nios2-elf/4.7.3/../../../../../H-x86_64-mingw32/nios2-elf/lib/mhw-mulx\libc.a(lib_a-callocr.o)
 .bss           0x000000000004b024        0x0 c:/develop/altera/14.0/nios2eds/bin/gnu/h-x86_64-mingw32/bin/../lib/gcc/nios2-elf/4.7.3/mhw-mulx\libgcc.a(_udivdi3.o)
 .bss           0x000000000004b024        0x0 c:/develop/altera/14.0/nios2eds/bin/gnu/h-x86_64-mingw32/bin/../lib/gcc/nios2-elf/4.7.3/mhw-mulx\libgcc.a(_umoddi3.o)
 .bss           0x000000000004b024        0x0 c:/develop/altera/14.0/nios2eds/bin/gnu/h-x86_64-mingw32/bin/../lib/gcc/nios2-elf/4.7.3/mhw-mulx\libgcc.a(_addsub_df.o)
 .bss           0x000000000004b024        0x0 c:/develop/altera/14.0/nios2eds/bin/gnu/h-x86_64-mingw32/bin/../lib/gcc/nios2-elf/4.7.3/mhw-mulx\libgcc.a(_mul_df.o)
 .bss           0x000000000004b024        0x0 c:/develop/altera/14.0/nios2eds/bin/gnu/h-x86_64-mingw32/bin/../lib/gcc/nios2-elf/4.7.3/mhw-mulx\libgcc.a(_div_df.o)
 .bss           0x000000000004b024        0x0 c:/develop/altera/14.0/nios2eds/bin/gnu/h-x86_64-mingw32/bin/../lib/gcc/nios2-elf/4.7.3/mhw-mulx\libgcc.a(_eq_df.o)
 .bss           0x000000000004b024        0x0 c:/develop/altera/14.0/nios2eds/bin/gnu/h-x86_64-mingw32/bin/../lib/gcc/nios2-elf/4.7.3/mhw-mulx\libgcc.a(_ne_df.o)
 .bss           0x000000000004b024        0x0 c:/develop/altera/14.0/nios2eds/bin/gnu/h-x86_64-mingw32/bin/../lib/gcc/nios2-elf/4.7.3/mhw-mulx\libgcc.a(_gt_df.o)
 .bss           0x000000000004b024        0x0 c:/develop/altera/14.0/nios2eds/bin/gnu/h-x86_64-mingw32/bin/../lib/gcc/nios2-elf/4.7.3/mhw-mulx\libgcc.a(_ge_df.o)
 .bss           0x000000000004b024        0x0 c:/develop/altera/14.0/nios2eds/bin/gnu/h-x86_64-mingw32/bin/../lib/gcc/nios2-elf/4.7.3/mhw-mulx\libgcc.a(_lt_df.o)
 .bss           0x000000000004b024        0x0 c:/develop/altera/14.0/nios2eds/bin/gnu/h-x86_64-mingw32/bin/../lib/gcc/nios2-elf/4.7.3/mhw-mulx\libgcc.a(_si_to_df.o)
 .bss           0x000000000004b024        0x0 c:/develop/altera/14.0/nios2eds/bin/gnu/h-x86_64-mingw32/bin/../lib/gcc/nios2-elf/4.7.3/mhw-mulx\libgcc.a(_df_to_si.o)
 .bss           0x000000000004b024        0x0 c:/develop/altera/14.0/nios2eds/bin/gnu/h-x86_64-mingw32/bin/../lib/gcc/nios2-elf/4.7.3/mhw-mulx\libgcc.a(_thenan_df.o)
 .bss           0x000000000004b024        0x0 c:/develop/altera/14.0/nios2eds/bin/gnu/h-x86_64-mingw32/bin/../lib/gcc/nios2-elf/4.7.3/mhw-mulx\libgcc.a(_usi_to_df.o)
 .bss           0x000000000004b024        0x0 c:/develop/altera/14.0/nios2eds/bin/gnu/h-x86_64-mingw32/bin/../lib/gcc/nios2-elf/4.7.3/mhw-mulx\libgcc.a(_clz.o)
 .bss           0x000000000004b024        0x0 c:/develop/altera/14.0/nios2eds/bin/gnu/h-x86_64-mingw32/bin/../lib/gcc/nios2-elf/4.7.3/mhw-mulx\libgcc.a(_clzsi2.o)
 .bss           0x000000000004b024        0x0 c:/develop/altera/14.0/nios2eds/bin/gnu/h-x86_64-mingw32/bin/../lib/gcc/nios2-elf/4.7.3/mhw-mulx\libgcc.a(_pack_df.o)
 .bss           0x000000000004b024        0x0 c:/develop/altera/14.0/nios2eds/bin/gnu/h-x86_64-mingw32/bin/../lib/gcc/nios2-elf/4.7.3/mhw-mulx\libgcc.a(_unpack_df.o)
 .bss           0x000000000004b024        0x0 c:/develop/altera/14.0/nios2eds/bin/gnu/h-x86_64-mingw32/bin/../lib/gcc/nios2-elf/4.7.3/mhw-mulx\libgcc.a(_fpcmp_parts_df.o)
 .bss           0x000000000004b024        0x0 c:/develop/altera/14.0/nios2eds/bin/gnu/h-x86_64-mingw32/bin/../lib/gcc/nios2-elf/4.7.3/mhw-mulx\libgcc.a(_lshrdi3.o)
 .bss           0x000000000004b024        0x0 c:/develop/altera/14.0/nios2eds/bin/gnu/h-x86_64-mingw32/bin/../lib/gcc/nios2-elf/4.7.3/mhw-mulx\libgcc.a(_ashldi3.o)
 .bss           0x000000000004b024        0x0 ../sodalite_filetest_bsp/\libhal_bsp.a(alt_close.o)
 .bss           0x000000000004b024        0x0 ../sodalite_filetest_bsp/\libhal_bsp.a(alt_dev.o)
 .bss           0x000000000004b024        0x0 ../sodalite_filetest_bsp/\libhal_bsp.a(alt_errno.o)
 .bss           0x000000000004b024        0x0 ../sodalite_filetest_bsp/\libhal_bsp.a(alt_fs_reg.o)
 .bss           0x000000000004b024        0x0 ../sodalite_filetest_bsp/\libhal_bsp.a(alt_fstat.o)
 .bss           0x000000000004b024        0x0 ../sodalite_filetest_bsp/\libhal_bsp.a(alt_isatty.o)
 .bss           0x000000000004b024        0x0 ../sodalite_filetest_bsp/\libhal_bsp.a(alt_load.o)
 .bss           0x000000000004b024        0x0 ../sodalite_filetest_bsp/\libhal_bsp.a(alt_lseek.o)
 .bss           0x000000000004b024        0x0 ../sodalite_filetest_bsp/\libhal_bsp.a(alt_main.o)
 .bss           0x000000000004b024        0x0 ../sodalite_filetest_bsp/\libhal_bsp.a(alt_malloc_lock.o)
 .bss           0x000000000004b024        0x0 ../sodalite_filetest_bsp/\libhal_bsp.a(alt_open.o)
 .bss           0x000000000004b024        0x0 ../sodalite_filetest_bsp/\libhal_bsp.a(alt_read.o)
 .bss           0x000000000004b024        0x0 ../sodalite_filetest_bsp/\libhal_bsp.a(alt_release_fd.o)
 .bss           0x000000000004b024        0x0 ../sodalite_filetest_bsp/\libhal_bsp.a(alt_sbrk.o)
 .bss           0x000000000004b024        0x0 ../sodalite_filetest_bsp/\libhal_bsp.a(alt_uncached_malloc.o)
 .bss           0x000000000004b024        0x0 ../sodalite_filetest_bsp/\libhal_bsp.a(alt_usleep.o)