Archive member included because of file (symbol)

c:/develop/altera/14.0/nios2eds/bin/gnu/h-x86_64-mingw32/bin/../lib/gcc/nios2-elf/4.7.3/mhw-mulx\libgcc.a(lib2-divmod.o)
                              obj/default/mmcfs/fatfs/ff.o (__divsi3)
c:/develop/altera/14.0/nios2eds/bin/gnu/h-x86_64-mingw32/bin/../lib/gcc/nios2-elf/4.7.3/../../../../../H-x86_64-mingw32/nios2-elf/lib/mhw-mulx\libc.a(lib_a-malloc.o)
                              obj/default/ckplay_peridot.o (malloc)
c:/develop/altera/14.0/nios2eds/bin/gnu/h-x86_64-mingw32/bin/../lib/gcc/nios2-elf/4.7.3/../../../../../H-x86_64-mingw32/nios2-elf/lib/mhw-mulx\libc.a(lib_a-mallocr.o)
                              c:/develop/altera/14.0/nios2eds/bin/gnu/h-x86_64-mingw32/bin/../lib/gcc/nios2-elf/4.7.3/../../../../../H-x86_64-mingw32/nios2-elf/lib/mhw-mulx\libc.a(lib_a-malloc.o) (_malloc_r)
c:/develop/altera/14.0/nios2eds/bin/gnu/h-x86_64-mingw32/bin/../lib/gcc/nios2-elf/4.7.3/../../../../../H-x86_64-mingw32/nios2-elf/lib/mhw-mulx\libc.a(lib_a-memcpy.o)
                              obj/default/mmcfs/mmcfs.o (memcpy)
c:/develop/altera/14.0/nios2eds/bin/gnu/h-x86_64-mingw32/bin/../lib/gcc/nios2-elf/4.7.3/../../../../../H-x86_64-mingw32/nios2-elf/lib/mhw-mulx\libc.a(lib_a-memset.o)
                              obj/default/ckplay_peridot.o (memset)
c:/develop/altera/14.0/nios2eds/bin/gnu/h-x86_64-mingw32/bin/../lib/gcc/nios2-elf/4.7.3/../../../../../H-x86_64-mingw32/nios2-elf/lib/mhw-mulx\libc.a(lib_a-printf.o)
                              obj/default/ckplay_peridot.o (printf)
c:/develop/altera/14.0/nios2eds/bin/gnu/h-x86_64-mingw32/bin/../lib/gcc/nios2-elf/4.7.3/../../../../../H-x86_64-mingw32/nios2-elf/lib/mhw-mulx\libc.a(lib_a-puts.o)
                              obj/default/ckplay_peridot.o (puts)
c:/develop/altera/14.0/nios2eds/bin/gnu/h-x86_64-mingw32/bin/../lib/gcc/nios2-elf/4.7.3/../../../../../H-x86_64-mingw32/nios2-elf/lib/mhw-mulx\libc.a(lib_a-sbrkr.o)
                              c:/develop/altera/14.0/nios2eds/bin/gnu/h-x86_64-mingw32/bin/../lib/gcc/nios2-elf/4.7.3/../../../../../H-x86_64-mingw32/nios2-elf/lib/mhw-mulx\libc.a(lib_a-mallocr.o) (_sbrk_r)
c:/develop/altera/14.0/nios2eds/bin/gnu/h-x86_64-mingw32/bin/../lib/gcc/nios2-elf/4.7.3/../../../../../H-x86_64-mingw32/nios2-elf/lib/mhw-mulx\libc.a(lib_a-strcpy.o)
                              obj/default/ckplay_peridot.o (strcpy)
c:/develop/altera/14.0/nios2eds/bin/gnu/h-x86_64-mingw32/bin/../lib/gcc/nios2-elf/4.7.3/../../../../../H-x86_64-mingw32/nios2-elf/lib/mhw-mulx\libc.a(lib_a-strlen.o)
                              obj/default/ckplay_peridot.o (strlen)
c:/develop/altera/14.0/nios2eds/bin/gnu/h-x86_64-mingw32/bin/../lib/gcc/nios2-elf/4.7.3/../../../../../H-x86_64-mingw32/nios2-elf/lib/mhw-mulx\libc.a(lib_a-vfprintf.o)
                              c:/develop/altera/14.0/nios2eds/bin/gnu/h-x86_64-mingw32/bin/../lib/gcc/nios2-elf/4.7.3/../../../../../H-x86_64-mingw32/nios2-elf/lib/mhw-mulx\libc.a(lib_a-printf.o) (___vfprintf_internal_r)
c:/develop/altera/14.0/nios2eds/bin/gnu/h-x86_64-mingw32/bin/../lib/gcc/nios2-elf/4.7.3/../../../../../H-x86_64-mingw32/nios2-elf/lib/mhw-mulx\libc.a(lib_a-wsetup.o)
                              c:/develop/altera/14.0/nios2eds/bin/gnu/h-x86_64-mingw32/bin/../lib/gcc/nios2-elf/4.7.3/../../../../../H-x86_64-mingw32/nios2-elf/lib/mhw-mulx\libc.a(lib_a-vfprintf.o) (__swsetup_r)
c:/develop/altera/14.0/nios2eds/bin/gnu/h-x86_64-mingw32/bin/../lib/gcc/nios2-elf/4.7.3/../../../../../H-x86_64-mingw32/nios2-elf/lib/mhw-mulx\libc.a(lib_a-dtoa.o)
                              c:/develop/altera/14.0/nios2eds/bin/gnu/h-x86_64-mingw32/bin/../lib/gcc/nios2-elf/4.7.3/../../../../../H-x86_64-mingw32/nios2-elf/lib/mhw-mulx\libc.a(lib_a-vfprintf.o) (_dtoa_r)
c:/develop/altera/14.0/nios2eds/bin/gnu/h-x86_64-mingw32/bin/../lib/gcc/nios2-elf/4.7.3/../../../../../H-x86_64-mingw32/nios2-elf/lib/mhw-mulx\libc.a(lib_a-fflush.o)
                              c:/develop/altera/14.0/nios2eds/bin/gnu/h-x86_64-mingw32/bin/../lib/gcc/nios2-elf/4.7.3/../../../../../H-x86_64-mingw32/nios2-elf/lib/mhw-mulx\libc.a(lib_a-vfprintf.o) (_fflush_r)
c:/develop/altera/14.0/nios2eds/bin/gnu/h-x86_64-mingw32/bin/../lib/gcc/nios2-elf/4.7.3/../../../../../H-x86_64-mingw32/nios2-elf/lib/mhw-mulx\libc.a(lib_a-findfp.o)
                              c:/develop/altera/14.0/nios2eds/bin/gnu/h-x86_64-mingw32/bin/../lib/gcc/nios2-elf/4.7.3/../../../../../H-x86_64-mingw32/nios2-elf/lib/mhw-mulx\libc.a(lib_a-vfprintf.o) (__sinit)
c:/develop/altera/14.0/nios2eds/bin/gnu/h-x86_64-mingw32/bin/../lib/gcc/nios2-elf/4.7.3/../../../../../H-x86_64-mingw32/nios2-elf/lib/mhw-mulx\libc.a(lib_a-freer.o)
                              c:/develop/altera/14.0/nios2eds/bin/gnu/h-x86_64-mingw32/bin/../lib/gcc/nios2-elf/4.7.3/../../../../../H-x86_64-mingw32/nios2-elf/lib/mhw-mulx\libc.a(lib_a-malloc.o) (_free_r)
[...]
Memory Configuration

Name             Origin             Length             Attributes
sdram_BEFORE_EXCEPTION 0x0000000000000000 0x0000000000000020
sdram            0x0000000000000020 0x0000000001ffffe0
reset            0x000000000f000000 0x0000000000000020
ipl_memory       0x000000000f000020 0x0000000000001fe0
onchip_flash_0_data 0x000000000f100000 0x0000000000008000
*default*        0x0000000000000000 0xffffffffffffffff

Linker script and memory map

LOAD ../sodalite_ckplay_bsp//obj/HAL/src/crt0.o
LOAD obj/default/ckplay_peridot.o
LOAD obj/default/mmcfs/fatfs/ff.o
LOAD obj/default/mmcfs/fatfs/mmcbb.o
LOAD obj/default/mmcfs/fatfs/option/cc932.o
LOAD obj/default/mmcfs/gettime.o
LOAD obj/default/mmcfs/mmc_spi.o
LOAD obj/default/mmcfs/mmcfs.o
LOAD obj/default/nd_lib/nd_acm.o
LOAD obj/default/nd_lib/nd_egl.o
LOAD obj/default/nd_lib/nd_acm_mcudecode.o
LOAD c:/develop/altera/14.0/nios2eds/bin/gnu/h-x86_64-mingw32/bin/../lib/gcc/nios2-elf/4.7.3/../../../../../H-x86_64-mingw32/nios2-elf/lib/mhw-mulx\libstdc++.a
LOAD c:/develop/altera/14.0/nios2eds/bin/gnu/h-x86_64-mingw32/bin/../lib/gcc/nios2-elf/4.7.3/../../../../../H-x86_64-mingw32/nios2-elf/lib/mhw-mulx\libm.a
LOAD c:/develop/altera/14.0/nios2eds/bin/gnu/h-x86_64-mingw32/bin/../lib/gcc/nios2-elf/4.7.3/mhw-mulx\libgcc.a
START GROUP
LOAD c:/develop/altera/14.0/nios2eds/bin/gnu/h-x86_64-mingw32/bin/../lib/gcc/nios2-elf/4.7.3/../../../../../H-x86_64-mingw32/nios2-elf/lib/mhw-mulx\libc.a
LOAD c:/develop/altera/14.0/nios2eds/bin/gnu/h-x86_64-mingw32/bin/../lib/gcc/nios2-elf/4.7.3/mhw-mulx\libgcc.a
LOAD ../sodalite_ckplay_bsp/\libhal_bsp.a
END GROUP
LOAD c:/develop/altera/14.0/nios2eds/bin/gnu/h-x86_64-mingw32/bin/../lib/gcc/nios2-elf/4.7.3/mhw-mulx\libgcc.a
                0x0000000000000000                __alt_mem_sdram = 0x0
                0x000000000f000000                __alt_mem_ipl_memory = 0xf000000
                0x000000000f100000                __alt_mem_onchip_flash_0_data = 0xf100000

.entry          0x000000000f000000       0x20
 *(.entry)
 .entry         0x000000000f000000       0x20 ../sodalite_ckplay_bsp//obj/HAL/src/crt0.o
                0x000000000f000000                __reset

.exceptions     0x0000000000000020      0x16c
                0x0000000000000020                PROVIDE (__ram_exceptions_start, ABSOLUTE (.))
                0x0000000000000020                . = ALIGN (0x20)
 *(.irq)
 *(.exceptions.entry.label)
 .exceptions.entry.label
                0x0000000000000020        0x0 ../sodalite_ckplay_bsp/\libhal_bsp.a(alt_irq_entry.o)
                0x0000000000000020                alt_irq_entry
 .exceptions.entry.label
                0x0000000000000020        0x0 ../sodalite_ckplay_bsp/\libhal_bsp.a(alt_exception_entry.o)
                0x0000000000000020                alt_exception
 *(.exceptions.entry.user)
 *(.exceptions.entry.ecc_fatal)
 *(.exceptions.entry)
 .exceptions.entry
                0x0000000000000020       0x54 ../sodalite_ckplay_bsp/\libhal_bsp.a(alt_exception_entry.o)
 *(.exceptions.irqtest.user)
 *(.exceptions.irqtest)
 .exceptions.irqtest
                0x0000000000000074       0x10 ../sodalite_ckplay_bsp/\libhal_bsp.a(alt_irq_entry.o)
 *(.exceptions.irqhandler.user)
 *(.exceptions.irqhandler)
 .exceptions.irqhandler
                0x0000000000000084        0x4 ../sodalite_ckplay_bsp/\libhal_bsp.a(alt_irq_entry.o)
 *(.exceptions.irqreturn.user)
 *(.exceptions.irqreturn)
 .exceptions.irqreturn
                0x0000000000000088        0x4 ../sodalite_ckplay_bsp/\libhal_bsp.a(alt_irq_entry.o)
 *(.exceptions.notirq.label)
 .exceptions.notirq.label
                0x000000000000008c        0x0 ../sodalite_ckplay_bsp/\libhal_bsp.a(alt_irq_entry.o)
 *(.exceptions.notirq.user)
 *(.exceptions.notirq)
 .exceptions.notirq
                0x000000000000008c        0x8 ../sodalite_ckplay_bsp/\libhal_bsp.a(alt_exception_entry.o)
 *(.exceptions.soft.user)
 *(.exceptions.soft)
 *(.exceptions.unknown.user)
 *(.exceptions.unknown)
 .exceptions.unknown
                0x0000000000000094       0x14 ../sodalite_ckplay_bsp/\libhal_bsp.a(alt_exception_entry.o)
 *(.exceptions.exit.label)
 .exceptions.exit.label
                0x00000000000000a8        0x0 ../sodalite_ckplay_bsp/\libhal_bsp.a(alt_irq_entry.o)
 .exceptions.exit.label
                0x00000000000000a8        0x0 ../sodalite_ckplay_bsp/\libhal_bsp.a(alt_exception_entry.o)
 *(.exceptions.exit.user)
 *(.exceptions.exit)
 .exceptions.exit
                0x00000000000000a8       0x54 ../sodalite_ckplay_bsp/\libhal_bsp.a(alt_exception_entry.o)
 *(.exceptions)
 .exceptions    0x00000000000000fc       0x64 ../sodalite_ckplay_bsp/\libhal_bsp.a(alt_irq_handler.o)
                0x00000000000000fc                alt_irq_handler
 .exceptions    0x0000000000000160       0x2c ../sodalite_ckplay_bsp/\libhal_bsp.a(alt_instruction_exception_entry.o)
                0x0000000000000160                alt_instruction_exception_entry
                0x000000000000018c                PROVIDE (__ram_exceptions_end, ABSOLUTE (.))
                0x0000000000000020                PROVIDE (__flash_exceptions_start, LOADADDR (.exceptions))

.text           0x000000000000018c    0x1262c
                0x000000000000018c                PROVIDE (stext, ABSOLUTE (.))
 *(.interp)
 *(.hash)
 *(.dynsym)
 *(.dynstr)
 *(.gnu.version)
 *(.gnu.version_d)
 *(.gnu.version_r)
 *(.rel.init)
 *(.rela.init)
 *(.rel.text .rel.text.* .rel.gnu.linkonce.t.*)
 *(.rela.text .rela.text.* .rela.gnu.linkonce.t.*)
 *(.rel.fini)
 *(.rela.fini)
 *(.rel.rodata .rel.rodata.* .rel.gnu.linkonce.r.*)
 *(.rela.rodata .rela.rodata.* .rela.gnu.linkonce.r.*)
 *(.rel.data .rel.data.* .rel.gnu.linkonce.d.*)
 *(.rela.data .rela.data.* .rela.gnu.linkonce.d.*)
 *(.rel.tdata .rel.tdata.* .rel.gnu.linkonce.td.*)
 *(.rela.tdata .rela.tdata.* .rela.gnu.linkonce.td.*)
 *(.rel.tbss .rel.tbss.* .rel.gnu.linkonce.tb.*)
 *(.rela.tbss .rela.tbss.* .rela.gnu.linkonce.tb.*)
 *(.rel.ctors)
 *(.rela.ctors)
 *(.rel.dtors)
 *(.rela.dtors)
 *(.rel.got)
 *(.rela.got)
 *(.rel.sdata .rel.sdata.* .rel.gnu.linkonce.s.*)
 *(.rela.sdata .rela.sdata.* .rela.gnu.linkonce.s.*)
 *(.rel.sbss .rel.sbss.* .rel.gnu.linkonce.sb.*)
 *(.rela.sbss .rela.sbss.* .rela.gnu.linkonce.sb.*)
 *(.rel.sdata2 .rel.sdata2.* .rel.gnu.linkonce.s2.*)
 *(.rela.sdata2 .rela.sdata2.* .rela.gnu.linkonce.s2.*)
 *(.rel.sbss2 .rel.sbss2.* .rel.gnu.linkonce.sb2.*)
 *(.rela.sbss2 .rela.sbss2.* .rela.gnu.linkonce.sb2.*)
 *(.rel.bss .rel.bss.* .rel.gnu.linkonce.b.*)
 *(.rela.bss .rela.bss.* .rela.gnu.linkonce.b.*)
 *(.rel.plt)
 *(.rela.plt)
 *(.rel.dyn)
 *(.init)
 *(.plt)
 *(.text .stub .text.* .gnu.linkonce.t.*)
 .text          0x000000000000018c       0x4c ../sodalite_ckplay_bsp//obj/HAL/src/crt0.o
                0x000000000000018c                _start
 .text          0x00000000000001d8      0x168 obj/default/ckplay_peridot.o
                0x00000000000001d8                open_ckdir
                0x000000000000021c                check_extck
                0x0000000000000290                get_ckfilename
 .text.startup  0x0000000000000340      0x1cc obj/default/ckplay_peridot.o
                0x0000000000000340                main
 .text          0x000000000000050c     0x3d84 obj/default/mmcfs/fatfs/ff.o
                0x0000000000000f60                clust2sect
                0x0000000000000f8c                get_fat
                0x000000000000125c                put_fat
                0x0000000000002300                gen_numname
                0x0000000000002798                f_mount
                0x00000000000027c8                f_open
                0x0000000000002a94                f_read
                0x0000000000002d6c                f_write
                0x00000000000030b4                f_sync
                0x00000000000031f4                f_close
                0x0000000000003220                f_lseek
                0x00000000000034f4                f_opendir
                0x00000000000035c4                f_readdir
                0x000000000000367c                f_stat
                0x0000000000003718                f_getfree
                0x0000000000003904                f_truncate
                0x0000000000003a54                f_unlink
                0x0000000000003bb0                f_mkdir
                0x0000000000003ed8                f_chmod
                0x0000000000003fb0                f_utime
                0x0000000000004084                f_rename
 .text          0x0000000000004290      0x9f4 obj/default/mmcfs/fatfs/mmcbb.o
                0x0000000000004640                disk_status
                0x00000000000046d0                disk_initialize
                0x00000000000048b0                disk_read
                0x00000000000049c8                disk_write
                0x0000000000004b1c                disk_ioctl
 .text          0x0000000000004c84       0xe4 obj/default/mmcfs/fatfs/option/cc932.o
                0x0000000000004c84                ff_convert
                0x0000000000004d14                ff_wtoupper
 .text          0x0000000000004d68        0x8 obj/default/mmcfs/gettime.o
                0x0000000000004d68                get_fattime
 .text          0x0000000000004d70      0x280 obj/default/mmcfs/mmc_spi.o
                0x0000000000004d70                mmc_spi_SetCardSelect
                0x0000000000004d84                mmc_spi_SetCardDeselect
                0x0000000000004d9c                mmc_spi_Sendbyte
                0x0000000000004dc0                mmc_spi_Recvbyte
                0x0000000000004df0                mmc_spi_DmaRecv
                0x0000000000004f04                mmc_spi_CheckCardDetect
                0x0000000000004f18                mmc_spi_CheckWritePortect
                0x0000000000004f40                mmc_spi_SetIdentClock
                0x0000000000004f50                mmc_spi_SetTransClock
                0x0000000000004f60                mmc_spi_SetTimer
                0x0000000000004f78                mmc_spi_CheckTimer
                0x0000000000004f88                mmc_spi_Wait100us
                0x0000000000004fa8                mmc_spi_InitSocket
 .text          0x0000000000004ff0      0x2fc obj/default/mmcfs/mmcfs.o
                0x0000000000004ff0                dev_mmcfs_fstat
                0x0000000000005020                dev_mmcfs_lseek
                0x0000000000005090                dev_mmcfs_write
                0x00000000000050c0                dev_mmcfs_read
                0x00000000000050f0                dev_mmcfs_close
                0x0000000000005160                dev_mmcfs_open
                0x000000000000528c                mmcfs_setup
 .text          0x00000000000052ec      0xa94 obj/default/nd_lib/nd_acm.o
                0x0000000000005578                nd_GsCkPlay
                0x00000000000059bc                nd_GsAcmDecode
                0x0000000000005a94                nd_acm_mcudecode_c
 .text          0x0000000000005d80      0xd1c obj/default/nd_lib/nd_egl.o
                0x0000000000005e18                nd_GsVgaVsync_isr
                0x0000000000005e50                nd_GsVgaVsync_isrenable
                0x0000000000005e70                nd_GsVgaVsync_isrdisable
                0x0000000000005e90                nd_GsVgaScanOn
                0x0000000000005ea8                nd_GsVgaScanOff
                0x0000000000005ec4                nd_GsVgaSetBuffer
                0x0000000000005ee0                nd_GsVgaInit
                0x0000000000005f18                nd_GsVgaWaitVsync
                0x0000000000005f38                nd_GsVgaVsync_getcount
                0x0000000000005f64                nd_GsVgaVsync_setcount
                0x0000000000005f90                nd_GsEglPage
                0x0000000000005ff0                nd_GsEglColor
                0x0000000000006000                nd_GsEglPset
                0x00000000000060cc                nd_GsEglBoxfill
                0x0000000000006248                nd_GsEglCircle
                0x00000000000063e8                nd_GsEglLine
                0x0000000000006548                nd_GsEglBox
                0x00000000000065d4                nd_GsEglPutcharFont
                0x0000000000006708                nd_GsEglPutstrFont
                0x00000000000067d4                nd_GsEglSetFont
                0x00000000000067e0                nd_GsEglPutchar
                0x00000000000068a4                nd_GsEglPutstr
                0x0000000000006900                nd_GsEglPutdec
                0x00000000000069dc                nd_GsEglPuthex2
                0x0000000000006a2c                nd_GsEglPuthex8
 .text          0x0000000000006a9c      0x4e8 obj/default/nd_lib/nd_acm_mcudecode.o
                0x0000000000006a9c                nd_acm_mcudecode_asm
 .text          0x0000000000006f84      0x130 c:/develop/altera/14.0/nios2eds/bin/gnu/h-x86_64-mingw32/bin/../lib/gcc/nios2-elf/4.7.3/mhw-mulx\libgcc.a(lib2-divmod.o)
                0x0000000000006ff8                __divsi3
                0x0000000000007048                __modsi3
                0x00000000000070a4                __udivsi3
                0x00000000000070ac                __umodsi3
 .text          0x00000000000070b4       0x28 c:/develop/altera/14.0/nios2eds/bin/gnu/h-x86_64-mingw32/bin/../lib/gcc/nios2-elf/4.7.3/../../../../../H-x86_64-mingw32/nios2-elf/lib/mhw-mulx\libc.a(lib_a-malloc.o)
                0x00000000000070b4                malloc
                0x00000000000070c8                free
 .text          0x00000000000070dc      0x784 c:/develop/altera/14.0/nios2eds/bin/gnu/h-x86_64-mingw32/bin/../lib/gcc/nios2-elf/4.7.3/../../../../../H-x86_64-mingw32/nios2-elf/lib/mhw-mulx\libc.a(lib_a-mallocr.o)
                0x00000000000070dc                _malloc_r
 .text          0x0000000000007860       0xf8 c:/develop/altera/14.0/nios2eds/bin/gnu/h-x86_64-mingw32/bin/../lib/gcc/nios2-elf/4.7.3/../../../../../H-x86_64-mingw32/nios2-elf/lib/mhw-mulx\libc.a(lib_a-memcpy.o)
                0x0000000000007860                memcpy
 .text          0x0000000000007958       0xdc c:/develop/altera/14.0/nios2eds/bin/gnu/h-x86_64-mingw32/bin/../lib/gcc/nios2-elf/4.7.3/../../../../../H-x86_64-mingw32/nios2-elf/lib/mhw-mulx\libc.a(lib_a-memset.o)
                0x0000000000007958                memset
 .text          0x0000000000007a34       0x68 c:/develop/altera/14.0/nios2eds/bin/gnu/h-x86_64-mingw32/bin/../lib/gcc/nios2-elf/4.7.3/../../../../../H-x86_64-mingw32/nios2-elf/lib/mhw-mulx\libc.a(lib_a-printf.o)
                0x0000000000007a34                _printf_r
                0x0000000000007a60                printf
 .text          0x0000000000007a9c       0x98 c:/develop/altera/14.0/nios2eds/bin/gnu/h-x86_64-mingw32/bin/../lib/gcc/nios2-elf/4.7.3/../../../../../H-x86_64-mingw32/nios2-elf/lib/mhw-mulx\libc.a(lib_a-puts.o)
                0x0000000000007a9c                _puts_r
                0x0000000000007b20                puts
 .text          0x0000000000007b34       0x64 c:/develop/altera/14.0/nios2eds/bin/gnu/h-x86_64-mingw32/bin/../lib/gcc/nios2-elf/4.7.3/../../../../../H-x86_64-mingw32/nios2-elf/lib/mhw-mulx\libc.a(lib_a-sbrkr.o)
                0x0000000000007b34                _sbrk_r
 .text          0x0000000000007b98       0x94 c:/develop/altera/14.0/nios2eds/bin/gnu/h-x86_64-mingw32/bin/../lib/gcc/nios2-elf/4.7.3/../../../../../H-x86_64-mingw32/nios2-elf/lib/mhw-mulx\libc.a(lib_a-strcpy.o)
                0x0000000000007b98                strcpy
 .text          0x0000000000007c2c       0x8c c:/develop/altera/14.0/nios2eds/bin/gnu/h-x86_64-mingw32/bin/../lib/gcc/nios2-elf/4.7.3/../../../../../H-x86_64-mingw32/nios2-elf/lib/mhw-mulx\libc.a(lib_a-strlen.o)
                0x0000000000007c2c                strlen
 .text          0x0000000000007cb8     0x1e50 c:/develop/altera/14.0/nios2eds/bin/gnu/h-x86_64-mingw32/bin/../lib/gcc/nios2-elf/4.7.3/../../../../../H-x86_64-mingw32/nios2-elf/lib/mhw-mulx\libc.a(lib_a-vfprintf.o)
                0x0000000000007cec                ___vfprintf_internal_r
                0x0000000000009ae4                __vfprintf_internal
 .text          0x0000000000009b08      0x174 c:/develop/altera/14.0/nios2eds/bin/gnu/h-x86_64-mingw32/bin/../lib/gcc/nios2-elf/4.7.3/../../../../../H-x86_64-mingw32/nios2-elf/lib/mhw-mulx\libc.a(lib_a-wsetup.o)
                0x0000000000009b08                __swsetup_r
 .text          0x0000000000009c7c     0x1824 c:/develop/altera/14.0/nios2eds/bin/gnu/h-x86_64-mingw32/bin/../lib/gcc/nios2-elf/4.7.3/../../../../../H-x86_64-mingw32/nios2-elf/lib/mhw-mulx\libc.a(lib_a-dtoa.o)
                0x0000000000009e84                _dtoa_r
 .text          0x000000000000b4a0      0x218 c:/develop/altera/14.0/nios2eds/bin/gnu/h-x86_64-mingw32/bin/../lib/gcc/nios2-elf/4.7.3/../../../../../H-x86_64-mingw32/nios2-elf/lib/mhw-mulx\libc.a(lib_a-fflush.o)
                0x000000000000b4a0                _fflush_r
                0x000000000000b688                fflush
 .text          0x000000000000b6b8      0x2d8 c:/develop/altera/14.0/nios2eds/bin/gnu/h-x86_64-mingw32/bin/../lib/gcc/nios2-elf/4.7.3/../../../../../H-x86_64-mingw32/nios2-elf/lib/mhw-mulx\libc.a(lib_a-findfp.o)
                0x000000000000b6c8                _cleanup_r
                0x000000000000b6d4                __sfmoreglue
                0x000000000000b738                _cleanup
                0x000000000000b748                __sinit
                0x000000000000b854                __sfp
                0x000000000000b950                __sfp_lock_acquire
                0x000000000000b954                __sfp_lock_release
                0x000000000000b958                __sinit_lock_acquire
                0x000000000000b95c                __sinit_lock_release
                0x000000000000b960                __fp_lock_all
                0x000000000000b978                __fp_unlock_all
 .text          0x000000000000b990      0x40c c:/develop/altera/14.0/nios2eds/bin/gnu/h-x86_64-mingw32/bin/../lib/gcc/nios2-elf/4.7.3/../../../../../H-x86_64-mingw32/nios2-elf/lib/mhw-mulx\libc.a(lib_a-freer.o)
                0x000000000000b990                _malloc_trim_r
                0x000000000000bacc                _free_r
 .text          0x000000000000bd9c      0x4e4 c:/develop/altera/14.0/nios2eds/bin/gnu/h-x86_64-mingw32/bin/../lib/gcc/nios2-elf/4.7.3/../../../../../H-x86_64-mingw32/nios2-elf/lib/mhw-mulx\libc.a(lib_a-fvwrite.o)
                0x000000000000bd9c                __sfvwrite_r
 .text          0x000000000000c280      0x160 c:/develop/altera/14.0/nios2eds/bin/gnu/h-x86_64-mingw32/bin/../lib/gcc/nios2-elf/4.7.3/../../../../../H-x86_64-mingw32/nios2-elf/lib/mhw-mulx\libc.a(lib_a-fwalk.o)
                0x000000000000c280                _fwalk
                0x000000000000c328                _fwalk_reent
 .text          0x000000000000c3e0        0x0 c:/develop/altera/14.0/nios2eds/bin/gnu/h-x86_64-mingw32/bin/../lib/gcc/nios2-elf/4.7.3/../../../../../H-x86_64-mingw32/nios2-elf/lib/mhw-mulx\libc.a(lib_a-impure.o)
 .text          0x000000000000c3e0        0x0 c:/develop/altera/14.0/nios2eds/bin/gnu/h-x86_64-mingw32/bin/../lib/gcc/nios2-elf/4.7.3/../../../../../H-x86_64-mingw32/nios2-elf/lib/mhw-mulx\libc.a(lib_a-int_errno.o)
 .text          0x000000000000c3e0       0xdc c:/develop/altera/14.0/nios2eds/bin/gnu/h-x86_64-mingw32/bin/../lib/gcc/nios2-elf/4.7.3/../../../../../H-x86_64-mingw32/nios2-elf/lib/mhw-mulx\libc.a(lib_a-locale.o)
                0x000000000000c3e0                _setlocale_r
                0x000000000000c47c                __locale_charset
                0x000000000000c488                _localeconv_r
                0x000000000000c494                setlocale
                0x000000000000c4b0                localeconv
 .text          0x000000000000c4bc      0x1a8 c:/develop/altera/14.0/nios2eds/bin/gnu/h-x86_64-mingw32/bin/../lib/gcc/nios2-elf/4.7.3/../../../../../H-x86_64-mingw32/nios2-elf/lib/mhw-mulx\libc.a(lib_a-makebuf.o)
                0x000000000000c4bc                __smakebuf_r
 .text          0x000000000000c664       0xf8 c:/develop/altera/14.0/nios2eds/bin/gnu/h-x86_64-mingw32/bin/../lib/gcc/nios2-elf/4.7.3/../../../../../H-x86_64-mingw32/nios2-elf/lib/mhw-mulx\libc.a(lib_a-memchr.o)
                0x000000000000c664                memchr
 .text          0x000000000000c75c      0x128 c:/develop/altera/14.0/nios2eds/bin/gnu/h-x86_64-mingw32/bin/../lib/gcc/nios2-elf/4.7.3/../../../../../H-x86_64-mingw32/nios2-elf/lib/mhw-mulx\libc.a(lib_a-memmove.o)
                0x000000000000c75c                memmove
 .text          0x000000000000c884      0xfa8 c:/develop/altera/14.0/nios2eds/bin/gnu/h-x86_64-mingw32/bin/../lib/gcc/nios2-elf/4.7.3/../../../../../H-x86_64-mingw32/nios2-elf/lib/mhw-mulx\libc.a(lib_a-mprec.o)
                0x000000000000c884                _Balloc
                0x000000000000c92c                _Bfree
                0x000000000000c954                __multadd
                0x000000000000ca68                __s2b
                0x000000000000cb6c                __hi0bits
                0x000000000000cbd4                __lo0bits
                0x000000000000cc84                __i2b
                0x000000000000ccc0                __multiply
                0x000000000000cea0                __pow5mult
                0x000000000000cfcc                __lshift
                0x000000000000d128                __mcmp
                0x000000000000d180                __mdiff
                0x000000000000d328                __ulp
                0x000000000000d388                __b2d
                0x000000000000d4d0                __d2b
                0x000000000000d614                __ratio
                0x000000000000d6b8                _mprec_log10
                0x000000000000d72c                __copybits
                0x000000000000d7a8                __any_on
 .text          0x000000000000d82c      0x5fc c:/develop/altera/14.0/nios2eds/bin/gnu/h-x86_64-mingw32/bin/../lib/gcc/nios2-elf/4.7.3/../../../../../H-x86_64-mingw32/nios2-elf/lib/mhw-mulx\libc.a(lib_a-reallocr.o)
                0x000000000000d82c                _realloc_r
 .text          0x000000000000de28       0x38 c:/develop/altera/14.0/nios2eds/bin/gnu/h-x86_64-mingw32/bin/../lib/gcc/nios2-elf/4.7.3/../../../../../H-x86_64-mingw32/nios2-elf/lib/mhw-mulx\libc.a(lib_a-s_isinfd.o)
                0x000000000000de28                __isinfd
 .text          0x000000000000de60       0x2c c:/develop/altera/14.0/nios2eds/bin/gnu/h-x86_64-mingw32/bin/../lib/gcc/nios2-elf/4.7.3/../../../../../H-x86_64-mingw32/nios2-elf/lib/mhw-mulx\libc.a(lib_a-s_isnand.o)
                0x000000000000de60                __isnand
 .text          0x000000000000de8c      0x140 c:/develop/altera/14.0/nios2eds/bin/gnu/h-x86_64-mingw32/bin/../lib/gcc/nios2-elf/4.7.3/../../../../../H-x86_64-mingw32/nios2-elf/lib/mhw-mulx\libc.a(lib_a-stdio.o)
                0x000000000000de8c                __sread
                0x000000000000dee0                __swrite
                0x000000000000df68                __sseek
                0x000000000000dfc4                __sclose
 .text          0x000000000000dfcc       0xa4 c:/develop/altera/14.0/nios2eds/bin/gnu/h-x86_64-mingw32/bin/../lib/gcc/nios2-elf/4.7.3/../../../../../H-x86_64-mingw32/nios2-elf/lib/mhw-mulx\libc.a(lib_a-strcmp.o)
                0x000000000000dfcc                strcmp
 .text          0x000000000000e070       0x6c c:/develop/altera/14.0/nios2eds/bin/gnu/h-x86_64-mingw32/bin/../lib/gcc/nios2-elf/4.7.3/../../../../../H-x86_64-mingw32/nios2-elf/lib/mhw-mulx\libc.a(lib_a-writer.o)
                0x000000000000e070                _write_r
 .text          0x000000000000e0dc       0xbc c:/develop/altera/14.0/nios2eds/bin/gnu/h-x86_64-mingw32/bin/../lib/gcc/nios2-elf/4.7.3/../../../../../H-x86_64-mingw32/nios2-elf/lib/mhw-mulx\libc.a(lib_a-callocr.o)
                0x000000000000e0dc                _calloc_r
 .text          0x000000000000e198       0x64 c:/develop/altera/14.0/nios2eds/bin/gnu/h-x86_64-mingw32/bin/../lib/gcc/nios2-elf/4.7.3/../../../../../H-x86_64-mingw32/nios2-elf/lib/mhw-mulx\libc.a(lib_a-closer.o)
                0x000000000000e198                _close_r
 .text          0x000000000000e1fc      0x150 c:/develop/altera/14.0/nios2eds/bin/gnu/h-x86_64-mingw32/bin/../lib/gcc/nios2-elf/4.7.3/../../../../../H-x86_64-mingw32/nios2-elf/lib/mhw-mulx\libc.a(lib_a-fclose.o)
                0x000000000000e1fc                _fclose_r
                0x000000000000e338                fclose
 .text          0x000000000000e34c       0x68 c:/develop/altera/14.0/nios2eds/bin/gnu/h-x86_64-mingw32/bin/../lib/gcc/nios2-elf/4.7.3/../../../../../H-x86_64-mingw32/nios2-elf/lib/mhw-mulx\libc.a(lib_a-fstatr.o)
                0x000000000000e34c                _fstat_r
 .text          0x000000000000e3b4       0x64 c:/develop/altera/14.0/nios2eds/bin/gnu/h-x86_64-mingw32/bin/../lib/gcc/nios2-elf/4.7.3/../../../../../H-x86_64-mingw32/nios2-elf/lib/mhw-mulx\libc.a(lib_a-isattyr.o)
                0x000000000000e3b4                _isatty_r
 .text          0x000000000000e418       0x6c c:/develop/altera/14.0/nios2eds/bin/gnu/h-x86_64-mingw32/bin/../lib/gcc/nios2-elf/4.7.3/../../../../../H-x86_64-mingw32/nios2-elf/lib/mhw-mulx\libc.a(lib_a-lseekr.o)
                0x000000000000e418                _lseek_r
 .text          0x000000000000e484       0x6c c:/develop/altera/14.0/nios2eds/bin/gnu/h-x86_64-mingw32/bin/../lib/gcc/nios2-elf/4.7.3/../../../../../H-x86_64-mingw32/nios2-elf/lib/mhw-mulx\libc.a(lib_a-readr.o)
                0x000000000000e484                _read_r
 .text          0x000000000000e4f0      0x5c8 c:/develop/altera/14.0/nios2eds/bin/gnu/h-x86_64-mingw32/bin/../lib/gcc/nios2-elf/4.7.3/mhw-mulx\libgcc.a(_udivdi3.o)
                0x000000000000e4f0                __udivdi3
 .text          0x000000000000eab8      0x58c c:/develop/altera/14.0/nios2eds/bin/gnu/h-x86_64-mingw32/bin/../lib/gcc/nios2-elf/4.7.3/mhw-mulx\libgcc.a(_umoddi3.o)
                0x000000000000eab8                __umoddi3
 .text          0x000000000000f044      0x408 c:/develop/altera/14.0/nios2eds/bin/gnu/h-x86_64-mingw32/bin/../lib/gcc/nios2-elf/4.7.3/mhw-mulx\libgcc.a(_addsub_df.o)
                0x000000000000f398                __adddf3
                0x000000000000f3ec                __subdf3
 .text          0x000000000000f44c      0x260 c:/develop/altera/14.0/nios2eds/bin/gnu/h-x86_64-mingw32/bin/../lib/gcc/nios2-elf/4.7.3/mhw-mulx\libgcc.a(_mul_df.o)
                0x000000000000f44c                __muldf3
 .text          0x000000000000f6ac      0x1b4 c:/develop/altera/14.0/nios2eds/bin/gnu/h-x86_64-mingw32/bin/../lib/gcc/nios2-elf/4.7.3/mhw-mulx\libgcc.a(_div_df.o)
                0x000000000000f6ac                __divdf3
 .text          0x000000000000f860       0x5c c:/develop/altera/14.0/nios2eds/bin/gnu/h-x86_64-mingw32/bin/../lib/gcc/nios2-elf/4.7.3/mhw-mulx\libgcc.a(_eq_df.o)
                0x000000000000f860                __eqdf2
 .text          0x000000000000f8bc       0x5c c:/develop/altera/14.0/nios2eds/bin/gnu/h-x86_64-mingw32/bin/../lib/gcc/nios2-elf/4.7.3/mhw-mulx\libgcc.a(_ne_df.o)
                0x000000000000f8bc                __nedf2
 .text          0x000000000000f918       0x64 c:/develop/altera/14.0/nios2eds/bin/gnu/h-x86_64-mingw32/bin/../lib/gcc/nios2-elf/4.7.3/mhw-mulx\libgcc.a(_gt_df.o)
                0x000000000000f918                __gtdf2
 .text          0x000000000000f97c       0x64 c:/develop/altera/14.0/nios2eds/bin/gnu/h-x86_64-mingw32/bin/../lib/gcc/nios2-elf/4.7.3/mhw-mulx\libgcc.a(_ge_df.o)
                0x000000000000f97c                __gedf2
 .text          0x000000000000f9e0       0x5c c:/develop/altera/14.0/nios2eds/bin/gnu/h-x86_64-mingw32/bin/../lib/gcc/nios2-elf/4.7.3/mhw-mulx\libgcc.a(_lt_df.o)
                0x000000000000f9e0                __ltdf2
 .text          0x000000000000fa3c       0xd4 c:/develop/altera/14.0/nios2eds/bin/gnu/h-x86_64-mingw32/bin/../lib/gcc/nios2-elf/4.7.3/mhw-mulx\libgcc.a(_si_to_df.o)
                0x000000000000fa3c                __floatsidf
 .text          0x000000000000fb10       0xc4 c:/develop/altera/14.0/nios2eds/bin/gnu/h-x86_64-mingw32/bin/../lib/gcc/nios2-elf/4.7.3/mhw-mulx\libgcc.a(_df_to_si.o)
                0x000000000000fb10                __fixdfsi
 .text          0x000000000000fbd4        0x0 c:/develop/altera/14.0/nios2eds/bin/gnu/h-x86_64-mingw32/bin/../lib/gcc/nios2-elf/4.7.3/mhw-mulx\libgcc.a(_thenan_df.o)
 .text          0x000000000000fbd4      0x11c c:/develop/altera/14.0/nios2eds/bin/gnu/h-x86_64-mingw32/bin/../lib/gcc/nios2-elf/4.7.3/mhw-mulx\libgcc.a(_usi_to_df.o)
                0x000000000000fbd4                __floatunsidf
 .text          0x000000000000fcf0        0x0 c:/develop/altera/14.0/nios2eds/bin/gnu/h-x86_64-mingw32/bin/../lib/gcc/nios2-elf/4.7.3/mhw-mulx\libgcc.a(_clz.o)
 .text          0x000000000000fcf0       0xac c:/develop/altera/14.0/nios2eds/bin/gnu/h-x86_64-mingw32/bin/../lib/gcc/nios2-elf/4.7.3/mhw-mulx\libgcc.a(_clzsi2.o)
                0x000000000000fcf0                __clzsi2
 .text          0x000000000000fd9c      0x224 c:/develop/altera/14.0/nios2eds/bin/gnu/h-x86_64-mingw32/bin/../lib/gcc/nios2-elf/4.7.3/mhw-mulx\libgcc.a(_pack_df.o)
                0x000000000000fd9c                __pack_d
 .text          0x000000000000ffc0      0x104 c:/develop/altera/14.0/nios2eds/bin/gnu/h-x86_64-mingw32/bin/../lib/gcc/nios2-elf/4.7.3/mhw-mulx\libgcc.a(_unpack_df.o)
                0x000000000000ffc0                __unpack_d
 .text          0x00000000000100c4       0xd0 c:/develop/altera/14.0/nios2eds/bin/gnu/h-x86_64-mingw32/bin/../lib/gcc/nios2-elf/4.7.3/mhw-mulx\libgcc.a(_fpcmp_parts_df.o)
                0x00000000000100c4                __fpcmp_parts_d
 .text          0x0000000000010194       0x44 c:/develop/altera/14.0/nios2eds/bin/gnu/h-x86_64-mingw32/bin/../lib/gcc/nios2-elf/4.7.3/mhw-mulx\libgcc.a(_lshrdi3.o)
                0x0000000000010194                __lshrdi3
 .text          0x00000000000101d8       0x44 c:/develop/altera/14.0/nios2eds/bin/gnu/h-x86_64-mingw32/bin/../lib/gcc/nios2-elf/4.7.3/mhw-mulx\libgcc.a(_ashldi3.o)
                0x00000000000101d8                __ashldi3
 .text          0x000000000001021c       0xe0 ../sodalite_ckplay_bsp/\libhal_bsp.a(alt_close.o)
                0x000000000001021c                close
 .text          0x00000000000102fc       0x40 ../sodalite_ckplay_bsp/\libhal_bsp.a(alt_dcache_flush.o)
                0x00000000000102fc                alt_dcache_flush
 .text          0x000000000001033c        0x8 ../sodalite_ckplay_bsp/\libhal_bsp.a(alt_dev.o)
 .text          0x0000000000010344        0x0 ../sodalite_ckplay_bsp/\libhal_bsp.a(alt_errno.o)
 .text          0x0000000000010344       0x38 ../sodalite_ckplay_bsp/\libhal_bsp.a(alt_fs_reg.o)
                0x0000000000010344                alt_fs_reg
 .text          0x000000000001037c       0x7c ../sodalite_ckplay_bsp/\libhal_bsp.a(alt_fstat.o)
                0x000000000001037c                fstat
 .text          0x00000000000103f8       0x8c ../sodalite_ckplay_bsp/\libhal_bsp.a(alt_isatty.o)
                0x00000000000103f8                isatty
 .text          0x0000000000010484      0x114 ../sodalite_ckplay_bsp/\libhal_bsp.a(alt_load.o)
                0x0000000000010484                alt_load
 .text          0x0000000000010598       0x84 ../sodalite_ckplay_bsp/\libhal_bsp.a(alt_lseek.o)
                0x0000000000010598                lseek
 .text          0x000000000001061c       0x60 ../sodalite_ckplay_bsp/\libhal_bsp.a(alt_main.o)
                0x000000000001061c                alt_main
 .text          0x000000000001067c        0x8 ../sodalite_ckplay_bsp/\libhal_bsp.a(alt_malloc_lock.o)
                0x000000000001067c                __malloc_lock
                0x0000000000010680                __malloc_unlock
 .text          0x0000000000010684       0xec ../sodalite_ckplay_bsp/\libhal_bsp.a(alt_read.o)
                0x0000000000010684                read
 .text          0x0000000000010770       0x24 ../sodalite_ckplay_bsp/\libhal_bsp.a(alt_release_fd.o)
                0x0000000000010770                alt_release_fd
 .text          0x0000000000010794       0x4c ../sodalite_ckplay_bsp/\libhal_bsp.a(alt_sbrk.o)
                0x0000000000010794                sbrk
 .text          0x00000000000107e0       0x10 ../sodalite_ckplay_bsp/\libhal_bsp.a(alt_uncached_free.o)
                0x00000000000107e0                alt_uncached_free
 .text          0x00000000000107f0       0x5c ../sodalite_ckplay_bsp/\libhal_bsp.a(alt_uncached_malloc.o)
                0x00000000000107f0                alt_uncached_malloc
 .text          0x000000000001084c       0xe8 ../sodalite_ckplay_bsp/\libhal_bsp.a(alt_write.o)
                0x000000000001084c                write
 .text          0x0000000000010934       0x90 ../sodalite_ckplay_bsp/\libhal_bsp.a(alt_sys_init.o)
                0x0000000000010934                alt_irq_init
                0x0000000000010954                alt_sys_init
 .text          0x00000000000109c4       0x3c ../sodalite_ckplay_bsp/\libhal_bsp.a(altera_avalon_jtag_uart_fd.o)
                0x00000000000109c4                altera_avalon_jtag_uart_read_fd
                0x00000000000109d4                altera_avalon_jtag_uart_write_fd
                0x00000000000109e4                altera_avalon_jtag_uart_close_fd
                0x00000000000109f4                altera_avalon_jtag_uart_ioctl_fd
 .text          0x0000000000010a00      0x214 ../sodalite_ckplay_bsp/\libhal_bsp.a(altera_avalon_jtag_uart_init.o)
                0x0000000000010b60                altera_avalon_jtag_uart_init
                0x0000000000010be0                altera_avalon_jtag_uart_close
 .text          0x0000000000010c14       0x74 ../sodalite_ckplay_bsp/\libhal_bsp.a(altera_avalon_jtag_uart_ioctl.o)
                0x0000000000010c14                altera_avalon_jtag_uart_ioctl
 .text          0x0000000000010c88      0x134 ../sodalite_ckplay_bsp/\libhal_bsp.a(altera_avalon_jtag_uart_read.o)
                0x0000000000010c88                altera_avalon_jtag_uart_read
 .text          0x0000000000010dbc      0x184 ../sodalite_ckplay_bsp/\libhal_bsp.a(altera_avalon_jtag_uart_write.o)
                0x0000000000010dbc                altera_avalon_jtag_uart_write
 .text          0x0000000000010f40       0x8c ../sodalite_ckplay_bsp/\libhal_bsp.a(altera_avalon_timer_sc.o)
                0x0000000000010f7c                alt_avalon_timer_sc_init
 .text          0x0000000000010fcc       0x10 ../sodalite_ckplay_bsp/\libhal_bsp.a(altera_modular_adc.o)
                0x0000000000010fcc                altera_modular_adc_init
                0x0000000000010fd4                altera_modular_adc_open
 .text          0x0000000000010fdc      0x94c ../sodalite_ckplay_bsp/\libhal_bsp.a(altera_onchip_flash.o)
                0x0000000000010fdc                alt_onchip_flash_read
                0x0000000000011060                alt_onchip_flash_get_info
                0x00000000000110a8                alt_onchip_flash_erase_block
                0x00000000000111e8                alt_onchip_flash_write_block
                0x00000000000113f8                alt_onchip_flash_write
                0x00000000000115cc                altera_onchip_flash_init
                0x000000000001188c                alt_onchip_flash_poll_for_status_to_go_idle
                0x00000000000118c0                alt_onchip_flash_poll_for_status_erase_passed
                0x00000000000118f4                alt_onchip_flash_poll_for_status_write_passed
 .text          0x0000000000011928       0x94 ../sodalite_ckplay_bsp/\libhal_bsp.a(alt_alarm_start.o)
                0x0000000000011928                alt_alarm_start
 .text          0x00000000000119bc       0x18 ../sodalite_ckplay_bsp/\libhal_bsp.a(alt_dcache_flush_all.o)
                0x00000000000119bc                alt_dcache_flush_all
 .text          0x00000000000119d4       0x6c ../sodalite_ckplay_bsp/\libhal_bsp.a(alt_dev_llist_insert.o)
                0x00000000000119d4                alt_dev_llist_insert
 .text          0x0000000000011a40       0x64 ../sodalite_ckplay_bsp/\libhal_bsp.a(alt_do_ctors.o)
                0x0000000000011a40                _do_ctors
 .text          0x0000000000011aa4       0x64 ../sodalite_ckplay_bsp/\libhal_bsp.a(alt_do_dtors.o)
                0x0000000000011aa4                _do_dtors
 .text          0x0000000000011b08       0x94 ../sodalite_ckplay_bsp/\libhal_bsp.a(alt_find_dev.o)
                0x0000000000011b08                alt_find_dev
 .text          0x0000000000011b9c       0x60 ../sodalite_ckplay_bsp/\libhal_bsp.a(alt_flash_dev.o)
                0x0000000000011b9c                alt_flash_open_dev
                0x0000000000011be8                alt_flash_close_dev
 .text          0x0000000000011bfc        0xc ../sodalite_ckplay_bsp/\libhal_bsp.a(alt_icache_flush_all.o)
                0x0000000000011bfc                alt_icache_flush_all
 .text          0x0000000000011c08       0x9c ../sodalite_ckplay_bsp/\libhal_bsp.a(alt_iic.o)
                0x0000000000011c08                alt_ic_isr_register
                0x0000000000011c0c                alt_ic_irq_enable
                0x0000000000011c4c                alt_ic_irq_disable
                0x0000000000011c8c                alt_ic_irq_enabled
 .text          0x0000000000011ca4       0x68 ../sodalite_ckplay_bsp/\libhal_bsp.a(alt_iic_isr_register.o)
                0x0000000000011ca4                alt_iic_isr_register
 .text          0x0000000000011d0c       0xe8 ../sodalite_ckplay_bsp/\libhal_bsp.a(alt_io_redirect.o)
                0x0000000000011d7c                alt_io_redirect
 .text          0x0000000000011df4        0x0 ../sodalite_ckplay_bsp/\libhal_bsp.a(alt_irq_entry.o)
 .text          0x0000000000011df4        0x0 ../sodalite_ckplay_bsp/\libhal_bsp.a(alt_irq_handler.o)
 .text          0x0000000000011df4        0x0 ../sodalite_ckplay_bsp/\libhal_bsp.a(alt_irq_vars.o)
 .text          0x0000000000011df4      0x17c ../sodalite_ckplay_bsp/\libhal_bsp.a(alt_open.o)
                0x0000000000011df4                open
 .text          0x0000000000011f70      0x128 ../sodalite_ckplay_bsp/\libhal_bsp.a(alt_tick.o)
                0x0000000000011f70                alt_alarm_stop
                0x0000000000011fa4                alt_tick
 .text          0x0000000000012098        0x8 ../sodalite_ckplay_bsp/\libhal_bsp.a(altera_nios2_gen2_irq.o)
                0x0000000000012098                altera_nios2_gen2_irq_init
 .text          0x00000000000120a0        0x0 ../sodalite_ckplay_bsp/\libhal_bsp.a(alt_exception_entry.o)
 .text          0x00000000000120a0       0xac ../sodalite_ckplay_bsp/\libhal_bsp.a(alt_find_file.o)
                0x00000000000120a0                alt_find_file
 .text          0x000000000001214c       0x58 ../sodalite_ckplay_bsp/\libhal_bsp.a(alt_get_fd.o)
                0x000000000001214c                alt_get_fd
 .text          0x00000000000121a4       0x50 ../sodalite_ckplay_bsp/\libhal_bsp.a(alt_icache_flush.o)
                0x00000000000121a4                alt_icache_flush
 .text          0x00000000000121f4       0x30 ../sodalite_ckplay_bsp/\libhal_bsp.a(alt_instruction_exception_entry.o)
                0x00000000000121f4                alt_exception_cause_generated_bad_addr
 .text          0x0000000000012224       0x14 c:/develop/altera/14.0/nios2eds/bin/gnu/h-x86_64-mingw32/bin/../lib/gcc/nios2-elf/4.7.3/../../../../../H-x86_64-mingw32/nios2-elf/lib/mhw-mulx\libc.a(lib_a-atexit.o)
                0x0000000000012224                atexit
 .text          0x0000000000012238       0x38 c:/develop/altera/14.0/nios2eds/bin/gnu/h-x86_64-mingw32/bin/../lib/gcc/nios2-elf/4.7.3/../../../../../H-x86_64-mingw32/nios2-elf/lib/mhw-mulx\libc.a(lib_a-exit.o)
                0x0000000000012238                exit
 .text          0x0000000000012270       0x1c c:/develop/altera/14.0/nios2eds/bin/gnu/h-x86_64-mingw32/bin/../lib/gcc/nios2-elf/4.7.3/../../../../../H-x86_64-mingw32/nios2-elf/lib/mhw-mulx\libc.a(lib_a-malign.o)
                0x0000000000012270                memalign
 .text          0x000000000001228c      0x1cc c:/develop/altera/14.0/nios2eds/bin/gnu/h-x86_64-mingw32/bin/../lib/gcc/nios2-elf/4.7.3/../../../../../H-x86_64-mingw32/nios2-elf/lib/mhw-mulx\libc.a(lib_a-malignr.o)
                0x000000000001228c                _memalign_r
 .text          0x0000000000012458       0x7c c:/develop/altera/14.0/nios2eds/bin/gnu/h-x86_64-mingw32/bin/../lib/gcc/nios2-elf/4.7.3/../../../../../H-x86_64-mingw32/nios2-elf/lib/mhw-mulx\libc.a(lib_a-memcmp.o)
                0x0000000000012458                memcmp
 .text          0x00000000000124d4      0x130 c:/develop/altera/14.0/nios2eds/bin/gnu/h-x86_64-mingw32/bin/../lib/gcc/nios2-elf/4.7.3/../../../../../H-x86_64-mingw32/nios2-elf/lib/mhw-mulx\libc.a(lib_a-__atexit.o)
                0x00000000000124d4                __register_exitproc
 .text          0x0000000000012604      0x1a0 c:/develop/altera/14.0/nios2eds/bin/gnu/h-x86_64-mingw32/bin/../lib/gcc/nios2-elf/4.7.3/../../../../../H-x86_64-mingw32/nios2-elf/lib/mhw-mulx\libc.a(lib_a-__call_atexit.o)
                0x0000000000012604                __call_exitprocs
 .text          0x00000000000127a4       0x14 ../sodalite_ckplay_bsp/\libhal_bsp.a(alt_exit.o)
                0x00000000000127a4                _exit
 *(.gnu.warning.*)
 *(.fini)
                0x00000000000127b8                PROVIDE (__etext, ABSOLUTE (.))
                0x00000000000127b8                PROVIDE (_etext, ABSOLUTE (.))
                0x00000000000127b8                PROVIDE (etext, ABSOLUTE (.))
 *(.eh_frame_hdr)
                0x00000000000127b8                . = ALIGN (0x4)
                0x00000000000127b8                PROVIDE (__preinit_array_start, ABSOLUTE (.))
 *(.preinit_array)
                0x00000000000127b8                PROVIDE (__preinit_array_end, ABSOLUTE (.))
                0x00000000000127b8                PROVIDE (__init_array_start, ABSOLUTE (.))
 *(.init_array)
                0x00000000000127b8                PROVIDE (__init_array_end, ABSOLUTE (.))
                0x00000000000127b8                PROVIDE (__fini_array_start, ABSOLUTE (.))
 *(.fini_array)
                0x00000000000127b8                PROVIDE (__fini_array_end, ABSOLUTE (.))
 *(.eh_frame)
 *(.gcc_except_table .gcc_except_table.*)
 *(.dynamic)
                0x00000000000127b8                PROVIDE (__CTOR_LIST__, ABSOLUTE (.))
 *(.ctors)
 *(SORT(.ctors.*))
                0x00000000000127b8                PROVIDE (__CTOR_END__, ABSOLUTE (.))
                0x00000000000127b8                PROVIDE (__DTOR_LIST__, ABSOLUTE (.))
 *(.dtors)
 *(SORT(.dtors.*))
                0x00000000000127b8                PROVIDE (__DTOR_END__, ABSOLUTE (.))
 *(.jcr)
                0x00000000000127b8                . = ALIGN (0x4)

.rodata         0x00000000000127b8     0xf40c
                0x00000000000127b8                PROVIDE (__ram_rodata_start, ABSOLUTE (.))
                0x00000000000127b8                . = ALIGN (0x4)
 *(.rodata .rodata.* .gnu.linkonce.r.*)
 .rodata.str1.4
                0x00000000000127b8       0xf8 obj/default/ckplay_peridot.o
 .rodata.str1.4
                0x00000000000128b0       0x13 obj/default/mmcfs/fatfs/ff.o
                                         0x14 (size before relaxing)
 .rodata        0x00000000000128c3        0xd obj/default/mmcfs/fatfs/ff.o
 .rodata        0x00000000000128d0     0xeab0 obj/default/mmcfs/fatfs/option/cc932.o
 .rodata.str1.4
                0x0000000000021380        0x7 obj/default/mmcfs/mmcfs.o
                                          0x8 (size before relaxing)
 *fill*         0x0000000000021387        0x1 
 .rodata.str1.4
                0x0000000000021388       0x73 obj/default/nd_lib/nd_acm.o
                                         0x74 (size before relaxing)
 *fill*         0x00000000000213fb        0x1 
 .rodata        0x00000000000213fc       0x40 obj/default/nd_lib/nd_acm.o
 .rodata        0x000000000002143c      0x400 obj/default/nd_lib/nd_egl.o
                0x000000000002143c                nd_GsEglRomFont
 .rodata.str1.4
                0x0000000000000000       0x73 c:/develop/altera/14.0/nios2eds/bin/gnu/h-x86_64-mingw32/bin/../lib/gcc/nios2-elf/4.7.3/../../../../../H-x86_64-mingw32/nios2-elf/lib/mhw-mulx\libc.a(lib_a-puts.o)
                                          0x4 (size before relaxing)
 .rodata.str1.4
                0x000000000002183c       0x42 c:/develop/altera/14.0/nios2eds/bin/gnu/h-x86_64-mingw32/bin/../lib/gcc/nios2-elf/4.7.3/../../../../../H-x86_64-mingw32/nios2-elf/lib/mhw-mulx\libc.a(lib_a-vfprintf.o)
                                         0x44 (size before relaxing)
 .rodata        0x000000000002187e       0x20 c:/develop/altera/14.0/nios2eds/bin/gnu/h-x86_64-mingw32/bin/../lib/gcc/nios2-elf/4.7.3/../../../../../H-x86_64-mingw32/nios2-elf/lib/mhw-mulx\libc.a(lib_a-vfprintf.o)
 *fill*         0x000000000002189e        0x2 
 .rodata.str1.4
                0x00000000000218a0       0x10 c:/develop/altera/14.0/nios2eds/bin/gnu/h-x86_64-mingw32/bin/../lib/gcc/nios2-elf/4.7.3/../../../../../H-x86_64-mingw32/nios2-elf/lib/mhw-mulx\libc.a(lib_a-dtoa.o)
                                         0x14 (size before relaxing)
 .rodata.str1.4
                0x00000000000218b0        0x2 c:/develop/altera/14.0/nios2eds/bin/gnu/h-x86_64-mingw32/bin/../lib/gcc/nios2-elf/4.7.3/../../../../../H-x86_64-mingw32/nios2-elf/lib/mhw-mulx\libc.a(lib_a-impure.o)
                                          0x4 (size before relaxing)
 *fill*         0x00000000000218b2        0x2 
 .rodata.str1.4
                0x00000000000218b4        0xb c:/develop/altera/14.0/nios2eds/bin/gnu/h-x86_64-mingw32/bin/../lib/gcc/nios2-elf/4.7.3/../../../../../H-x86_64-mingw32/nios2-elf/lib/mhw-mulx\libc.a(lib_a-locale.o)
                                         0x18 (size before relaxing)
 *fill*         0x00000000000218bf        0x1 
 .rodata        0x00000000000218c0       0x30 c:/develop/altera/14.0/nios2eds/bin/gnu/h-x86_64-mingw32/bin/../lib/gcc/nios2-elf/4.7.3/../../../../../H-x86_64-mingw32/nios2-elf/lib/mhw-mulx\libc.a(lib_a-locale.o)
 .rodata        0x00000000000218f0      0x124 c:/develop/altera/14.0/nios2eds/bin/gnu/h-x86_64-mingw32/bin/../lib/gcc/nios2-elf/4.7.3/../../../../../H-x86_64-mingw32/nios2-elf/lib/mhw-mulx\libc.a(lib_a-mprec.o)
                0x00000000000218f0                __mprec_tinytens
                0x0000000000021918                __mprec_bigtens
                0x0000000000021940                __mprec_tens
 .rodata        0x0000000000021a14       0x14 c:/develop/altera/14.0/nios2eds/bin/gnu/h-x86_64-mingw32/bin/../lib/gcc/nios2-elf/4.7.3/mhw-mulx\libgcc.a(_thenan_df.o)
                0x0000000000021a14                __thenan_df
 .rodata        0x0000000000021a28      0x100 c:/develop/altera/14.0/nios2eds/bin/gnu/h-x86_64-mingw32/bin/../lib/gcc/nios2-elf/4.7.3/mhw-mulx\libgcc.a(_clz.o)
                0x0000000000021a28                __clz_tab
 .rodata.str1.4
                0x0000000000021b28        0xa ../sodalite_ckplay_bsp/\libhal_bsp.a(alt_dev.o)
                                          0xc (size before relaxing)
 *fill*         0x0000000000021b32        0x2 
 .rodata.str1.4
                0x0000000000021b34        0xf ../sodalite_ckplay_bsp/\libhal_bsp.a(alt_main.o)
                                         0x10 (size before relaxing)
 *fill*         0x0000000000021b43        0x1 
 .rodata.str1.4
                0x0000000000021b44       0x40 ../sodalite_ckplay_bsp/\libhal_bsp.a(alt_sys_init.o)
                                         0x50 (size before relaxing)
 .rodata        0x0000000000021b84       0x40 ../sodalite_ckplay_bsp/\libhal_bsp.a(alt_instruction_exception_entry.o)
 *(.rodata1)
                0x0000000000021bc4                . = ALIGN (0x4)
                0x0000000000021bc4                PROVIDE (__ram_rodata_end, ABSOLUTE (.))
                0x00000000000127b8                PROVIDE (__flash_rodata_start, LOADADDR (.rodata))

.onchip_memory.rwdata
                0x0000000000021bc4      0x200
 .onchip_memory.rwdata
                0x0000000000021bc4      0x200 obj/default/nd_lib/nd_acm.o

.rwdata         0x0000000000021bc4     0x1bc0 load address 0x0000000000023784
                0x0000000000021bc4                PROVIDE (__ram_rwdata_start, ABSOLUTE (.))
                0x0000000000021bc4                . = ALIGN (0x4)
 *(.got.plt)
 *(.got)
 *(.data1)
 *(.data .data.* .gnu.linkonce.d.*)
 .data          0x0000000000021bc4        0x0 ../sodalite_ckplay_bsp//obj/HAL/src/crt0.o
 .data          0x0000000000021bc4        0x0 obj/default/ckplay_peridot.o
 .data          0x0000000000021bc4        0x0 obj/default/mmcfs/fatfs/ff.o
 .data          0x0000000000021bc4        0x0 obj/default/mmcfs/fatfs/mmcbb.o
 .data          0x0000000000021bc4        0x0 obj/default/mmcfs/fatfs/option/cc932.o
 .data          0x0000000000021bc4        0x0 obj/default/mmcfs/gettime.o
 .data          0x0000000000021bc4        0x0 obj/default/mmcfs/mmc_spi.o
 .data          0x0000000000021bc4       0x28 obj/default/mmcfs/mmcfs.o
 .data          0x0000000000021bec        0x0 obj/default/nd_lib/nd_acm.o
 .data          0x0000000000021bec        0x0 obj/default/nd_lib/nd_egl.o
 .data          0x0000000000021bec        0x0 obj/default/nd_lib/nd_acm_mcudecode.o
 .data          0x0000000000021bec        0x0 c:/develop/altera/14.0/nios2eds/bin/gnu/h-x86_64-mingw32/bin/../lib/gcc/nios2-elf/4.7.3/mhw-mulx\libgcc.a(lib2-divmod.o)
 .data          0x0000000000021bec        0x0 c:/develop/altera/14.0/nios2eds/bin/gnu/h-x86_64-mingw32/bin/../lib/gcc/nios2-elf/4.7.3/../../../../../H-x86_64-mingw32/nios2-elf/lib/mhw-mulx\libc.a(lib_a-malloc.o)
 .data          0x0000000000021bec      0x408 c:/develop/altera/14.0/nios2eds/bin/gnu/h-x86_64-mingw32/bin/../lib/gcc/nios2-elf/4.7.3/../../../../../H-x86_64-mingw32/nios2-elf/lib/mhw-mulx\libc.a(lib_a-mallocr.o)
                0x0000000000021bec                __malloc_av_
 .data          0x0000000000021ff4        0x0 c:/develop/altera/14.0/nios2eds/bin/gnu/h-x86_64-mingw32/bin/../lib/gcc/nios2-elf/4.7.3/../../../../../H-x86_64-mingw32/nios2-elf/lib/mhw-mulx\libc.a(lib_a-memcpy.o)
 .data          0x0000000000021ff4        0x0 c:/develop/altera/14.0/nios2eds/bin/gnu/h-x86_64-mingw32/bin/../lib/gcc/nios2-elf/4.7.3/../../../../../H-x86_64-mingw32/nios2-elf/lib/mhw-mulx\libc.a(lib_a-memset.o)
 .data          0x0000000000021ff4        0x0 c:/develop/altera/14.0/nios2eds/bin/gnu/h-x86_64-mingw32/bin/../lib/gcc/nios2-elf/4.7.3/../../../../../H-x86_64-mingw32/nios2-elf/lib/mhw-mulx\libc.a(lib_a-printf.o)
 .data          0x0000000000021ff4        0x0 c:/develop/altera/14.0/nios2eds/bin/gnu/h-x86_64-mingw32/bin/../lib/gcc/nios2-elf/4.7.3/../../../../../H-x86_64-mingw32/nios2-elf/lib/mhw-mulx\libc.a(lib_a-puts.o)
 .data          0x0000000000021ff4        0x0 c:/develop/altera/14.0/nios2eds/bin/gnu/h-x86_64-mingw32/bin/../lib/gcc/nios2-elf/4.7.3/../../../../../H-x86_64-mingw32/nios2-elf/lib/mhw-mulx\libc.a(lib_a-sbrkr.o)
 .data          0x0000000000021ff4        0x0 c:/develop/altera/14.0/nios2eds/bin/gnu/h-x86_64-mingw32/bin/../lib/gcc/nios2-elf/4.7.3/../../../../../H-x86_64-mingw32/nios2-elf/lib/mhw-mulx\libc.a(lib_a-strcpy.o)
 .data          0x0000000000021ff4        0x0 c:/develop/altera/14.0/nios2eds/bin/gnu/h-x86_64-mingw32/bin/../lib/gcc/nios2-elf/4.7.3/../../../../../H-x86_64-mingw32/nios2-elf/lib/mhw-mulx\libc.a(lib_a-strlen.o)
 .data          0x0000000000021ff4        0x0 c:/develop/altera/14.0/nios2eds/bin/gnu/h-x86_64-mingw32/bin/../lib/gcc/nios2-elf/4.7.3/../../../../../H-x86_64-mingw32/nios2-elf/lib/mhw-mulx\libc.a(lib_a-vfprintf.o)
 .data          0x0000000000021ff4        0x0 c:/develop/altera/14.0/nios2eds/bin/gnu/h-x86_64-mingw32/bin/../lib/gcc/nios2-elf/4.7.3/../../../../../H-x86_64-mingw32/nios2-elf/lib/mhw-mulx\libc.a(lib_a-wsetup.o)
 .data          0x0000000000021ff4        0x0 c:/develop/altera/14.0/nios2eds/bin/gnu/h-x86_64-mingw32/bin/../lib/gcc/nios2-elf/4.7.3/../../../../../H-x86_64-mingw32/nios2-elf/lib/mhw-mulx\libc.a(lib_a-dtoa.o)
 .data          0x0000000000021ff4        0x0 c:/develop/altera/14.0/nios2eds/bin/gnu/h-x86_64-mingw32/bin/../lib/gcc/nios2-elf/4.7.3/../../../../../H-x86_64-mingw32/nios2-elf/lib/mhw-mulx\libc.a(lib_a-fflush.o)
 .data          0x0000000000021ff4        0x0 c:/develop/altera/14.0/nios2eds/bin/gnu/h-x86_64-mingw32/bin/../lib/gcc/nios2-elf/4.7.3/../../../../../H-x86_64-mingw32/nios2-elf/lib/mhw-mulx\libc.a(lib_a-findfp.o)
 .data          0x0000000000021ff4        0x0 c:/develop/altera/14.0/nios2eds/bin/gnu/h-x86_64-mingw32/bin/../lib/gcc/nios2-elf/4.7.3/../../../../../H-x86_64-mingw32/nios2-elf/lib/mhw-mulx\libc.a(lib_a-freer.o)
 .data          0x0000000000021ff4        0x0 c:/develop/altera/14.0/nios2eds/bin/gnu/h-x86_64-mingw32/bin/../lib/gcc/nios2-elf/4.7.3/../../../../../H-x86_64-mingw32/nios2-elf/lib/mhw-mulx\libc.a(lib_a-fvwrite.o)
 .data          0x0000000000021ff4        0x0 c:/develop/altera/14.0/nios2eds/bin/gnu/h-x86_64-mingw32/bin/../lib/gcc/nios2-elf/4.7.3/../../../../../H-x86_64-mingw32/nios2-elf/lib/mhw-mulx\libc.a(lib_a-fwalk.o)
 .data          0x0000000000021ff4      0x400 c:/develop/altera/14.0/nios2eds/bin/gnu/h-x86_64-mingw32/bin/../lib/gcc/nios2-elf/4.7.3/../../../../../H-x86_64-mingw32/nios2-elf/lib/mhw-mulx\libc.a(lib_a-impure.o)
 .data          0x00000000000223f4        0x0 c:/develop/altera/14.0/nios2eds/bin/gnu/h-x86_64-mingw32/bin/../lib/gcc/nios2-elf/4.7.3/../../../../../H-x86_64-mingw32/nios2-elf/lib/mhw-mulx\libc.a(lib_a-int_errno.o)
 .data          0x00000000000223f4        0xc c:/develop/altera/14.0/nios2eds/bin/gnu/h-x86_64-mingw32/bin/../lib/gcc/nios2-elf/4.7.3/../../../../../H-x86_64-mingw32/nios2-elf/lib/mhw-mulx\libc.a(lib_a-locale.o)
                0x00000000000223f4                __lc_ctype
 .data          0x0000000000022400        0x0 c:/develop/altera/14.0/nios2eds/bin/gnu/h-x86_64-mingw32/bin/../lib/gcc/nios2-elf/4.7.3/../../../../../H-x86_64-mingw32/nios2-elf/lib/mhw-mulx\libc.a(lib_a-makebuf.o)
 .data          0x0000000000022400        0x0 c:/develop/altera/14.0/nios2eds/bin/gnu/h-x86_64-mingw32/bin/../lib/gcc/nios2-elf/4.7.3/../../../../../H-x86_64-mingw32/nios2-elf/lib/mhw-mulx\libc.a(lib_a-memchr.o)
 .data          0x0000000000022400        0x0 c:/develop/altera/14.0/nios2eds/bin/gnu/h-x86_64-mingw32/bin/../lib/gcc/nios2-elf/4.7.3/../../../../../H-x86_64-mingw32/nios2-elf/lib/mhw-mulx\libc.a(lib_a-memmove.o)
 .data          0x0000000000022400        0x0 c:/develop/altera/14.0/nios2eds/bin/gnu/h-x86_64-mingw32/bin/../lib/gcc/nios2-elf/4.7.3/../../../../../H-x86_64-mingw32/nios2-elf/lib/mhw-mulx\libc.a(lib_a-mprec.o)
 .data          0x0000000000022400        0x0 c:/develop/altera/14.0/nios2eds/bin/gnu/h-x86_64-mingw32/bin/../lib/gcc/nios2-elf/4.7.3/../../../../../H-x86_64-mingw32/nios2-elf/lib/mhw-mulx\libc.a(lib_a-reallocr.o)
 .data          0x0000000000022400        0x0 c:/develop/altera/14.0/nios2eds/bin/gnu/h-x86_64-mingw32/bin/../lib/gcc/nios2-elf/4.7.3/../../../../../H-x86_64-mingw32/nios2-elf/lib/mhw-mulx\libc.a(lib_a-s_isinfd.o)
 .data          0x0000000000022400        0x0 c:/develop/altera/14.0/nios2eds/bin/gnu/h-x86_64-mingw32/bin/../lib/gcc/nios2-elf/4.7.3/../../../../../H-x86_64-mingw32/nios2-elf/lib/mhw-mulx\libc.a(lib_a-s_isnand.o)
 .data          0x0000000000022400        0x0 c:/develop/altera/14.0/nios2eds/bin/gnu/h-x86_64-mingw32/bin/../lib/gcc/nios2-elf/4.7.3/../../../../../H-x86_64-mingw32/nios2-elf/lib/mhw-mulx\libc.a(lib_a-stdio.o)
 .data          0x0000000000022400        0x0 c:/develop/altera/14.0/nios2eds/bin/gnu/h-x86_64-mingw32/bin/../lib/gcc/nios2-elf/4.7.3/../../../../../H-x86_64-mingw32/nios2-elf/lib/mhw-mulx\libc.a(lib_a-strcmp.o)
 .data          0x0000000000022400        0x0 c:/develop/altera/14.0/nios2eds/bin/gnu/h-x86_64-mingw32/bin/../lib/gcc/nios2-elf/4.7.3/../../../../../H-x86_64-mingw32/nios2-elf/lib/mhw-mulx\libc.a(lib_a-writer.o)
 .data          0x0000000000022400        0x0 c:/develop/altera/14.0/nios2eds/bin/gnu/h-x86_64-mingw32/bin/../lib/gcc/nios2-elf/4.7.3/../../../../../H-x86_64-mingw32/nios2-elf/lib/mhw-mulx\libc.a(lib_a-callocr.o)
 .data          0x0000000000022400        0x0 c:/develop/altera/14.0/nios2eds/bin/gnu/h-x86_64-mingw32/bin/../lib/gcc/nios2-elf/4.7.3/../../../../../H-x86_64-mingw32/nios2-elf/lib/mhw-mulx\libc.a(lib_a-closer.o)
 .data          0x0000000000022400        0x0 c:/develop/altera/14.0/nios2eds/bin/gnu/h-x86_64-mingw32/bin/../lib/gcc/nios2-elf/4.7.3/../../../../../H-x86_64-mingw32/nios2-elf/lib/mhw-mulx\libc.a(lib_a-fclose.o)
 .data          0x0000000000022400        0x0 c:/develop/altera/14.0/nios2eds/bin/gnu/h-x86_64-mingw32/bin/../lib/gcc/nios2-elf/4.7.3/../../../../../H-x86_64-mingw32/nios2-elf/lib/mhw-mulx\libc.a(lib_a-fstatr.o)
 .data          0x0000000000022400        0x0 c:/develop/altera/14.0/nios2eds/bin/gnu/h-x86_64-mingw32/bin/../lib/gcc/nios2-elf/4.7.3/../../../../../H-x86_64-mingw32/nios2-elf/lib/mhw-mulx\libc.a(lib_a-isattyr.o)
 .data          0x0000000000022400        0x0 c:/develop/altera/14.0/nios2eds/bin/gnu/h-x86_64-mingw32/bin/../lib/gcc/nios2-elf/4.7.3/../../../../../H-x86_64-mingw32/nios2-elf/lib/mhw-mulx\libc.a(lib_a-lseekr.o)
 .data          0x0000000000022400        0x0 c:/develop/altera/14.0/nios2eds/bin/gnu/h-x86_64-mingw32/bin/../lib/gcc/nios2-elf/4.7.3/../../../../../H-x86_64-mingw32/nios2-elf/lib/mhw-mulx\libc.a(lib_a-readr.o)
 .data          0x0000000000022400        0x0 c:/develop/altera/14.0/nios2eds/bin/gnu/h-x86_64-mingw32/bin/../lib/gcc/nios2-elf/4.7.3/mhw-mulx\libgcc.a(_udivdi3.o)
 .data          0x0000000000022400        0x0 c:/develop/altera/14.0/nios2eds/bin/gnu/h-x86_64-mingw32/bin/../lib/gcc/nios2-elf/4.7.3/mhw-mulx\libgcc.a(_umoddi3.o)
 .data          0x0000000000022400        0x0 c:/develop/altera/14.0/nios2eds/bin/gnu/h-x86_64-mingw32/bin/../lib/gcc/nios2-elf/4.7.3/mhw-mulx\libgcc.a(_addsub_df.o)
 .data          0x0000000000022400        0x0 c:/develop/altera/14.0/nios2eds/bin/gnu/h-x86_64-mingw32/bin/../lib/gcc/nios2-elf/4.7.3/mhw-mulx\libgcc.a(_mul_df.o)
 .data          0x0000000000022400        0x0 c:/develop/altera/14.0/nios2eds/bin/gnu/h-x86_64-mingw32/bin/../lib/gcc/nios2-elf/4.7.3/mhw-mulx\libgcc.a(_div_df.o)
 .data          0x0000000000022400        0x0 c:/develop/altera/14.0/nios2eds/bin/gnu/h-x86_64-mingw32/bin/../lib/gcc/nios2-elf/4.7.3/mhw-mulx\libgcc.a(_eq_df.o)
 .data          0x0000000000022400        0x0 c:/develop/altera/14.0/nios2eds/bin/gnu/h-x86_64-mingw32/bin/../lib/gcc/nios2-elf/4.7.3/mhw-mulx\libgcc.a(_ne_df.o)
 .data          0x0000000000022400        0x0 c:/develop/altera/14.0/nios2eds/bin/gnu/h-x86_64-mingw32/bin/../lib/gcc/nios2-elf/4.7.3/mhw-mulx\libgcc.a(_gt_df.o)
 .data          0x0000000000022400        0x0 c:/develop/altera/14.0/nios2eds/bin/gnu/h-x86_64-mingw32/bin/../lib/gcc/nios2-elf/4.7.3/mhw-mulx\libgcc.a(_ge_df.o)
 .data          0x0000000000022400        0x0 c:/develop/altera/14.0/nios2eds/bin/gnu/h-x86_64-mingw32/bin/../lib/gcc/nios2-elf/4.7.3/mhw-mulx\libgcc.a(_lt_df.o)
 .data          0x0000000000022400        0x0 c:/develop/altera/14.0/nios2eds/bin/gnu/h-x86_64-mingw32/bin/../lib/gcc/nios2-elf/4.7.3/mhw-mulx\libgcc.a(_si_to_df.o)
 .data          0x0000000000022400        0x0 c:/develop/altera/14.0/nios2eds/bin/gnu/h-x86_64-mingw32/bin/../lib/gcc/nios2-elf/4.7.3/mhw-mulx\libgcc.a(_df_to_si.o)
 .data          0x0000000000022400        0x0 c:/develop/altera/14.0/nios2eds/bin/gnu/h-x86_64-mingw32/bin/../lib/gcc/nios2-elf/4.7.3/mhw-mulx\libgcc.a(_thenan_df.o)
 .data          0x0000000000022400        0x0 c:/develop/altera/14.0/nios2eds/bin/gnu/h-x86_64-mingw32/bin/../lib/gcc/nios2-elf/4.7.3/mhw-mulx\libgcc.a(_usi_to_df.o)
 .data          0x0000000000022400        0x0 c:/develop/altera/14.0/nios2eds/bin/gnu/h-x86_64-mingw32/bin/../lib/gcc/nios2-elf/4.7.3/mhw-mulx\libgcc.a(_clz.o)
 .data          0x0000000000022400        0x0 c:/develop/altera/14.0/nios2eds/bin/gnu/h-x86_64-mingw32/bin/../lib/gcc/nios2-elf/4.7.3/mhw-mulx\libgcc.a(_clzsi2.o)
 .data          0x0000000000022400        0x0 c:/develop/altera/14.0/nios2eds/bin/gnu/h-x86_64-mingw32/bin/../lib/gcc/nios2-elf/4.7.3/mhw-mulx\libgcc.a(_pack_df.o)
 .data          0x0000000000022400        0x0 c:/develop/altera/14.0/nios2eds/bin/gnu/h-x86_64-mingw32/bin/../lib/gcc/nios2-elf/4.7.3/mhw-mulx\libgcc.a(_unpack_df.o)
 .data          0x0000000000022400        0x0 c:/develop/altera/14.0/nios2eds/bin/gnu/h-x86_64-mingw32/bin/../lib/gcc/nios2-elf/4.7.3/mhw-mulx\libgcc.a(_fpcmp_parts_df.o)
 .data          0x0000000000022400        0x0 c:/develop/altera/14.0/nios2eds/bin/gnu/h-x86_64-mingw32/bin/../lib/gcc/nios2-elf/4.7.3/mhw-mulx\libgcc.a(_lshrdi3.o)
 .data          0x0000000000022400        0x0 c:/develop/altera/14.0/nios2eds/bin/gnu/h-x86_64-mingw32/bin/../lib/gcc/nios2-elf/4.7.3/mhw-mulx\libgcc.a(_ashldi3.o)
 .data          0x0000000000022400        0x0 ../sodalite_ckplay_bsp/\libhal_bsp.a(alt_close.o)
 .data          0x0000000000022400        0x0 ../sodalite_ckplay_bsp/\libhal_bsp.a(alt_dcache_flush.o)
 .data          0x0000000000022400      0x1a8 ../sodalite_ckplay_bsp/\libhal_bsp.a(alt_dev.o)
                0x0000000000022400                alt_fd_list
                0x0000000000022580                alt_dev_null
 .data          0x00000000000225a8        0x0 ../sodalite_ckplay_bsp/\libhal_bsp.a(alt_errno.o)
 .data          0x00000000000225a8        0x0 ../sodalite_ckplay_bsp/\libhal_bsp.a(alt_fs_reg.o)
 .data          0x00000000000225a8        0x0 ../sodalite_ckplay_bsp/\libhal_bsp.a(alt_fstat.o)
 .data          0x00000000000225a8        0x0 ../sodalite_ckplay_bsp/\libhal_bsp.a(alt_isatty.o)
 .data          0x00000000000225a8        0x0 ../sodalite_ckplay_bsp/\libhal_bsp.a(alt_load.o)
 .data          0x00000000000225a8        0x0 ../sodalite_ckplay_bsp/\libhal_bsp.a(alt_lseek.o)
 .data          0x00000000000225a8        0x0 ../sodalite_ckplay_bsp/\libhal_bsp.a(alt_main.o)
 .data          0x00000000000225a8        0x0 ../sodalite_ckplay_bsp/\libhal_bsp.a(alt_malloc_lock.o)
 .data          0x00000000000225a8        0x0 ../sodalite_ckplay_bsp/\libhal_bsp.a(alt_read.o)
 .data          0x00000000000225a8        0x0 ../sodalite_ckplay_bsp/\libhal_bsp.a(alt_release_fd.o)
 .data          0x00000000000225a8        0x0 ../sodalite_ckplay_bsp/\libhal_bsp.a(alt_sbrk.o)
 .data          0x00000000000225a8        0x0 ../sodalite_ckplay_bsp/\libhal_bsp.a(alt_uncached_free.o)
 .data          0x00000000000225a8        0x0 ../sodalite_ckplay_bsp/\libhal_bsp.a(alt_uncached_malloc.o)
 .data          0x00000000000225a8        0x0 ../sodalite_ckplay_bsp/\libhal_bsp.a(alt_write.o)
 .data          0x00000000000225a8     0x1184 ../sodalite_ckplay_bsp/\libhal_bsp.a(alt_sys_init.o)
 .data          0x000000000002372c        0x0 ../sodalite_ckplay_bsp/\libhal_bsp.a(altera_avalon_jtag_uart_fd.o)
 .data          0x000000000002372c        0x0 ../sodalite_ckplay_bsp/\libhal_bsp.a(altera_avalon_jtag_uart_init.o)
 .data          0x000000000002372c        0x0 ../sodalite_ckplay_bsp/\libhal_bsp.a(altera_avalon_jtag_uart_ioctl.o)
 .data          0x000000000002372c        0x0 ../sodalite_ckplay_bsp/\libhal_bsp.a(altera_avalon_jtag_uart_read.o)
 .data          0x000000000002372c        0x0 ../sodalite_ckplay_bsp/\libhal_bsp.a(altera_avalon_jtag_uart_write.o)
 .data          0x000000000002372c        0x0 ../sodalite_ckplay_bsp/\libhal_bsp.a(altera_avalon_timer_sc.o)
 .data          0x000000000002372c        0x0 ../sodalite_ckplay_bsp/\libhal_bsp.a(altera_modular_adc.o)
 .data          0x000000000002372c        0x0 ../sodalite_ckplay_bsp/\libhal_bsp.a(altera_onchip_flash.o)
 .data          0x000000000002372c        0x0 ../sodalite_ckplay_bsp/\libhal_bsp.a(alt_alarm_start.o)
 .data          0x000000000002372c        0x0 ../sodalite_ckplay_bsp/\libhal_bsp.a(alt_dcache_flush_all.o)
 .data          0x000000000002372c        0x0 ../sodalite_ckplay_bsp/\libhal_bsp.a(alt_dev_llist_insert.o)
 .data          0x000000000002372c        0x0 ../sodalite_ckplay_bsp/\libhal_bsp.a(alt_do_ctors.o)
 .data          0x000000000002372c        0x0 ../sodalite_ckplay_bsp/\libhal_bsp.a(alt_do_dtors.o)
 .data          0x000000000002372c        0x0 ../sodalite_ckplay_bsp/\libhal_bsp.a(alt_find_dev.o)
 .data          0x000000000002372c        0x0 ../sodalite_ckplay_bsp/\libhal_bsp.a(alt_flash_dev.o)
 .data          0x000000000002372c        0x0 ../sodalite_ckplay_bsp/\libhal_bsp.a(alt_icache_flush_all.o)
 .data          0x000000000002372c        0x0 ../sodalite_ckplay_bsp/\libhal_bsp.a(alt_iic.o)
 .data          0x000000000002372c        0x0 ../sodalite_ckplay_bsp/\libhal_bsp.a(alt_iic_isr_register.o)
 .data          0x000000000002372c        0x0 ../sodalite_ckplay_bsp/\libhal_bsp.a(alt_io_redirect.o)
 .data          0x000000000002372c        0x0 ../sodalite_ckplay_bsp/\libhal_bsp.a(alt_irq_entry.o)
 .data          0x000000000002372c        0x0 ../sodalite_ckplay_bsp/\libhal_bsp.a(alt_irq_handler.o)
 .data          0x000000000002372c        0x0 ../sodalite_ckplay_bsp/\libhal_bsp.a(alt_irq_vars.o)
 .data          0x000000000002372c        0x0 ../sodalite_ckplay_bsp/\libhal_bsp.a(alt_open.o)
 .data          0x000000000002372c        0x0 ../sodalite_ckplay_bsp/\libhal_bsp.a(alt_tick.o)
 .data          0x000000000002372c        0x0 ../sodalite_ckplay_bsp/\libhal_bsp.a(altera_nios2_gen2_irq.o)
 .data          0x000000000002372c        0x0 ../sodalite_ckplay_bsp/\libhal_bsp.a(alt_exception_entry.o)
 .data          0x000000000002372c        0x0 ../sodalite_ckplay_bsp/\libhal_bsp.a(alt_find_file.o)
 .data          0x000000000002372c        0x0 ../sodalite_ckplay_bsp/\libhal_bsp.a(alt_get_fd.o)
 .data          0x000000000002372c        0x0 ../sodalite_ckplay_bsp/\libhal_bsp.a(alt_icache_flush.o)
 .data          0x000000000002372c        0x0 ../sodalite_ckplay_bsp/\libhal_bsp.a(alt_instruction_exception_entry.o)
 .data          0x000000000002372c        0x0 c:/develop/altera/14.0/nios2eds/bin/gnu/h-x86_64-mingw32/bin/../lib/gcc/nios2-elf/4.7.3/../../../../../H-x86_64-mingw32/nios2-elf/lib/mhw-mulx\libc.a(lib_a-atexit.o)
 .data          0x000000000002372c        0x0 c:/develop/altera/14.0/nios2eds/bin/gnu/h-x86_64-mingw32/bin/../lib/gcc/nios2-elf/4.7.3/../../../../../H-x86_64-mingw32/nios2-elf/lib/mhw-mulx\libc.a(lib_a-exit.o)
 .data          0x000000000002372c        0x0 c:/develop/altera/14.0/nios2eds/bin/gnu/h-x86_64-mingw32/bin/../lib/gcc/nios2-elf/4.7.3/../../../../../H-x86_64-mingw32/nios2-elf/lib/mhw-mulx\libc.a(lib_a-malign.o)
 .data          0x000000000002372c        0x0 c:/develop/altera/14.0/nios2eds/bin/gnu/h-x86_64-mingw32/bin/../lib/gcc/nios2-elf/4.7.3/../../../../../H-x86_64-mingw32/nios2-elf/lib/mhw-mulx\libc.a(lib_a-malignr.o)
 .data          0x000000000002372c        0x0 c:/develop/altera/14.0/nios2eds/bin/gnu/h-x86_64-mingw32/bin/../lib/gcc/nios2-elf/4.7.3/../../../../../H-x86_64-mingw32/nios2-elf/lib/mhw-mulx\libc.a(lib_a-memcmp.o)
 .data          0x000000000002372c        0x0 c:/develop/altera/14.0/nios2eds/bin/gnu/h-x86_64-mingw32/bin/../lib/gcc/nios2-elf/4.7.3/../../../../../H-x86_64-mingw32/nios2-elf/lib/mhw-mulx\libc.a(lib_a-__atexit.o)
 .data          0x000000000002372c        0x0 c:/develop/altera/14.0/nios2eds/bin/gnu/h-x86_64-mingw32/bin/../lib/gcc/nios2-elf/4.7.3/../../../../../H-x86_64-mingw32/nios2-elf/lib/mhw-mulx\libc.a(lib_a-__call_atexit.o)
 .data          0x000000000002372c        0x0 ../sodalite_ckplay_bsp/\libhal_bsp.a(alt_exit.o)
                0x000000000002b72c                _gp = ABSOLUTE ((. + 0x8000))
                0x000000000002b72c                PROVIDE (gp, _gp)
 *(.rwdata .rwdata.*)
 *(.sdata .sdata.* .gnu.linkonce.s.*)
 .sdata         0x000000000002372c        0x1 obj/default/mmcfs/fatfs/mmcbb.o
 *fill*         0x000000000002372d        0x3 
 .sdata         0x0000000000023730        0x8 c:/develop/altera/14.0/nios2eds/bin/gnu/h-x86_64-mingw32/bin/../lib/gcc/nios2-elf/4.7.3/../../../../../H-x86_64-mingw32/nios2-elf/lib/mhw-mulx\libc.a(lib_a-mallocr.o)
                0x0000000000023730                __malloc_sbrk_base
                0x0000000000023734                __malloc_trim_threshold
 .sdata         0x0000000000023738        0x8 c:/develop/altera/14.0/nios2eds/bin/gnu/h-x86_64-mingw32/bin/../lib/gcc/nios2-elf/4.7.3/../../../../../H-x86_64-mingw32/nios2-elf/lib/mhw-mulx\libc.a(lib_a-impure.o)
                0x0000000000023738                _global_impure_ptr
                0x000000000002373c                _impure_ptr
 .sdata         0x0000000000023740        0x4 c:/develop/altera/14.0/nios2eds/bin/gnu/h-x86_64-mingw32/bin/../lib/gcc/nios2-elf/4.7.3/../../../../../H-x86_64-mingw32/nios2-elf/lib/mhw-mulx\libc.a(lib_a-locale.o)
                0x0000000000023740                __mb_cur_max
 .sdata         0x0000000000023744       0x14 ../sodalite_ckplay_bsp/\libhal_bsp.a(alt_dev.o)
                0x0000000000023744                alt_max_fd
                0x0000000000023748                alt_dev_list
                0x0000000000023750                alt_fs_list
 .sdata         0x0000000000023758        0x4 ../sodalite_ckplay_bsp/\libhal_bsp.a(alt_errno.o)
                0x0000000000023758                alt_errno
 .sdata         0x000000000002375c        0x4 ../sodalite_ckplay_bsp/\libhal_bsp.a(alt_sbrk.o)
 .sdata         0x0000000000023760        0x8 ../sodalite_ckplay_bsp/\libhal_bsp.a(altera_modular_adc.o)
                0x0000000000023760                altera_modular_adc_list
 .sdata         0x0000000000023768        0x8 ../sodalite_ckplay_bsp/\libhal_bsp.a(altera_onchip_flash.o)
                0x0000000000023768                altera_onchip_flash_list
 .sdata         0x0000000000023770        0x8 ../sodalite_ckplay_bsp/\libhal_bsp.a(alt_flash_dev.o)
                0x0000000000023770                alt_flash_dev_list
 .sdata         0x0000000000023778        0x4 ../sodalite_ckplay_bsp/\libhal_bsp.a(alt_irq_vars.o)
                0x0000000000023778                alt_priority_mask
 .sdata         0x000000000002377c        0x8 ../sodalite_ckplay_bsp/\libhal_bsp.a(alt_tick.o)
                0x000000000002377c                alt_alarm_list
 *(.sdata2 .sdata2.* .gnu.linkonce.s2.*)
                0x0000000000023784                . = ALIGN (0x4)
                0x0000000000023784                _edata = ABSOLUTE (.)
                0x0000000000023784                PROVIDE (edata, ABSOLUTE (.))
                0x0000000000023784                PROVIDE (__ram_rwdata_end, ABSOLUTE (.))
                0x0000000000023784                PROVIDE (__flash_rwdata_start, LOADADDR (.rwdata))

.bss            0x0000000000025344      0xe1c
                0x0000000000025344                __bss_start = ABSOLUTE (.)
                0x0000000000025344                PROVIDE (__sbss_start, ABSOLUTE (.))
                0x0000000000025344                PROVIDE (___sbss_start, ABSOLUTE (.))
 *(.dynsbss)
 *(.sbss .sbss.* .gnu.linkonce.sb.*)
 .sbss          0x0000000000025344        0x8 obj/default/mmcfs/fatfs/ff.o
 .sbss          0x000000000002534c        0x1 obj/default/mmcfs/fatfs/mmcbb.o
 *fill*         0x000000000002534d        0x3 
 .sbss          0x0000000000025350        0x8 obj/default/mmcfs/mmc_spi.o
 .sbss          0x0000000000025358        0xc obj/default/mmcfs/mmcfs.o
 .sbss          0x0000000000025364       0x14 obj/default/nd_lib/nd_egl.o
 .sbss          0x0000000000025378        0xc obj/default/nd_lib/nd_egl.o
                0x0000000000025378                nd_GsVgaVsyncCount
                0x000000000002537c                nd_GsEglDrawBuffer
                0x0000000000025380                nd_GsVgaVsyncFlag
 .sbss          0x0000000000025384        0xc c:/develop/altera/14.0/nios2eds/bin/gnu/h-x86_64-mingw32/bin/../lib/gcc/nios2-elf/4.7.3/../../../../../H-x86_64-mingw32/nios2-elf/lib/mhw-mulx\libc.a(lib_a-mallocr.o)
                0x0000000000025384                __malloc_max_total_mem
                0x0000000000025388                __malloc_max_sbrked_mem
                0x000000000002538c                __malloc_top_pad
 .sbss          0x0000000000025390        0x4 c:/develop/altera/14.0/nios2eds/bin/gnu/h-x86_64-mingw32/bin/../lib/gcc/nios2-elf/4.7.3/../../../../../H-x86_64-mingw32/nios2-elf/lib/mhw-mulx\libc.a(lib_a-int_errno.o)
                0x0000000000025390                errno
 .sbss          0x0000000000025394        0xc c:/develop/altera/14.0/nios2eds/bin/gnu/h-x86_64-mingw32/bin/../lib/gcc/nios2-elf/4.7.3/../../../../../H-x86_64-mingw32/nios2-elf/lib/mhw-mulx\libc.a(lib_a-locale.o)
                0x0000000000025394                _PathLocale
                0x0000000000025398                __mlocale_changed
                0x000000000002539c                __nlocale_changed
 .sbss          0x00000000000253a0        0xc ../sodalite_ckplay_bsp/\libhal_bsp.a(alt_main.o)
                0x00000000000253a0                alt_envp
                0x00000000000253a4                alt_argv
                0x00000000000253a8                alt_argc
 .sbss          0x00000000000253ac        0x4 ../sodalite_ckplay_bsp/\libhal_bsp.a(alt_irq_vars.o)
                0x00000000000253ac                alt_irq_active
 .sbss          0x00000000000253b0        0x8 ../sodalite_ckplay_bsp/\libhal_bsp.a(alt_tick.o)
                0x00000000000253b0                _alt_nticks
                0x00000000000253b4                _alt_tick_rate
 .sbss          0x00000000000253b8        0x4 ../sodalite_ckplay_bsp/\libhal_bsp.a(alt_instruction_exception_entry.o)
                0x00000000000253b8                alt_instruction_exception_handler
 *(.sbss2 .sbss2.* .gnu.linkonce.sb2.*)
 *(.scommon)
                0x00000000000253bc                PROVIDE (__sbss_end, ABSOLUTE (.))
                0x00000000000253bc                PROVIDE (___sbss_end, ABSOLUTE (.))
 *(.dynbss)
 *(.bss .bss.* .gnu.linkonce.b.*)
 .bss           0x00000000000253bc        0x0 ../sodalite_ckplay_bsp//obj/HAL/src/crt0.o
 .bss           0x00000000000253bc      0x274 obj/default/ckplay_peridot.o
 .bss           0x0000000000025630      0x200 obj/default/mmcfs/fatfs/ff.o
 .bss           0x0000000000025830        0x0 obj/default/mmcfs/fatfs/mmcbb.o
 .bss           0x0000000000025830        0x0 obj/default/mmcfs/fatfs/option/cc932.o
 .bss           0x0000000000025830        0x0 obj/default/mmcfs/gettime.o
 .bss           0x0000000000025830        0x0 obj/default/mmcfs/mmc_spi.o
 .bss           0x0000000000025830      0x678 obj/default/mmcfs/mmcfs.o
 .bss           0x0000000000025ea8        0x0 obj/default/nd_lib/nd_acm.o
 .bss           0x0000000000025ea8        0x0 obj/default/nd_lib/nd_egl.o
 .bss           0x0000000000025ea8        0x0 obj/default/nd_lib/nd_acm_mcudecode.o
 .bss           0x0000000000025ea8        0x0 c:/develop/altera/14.0/nios2eds/bin/gnu/h-x86_64-mingw32/bin/../lib/gcc/nios2-elf/4.7.3/mhw-mulx\libgcc.a(lib2-divmod.o)
 .bss           0x0000000000025ea8        0x0 c:/develop/altera/14.0/nios2eds/bin/gnu/h-x86_64-mingw32/bin/../lib/gcc/nios2-elf/4.7.3/../../../../../H-x86_64-mingw32/nios2-elf/lib/mhw-mulx\libc.a(lib_a-malloc.o)
 .bss           0x0000000000025ea8       0x28 c:/develop/altera/14.0/nios2eds/bin/gnu/h-x86_64-mingw32/bin/../lib/gcc/nios2-elf/4.7.3/../../../../../H-x86_64-mingw32/nios2-elf/lib/mhw-mulx\libc.a(lib_a-mallocr.o)
                0x0000000000025ea8                __malloc_current_mallinfo
 .bss           0x0000000000025ed0        0x0 c:/develop/altera/14.0/nios2eds/bin/gnu/h-x86_64-mingw32/bin/../lib/gcc/nios2-elf/4.7.3/../../../../../H-x86_64-mingw32/nios2-elf/lib/mhw-mulx\libc.a(lib_a-memcpy.o)
 .bss           0x0000000000025ed0        0x0 c:/develop/altera/14.0/nios2eds/bin/gnu/h-x86_64-mingw32/bin/../lib/gcc/nios2-elf/4.7.3/../../../../../H-x86_64-mingw32/nios2-elf/lib/mhw-mulx\libc.a(lib_a-memset.o)
 .bss           0x0000000000025ed0        0x0 c:/develop/altera/14.0/nios2eds/bin/gnu/h-x86_64-mingw32/bin/../lib/gcc/nios2-elf/4.7.3/../../../../../H-x86_64-mingw32/nios2-elf/lib/mhw-mulx\libc.a(lib_a-printf.o)
 .bss           0x0000000000025ed0        0x0 c:/develop/altera/14.0/nios2eds/bin/gnu/h-x86_64-mingw32/bin/../lib/gcc/nios2-elf/4.7.3/../../../../../H-x86_64-mingw32/nios2-elf/lib/mhw-mulx\libc.a(lib_a-puts.o)
 .bss           0x0000000000025ed0        0x0 c:/develop/altera/14.0/nios2eds/bin/gnu/h-x86_64-mingw32/bin/../lib/gcc/nios2-elf/4.7.3/../../../../../H-x86_64-mingw32/nios2-elf/lib/mhw-mulx\libc.a(lib_a-sbrkr.o)
 .bss           0x0000000000025ed0        0x0 c:/develop/altera/14.0/nios2eds/bin/gnu/h-x86_64-mingw32/bin/../lib/gcc/nios2-elf/4.7.3/../../../../../H-x86_64-mingw32/nios2-elf/lib/mhw-mulx\libc.a(lib_a-strcpy.o)
 .bss           0x0000000000025ed0        0x0 c:/develop/altera/14.0/nios2eds/bin/gnu/h-x86_64-mingw32/bin/../lib/gcc/nios2-elf/4.7.3/../../../../../H-x86_64-mingw32/nios2-elf/lib/mhw-mulx\libc.a(lib_a-strlen.o)
 .bss           0x0000000000025ed0        0x0 c:/develop/altera/14.0/nios2eds/bin/gnu/h-x86_64-mingw32/bin/../lib/gcc/nios2-elf/4.7.3/../../../../../H-x86_64-mingw32/nios2-elf/lib/mhw-mulx\libc.a(lib_a-vfprintf.o)
 .bss           0x0000000000025ed0        0x0 c:/develop/altera/14.0/nios2eds/bin/gnu/h-x86_64-mingw32/bin/../lib/gcc/nios2-elf/4.7.3/../../../../../H-x86_64-mingw32/nios2-elf/lib/mhw-mulx\libc.a(lib_a-wsetup.o)
 .bss           0x0000000000025ed0        0x0 c:/develop/altera/14.0/nios2eds/bin/gnu/h-x86_64-mingw32/bin/../lib/gcc/nios2-elf/4.7.3/../../../../../H-x86_64-mingw32/nios2-elf/lib/mhw-mulx\libc.a(lib_a-dtoa.o)
 .bss           0x0000000000025ed0        0x0 c:/develop/altera/14.0/nios2eds/bin/gnu/h-x86_64-mingw32/bin/../lib/gcc/nios2-elf/4.7.3/../../../../../H-x86_64-mingw32/nios2-elf/lib/mhw-mulx\libc.a(lib_a-fflush.o)
 .bss           0x0000000000025ed0        0x0 c:/develop/altera/14.0/nios2eds/bin/gnu/h-x86_64-mingw32/bin/../lib/gcc/nios2-elf/4.7.3/../../../../../H-x86_64-mingw32/nios2-elf/lib/mhw-mulx\libc.a(lib_a-findfp.o)
 .bss           0x0000000000025ed0        0x0 c:/develop/altera/14.0/nios2eds/bin/gnu/h-x86_64-mingw32/bin/../lib/gcc/nios2-elf/4.7.3/../../../../../H-x86_64-mingw32/nios2-elf/lib/mhw-mulx\libc.a(lib_a-freer.o)
 .bss           0x0000000000025ed0        0x0 c:/develop/altera/14.0/nios2eds/bin/gnu/h-x86_64-mingw32/bin/../lib/gcc/nios2-elf/4.7.3/../../../../../H-x86_64-mingw32/nios2-elf/lib/mhw-mulx\libc.a(lib_a-fvwrite.o)
 .bss           0x0000000000025ed0        0x0 c:/develop/altera/14.0/nios2eds/bin/gnu/h-x86_64-mingw32/bin/../lib/gcc/nios2-elf/4.7.3/../../../../../H-x86_64-mingw32/nios2-elf/lib/mhw-mulx\libc.a(lib_a-fwalk.o)
 .bss           0x0000000000025ed0        0x0 c:/develop/altera/14.0/nios2eds/bin/gnu/h-x86_64-mingw32/bin/../lib/gcc/nios2-elf/4.7.3/../../../../../H-x86_64-mingw32/nios2-elf/lib/mhw-mulx\libc.a(lib_a-impure.o)
 .bss           0x0000000000025ed0        0x0 c:/develop/altera/14.0/nios2eds/bin/gnu/h-x86_64-mingw32/bin/../lib/gcc/nios2-elf/4.7.3/../../../../../H-x86_64-mingw32/nios2-elf/lib/mhw-mulx\libc.a(lib_a-int_errno.o)
 .bss           0x0000000000025ed0        0x0 c:/develop/altera/14.0/nios2eds/bin/gnu/h-x86_64-mingw32/bin/../lib/gcc/nios2-elf/4.7.3/../../../../../H-x86_64-mingw32/nios2-elf/lib/mhw-mulx\libc.a(lib_a-locale.o)
 .bss           0x0000000000025ed0        0x0 c:/develop/altera/14.0/nios2eds/bin/gnu/h-x86_64-mingw32/bin/../lib/gcc/nios2-elf/4.7.3/../../../../../H-x86_64-mingw32/nios2-elf/lib/mhw-mulx\libc.a(lib_a-makebuf.o)
 .bss           0x0000000000025ed0        0x0 c:/develop/altera/14.0/nios2eds/bin/gnu/h-x86_64-mingw32/bin/../lib/gcc/nios2-elf/4.7.3/../../../../../H-x86_64-mingw32/nios2-elf/lib/mhw-mulx\libc.a(lib_a-memchr.o)
 .bss           0x0000000000025ed0        0x0 c:/develop/altera/14.0/nios2eds/bin/gnu/h-x86_64-mingw32/bin/../lib/gcc/nios2-elf/4.7.3/../../../../../H-x86_64-mingw32/nios2-elf/lib/mhw-mulx\libc.a(lib_a-memmove.o)
 .bss           0x0000000000025ed0        0x0 c:/develop/altera/14.0/nios2eds/bin/gnu/h-x86_64-mingw32/bin/../lib/gcc/nios2-elf/4.7.3/../../../../../H-x86_64-mingw32/nios2-elf/lib/mhw-mulx\libc.a(lib_a-mprec.o)
 .bss           0x0000000000025ed0        0x0 c:/develop/altera/14.0/nios2eds/bin/gnu/h-x86_64-mingw32/bin/../lib/gcc/nios2-elf/4.7.3/../../../../../H-x86_64-mingw32/nios2-elf/lib/mhw-mulx\libc.a(lib_a-reallocr.o)
 .bss           0x0000000000025ed0        0x0 c:/develop/altera/14.0/nios2eds/bin/gnu/h-x86_64-mingw32/bin/../lib/gcc/nios2-elf/4.7.3/../../../../../H-x86_64-mingw32/nios2-elf/lib/mhw-mulx\libc.a(lib_a-s_isinfd.o)
 .bss           0x0000000000025ed0        0x0 c:/develop/altera/14.0/nios2eds/bin/gnu/h-x86_64-mingw32/bin/../lib/gcc/nios2-elf/4.7.3/../../../../../H-x86_64-mingw32/nios2-elf/lib/mhw-mulx\libc.a(lib_a-s_isnand.o)
 .bss           0x0000000000025ed0        0x0 c:/develop/altera/14.0/nios2eds/bin/gnu/h-x86_64-mingw32/bin/../lib/gcc/nios2-elf/4.7.3/../../../../../H-x86_64-mingw32/nios2-elf/lib/mhw-mulx\libc.a(lib_a-stdio.o)
 .bss           0x0000000000025ed0        0x0 c:/develop/altera/14.0/nios2eds/bin/gnu/h-x86_64-mingw32/bin/../lib/gcc/nios2-elf/4.7.3/../../../../../H-x86_64-mingw32/nios2-elf/lib/mhw-mulx\libc.a(lib_a-strcmp.o)
 .bss           0x0000000000025ed0        0x0 c:/develop/altera/14.0/nios2eds/bin/gnu/h-x86_64-mingw32/bin/../lib/gcc/nios2-elf/4.7.3/../../../../../H-x86_64-mingw32/nios2-elf/lib/mhw-mulx\libc.a(lib_a-writer.o)
 .bss           0x0000000000025ed0        0x0 c:/develop/altera/14.0/nios2eds/bin/gnu/h-x86_64-mingw32/bin/../lib/gcc/nios2-elf/4.7.3/../../../../../H-x86_64-mingw32/nios2-elf/lib/mhw-mulx\libc.a(lib_a-callocr.o)
 .bss           0x0000000000025ed0        0x0 c:/develop/altera/14.0/nios2eds/bin/gnu/h-x86_64-mingw32/bin/../lib/gcc/nios2-elf/4.7.3/../../../../../H-x86_64-mingw32/nios2-elf/lib/mhw-mulx\libc.a(lib_a-closer.o)
 .bss           0x0000000000025ed0        0x0 c:/develop/altera/14.0/nios2eds/bin/gnu/h-x86_64-mingw32/bin/../lib/gcc/nios2-elf/4.7.3/../../../../../H-x86_64-mingw32/nios2-elf/lib/mhw-mulx\libc.a(lib_a-fclose.o)
 .bss           0x0000000000025ed0        0x0 c:/develop/altera/14.0/nios2eds/bin/gnu/h-x86_64-mingw32/bin/../lib/gcc/nios2-elf/4.7.3/../../../../../H-x86_64-mingw32/nios2-elf/lib/mhw-mulx\libc.a(lib_a-fstatr.o)
 .bss           0x0000000000025ed0        0x0 c:/develop/altera/14.0/nios2eds/bin/gnu/h-x86_64-mingw32/bin/../lib/gcc/nios2-elf/4.7.3/../../../../../H-x86_64-mingw32/nios2-elf/lib/mhw-mulx\libc.a(lib_a-isattyr.o)
 .bss           0x0000000000025ed0        0x0 c:/develop/altera/14.0/nios2eds/bin/gnu/h-x86_64-mingw32/bin/../lib/gcc/nios2-elf/4.7.3/../../../../../H-x86_64-mingw32/nios2-elf/lib/mhw-mulx\libc.a(lib_a-lseekr.o)
 .bss           0x0000000000025ed0        0x0 c:/develop/altera/14.0/nios2eds/bin/gnu/h-x86_64-mingw32/bin/../lib/gcc/nios2-elf/4.7.3/../../../../../H-x86_64-mingw32/nios2-elf/lib/mhw-mulx\libc.a(lib_a-readr.o)
 .bss           0x0000000000025ed0        0x0 c:/develop/altera/14.0/nios2eds/bin/gnu/h-x86_64-mingw32/bin/../lib/gcc/nios2-elf/4.7.3/mhw-mulx\libgcc.a(_udivdi3.o)
 .bss           0x0000000000025ed0        0x0 c:/develop/altera/14.0/nios2eds/bin/gnu/h-x86_64-mingw32/bin/../lib/gcc/nios2-elf/4.7.3/mhw-mulx\libgcc.a(_umoddi3.o)
 .bss           0x0000000000025ed0        0x0 c:/develop/altera/14.0/nios2eds/bin/gnu/h-x86_64-mingw32/bin/../lib/gcc/nios2-elf/4.7.3/mhw-mulx\libgcc.a(_addsub_df.o)
 .bss           0x0000000000025ed0        0x0 c:/develop/altera/14.0/nios2eds/bin/gnu/h-x86_64-mingw32/bin/../lib/gcc/nios2-elf/4.7.3/mhw-mulx\libgcc.a(_mul_df.o)
 .bss           0x0000000000025ed0        0x0 c:/develop/altera/14.0/nios2eds/bin/gnu/h-x86_64-mingw32/bin/../lib/gcc/nios2-elf/4.7.3/mhw-mulx\libgcc.a(_div_df.o)
 .bss           0x0000000000025ed0        0x0 c:/develop/altera/14.0/nios2eds/bin/gnu/h-x86_64-mingw32/bin/../lib/gcc/nios2-elf/4.7.3/mhw-mulx\libgcc.a(_eq_df.o)
 .bss           0x0000000000025ed0        0x0 c:/develop/altera/14.0/nios2eds/bin/gnu/h-x86_64-mingw32/bin/../lib/gcc/nios2-elf/4.7.3/mhw-mulx\libgcc.a(_ne_df.o)
 .bss           0x0000000000025ed0        0x0 c:/develop/altera/14.0/nios2eds/bin/gnu/h-x86_64-mingw32/bin/../lib/gcc/nios2-elf/4.7.3/mhw-mulx\libgcc.a(_gt_df.o)
 .bss           0x0000000000025ed0        0x0 c:/develop/altera/14.0/nios2eds/bin/gnu/h-x86_64-mingw32/bin/../lib/gcc/nios2-elf/4.7.3/mhw-mulx\libgcc.a(_ge_df.o)
 .bss           0x0000000000025ed0        0x0 c:/develop/altera/14.0/nios2eds/bin/gnu/h-x86_64-mingw32/bin/../lib/gcc/nios2-elf/4.7.3/mhw-mulx\libgcc.a(_lt_df.o)
 .bss           0x0000000000025ed0        0x0 c:/develop/altera/14.0/nios2eds/bin/gnu/h-x86_64-mingw32/bin/../lib/gcc/nios2-elf/4.7.3/mhw-mulx\libgcc.a(_si_to_df.o)
 .bss           0x0000000000025ed0        0x0 c:/develop/altera/14.0/nios2eds/bin/gnu/h-x86_64-mingw32/bin/../lib/gcc/nios2-elf/4.7.3/mhw-mulx\libgcc.a(_df_to_si.o)
 .bss           0x0000000000025ed0        0x0 c:/develop/altera/14.0/nios2eds/bin/gnu/h-x86_64-mingw32/bin/../lib/gcc/nios2-elf/4.7.3/mhw-mulx\libgcc.a(_thenan_df.o)
 .bss           0x0000000000025ed0        0x0 c:/develop/altera/14.0/nios2eds/bin/gnu/h-x86_64-mingw32/bin/../lib/gcc/nios2-elf/4.7.3/mhw-mulx\libgcc.a(_usi_to_df.o)
 .bss           0x0000000000025ed0        0x0 c:/develop/altera/14.0/nios2eds/bin/gnu/h-x86_64-mingw32/bin/../lib/gcc/nios2-elf/4.7.3/mhw-mulx\libgcc.a(_clz.o)
 .bss           0x0000000000025ed0        0x0 c:/develop/altera/14.0/nios2eds/bin/gnu/h-x86_64-mingw32/bin/../lib/gcc/nios2-elf/4.7.3/mhw-mulx\libgcc.a(_clzsi2.o)
 .bss           0x0000000000025ed0        0x0 c:/develop/altera/14.0/nios2eds/bin/gnu/h-x86_64-mingw32/bin/../lib/gcc/nios2-elf/4.7.3/mhw-mulx\libgcc.a(_pack_df.o)
 .bss           0x0000000000025ed0        0x0 c:/develop/altera/14.0/nios2eds/bin/gnu/h-x86_64-mingw32/bin/../lib/gcc/nios2-elf/4.7.3/mhw-mulx\libgcc.a(_unpack_df.o)
 .bss           0x0000000000025ed0        0x0 c:/develop/altera/14.0/nios2eds/bin/gnu/h-x86_64-mingw32/bin/../lib/gcc/nios2-elf/4.7.3/mhw-mulx\libgcc.a(_fpcmp_parts_df.o)
 .bss           0x0000000000025ed0        0x0 c:/develop/altera/14.0/nios2eds/bin/gnu/h-x86_64-mingw32/bin/../lib/gcc/nios2-elf/4.7.3/mhw-mulx\libgcc.a(_lshrdi3.o)
 .bss           0x0000000000025ed0        0x0 c:/develop/altera/14.0/nios2eds/bin/gnu/h-x86_64-mingw32/bin/../lib/gcc/nios2-elf/4.7.3/mhw-mulx\libgcc.a(_ashldi3.o)
 .bss           0x0000000000025ed0        0x0 ../sodalite_ckplay_bsp/\libhal_bsp.a(alt_close.o)
 .bss           0x0000000000025ed0        0x0 ../sodalite_ckplay_bsp/\libhal_bsp.a(alt_dcache_flush.o)
 .bss           0x0000000000025ed0        0x0 ../sodalite_ckplay_bsp/\libhal_bsp.a(alt_dev.o)
 .bss           0x0000000000025ed0        0x0 ../sodalite_ckplay_bsp/\libhal_bsp.a(alt_errno.o)
 .bss           0x0000000000025ed0        0x0 ../sodalite_ckplay_bsp/\libhal_bsp.a(alt_fs_reg.o)
 .bss           0x0000000000025ed0        0x0 ../sodalite_ckplay_bsp/\libhal_bsp.a(alt_fstat.o)
 .bss           0x0000000000025ed0        0x0 ../sodalite_ckplay_bsp/\libhal_bsp.a(alt_isatty.o)
 .bss           0x0000000000025ed0        0x0 ../sodalite_ckplay_bsp/\libhal_bsp.a(alt_load.o)
 .bss           0x0000000000025ed0        0x0 ../sodalite_ckplay_bsp/\libhal_bsp.a(alt_lseek.o)
 .bss           0x0000000000025ed0        0x0 ../sodalite_ckplay_bsp/\libhal_bsp.a(alt_main.o)
 .bss           0x0000000000025ed0        0x0 ../sodalite_ckplay_bsp/\libhal_bsp.a(alt_malloc_lock.o)
 .bss           0x0000000000025ed0        0x0 ../sodalite_ckplay_bsp/\libhal_bsp.a(alt_read.o)
 .bss           0x0000000000025ed0        0x0 ../sodalite_ckplay_bsp/\libhal_bsp.a(alt_release_fd.o)
 .bss           0x0000000000025ed0        0x0 ../sodalite_ckplay_bsp/\libhal_bsp.a(alt_sbrk.o)
 .bss           0x0000000000025ed0        0x0 ../sodalite_ckplay_bsp/\libhal_bsp.a(alt_uncached_free.o)
 .bss           0x0000000000025ed0        0x0 ../sodalite_ckplay_bsp/\libhal_bsp.a(alt_uncached_malloc.o)
 .bss           0x0000000000025ed0        0x0 ../sodalite_ckplay_bsp/\libhal_bsp.a(alt_write.o)
 .bss           0x0000000000025ed0        0x0 ../sodalite_ckplay_bsp/\libhal_bsp.a(alt_sys_init.o)
 .bss           0x0000000000025ed0        0x0 ../sodalite_ckplay_bsp/\libhal_bsp.a(altera_avalon_jtag_uart_fd.o)
 .bss           0x0000000000025ed0        0x0 ../sodalite_ckplay_bsp/\libhal_bsp.a(altera_avalon_jtag_uart_init.o)
 .bss           0x0000000000025ed0        0x0 ../sodalite_ckplay_bsp/\libhal_bsp.a(altera_avalon_jtag_uart_ioctl.o)
 .bss           0x0000000000025ed0        0x0 ../sodalite_ckplay_bsp/\libhal_bsp.a(altera_avalon_jtag_uart_read.o)
 .bss           0x0000000000025ed0        0x0 ../sodalite_ckplay_bsp/\libhal_bsp.a(altera_avalon_jtag_uart_write.o)
 .bss           0x0000000000025ed0        0x0 ../sodalite_ckplay_bsp/\libhal_bsp.a(altera_avalon_timer_sc.o)
 .bss           0x0000000000025ed0        0x0 ../sodalite_ckplay_bsp/\libhal_bsp.a(altera_modular_adc.o)
 .bss           0x0000000000025ed0        0x0 ../sodalite_ckplay_bsp/\libhal_bsp.a(altera_onchip_flash.o)
 .bss           0x0000000000025ed0        0x0 ../sodalite_ckplay_bsp/\libhal_bsp.a(alt_alarm_start.o)
 .bss           0x0000000000025ed0        0x0 ../sodalite_ckplay_bsp/\libhal_bsp.a(alt_dcache_flush_all.o)
 .bss           0x0000000000025ed0        0x0 ../sodalite_ckplay_bsp/\libhal_bsp.a(alt_dev_llist_insert.o)
 .bss           0x0000000000025ed0        0x0 ../sodalite_ckplay_bsp/\libhal_bsp.a(alt_do_ctors.o)
 .bss           0x0000000000025ed0        0x0 ../sodalite_ckplay_bsp/\libhal_bsp.a(alt_do_dtors.o)
 .bss           0x0000000000025ed0        0x0 ../sodalite_ckplay_bsp/\libhal_bsp.a(alt_find_dev.o)
 .bss           0x0000000000025ed0        0x0 ../sodalite_ckplay_bsp/\libhal_bsp.a(alt_flash_dev.o)
 .bss           0x0000000000025ed0        0x0 ../sodalite_ckplay_bsp/\libhal_bsp.a(alt_icache_flush_all.o)
 .bss           0x0000000000025ed0        0x0 ../sodalite_ckplay_bsp/\libhal_bsp.a(alt_iic.o)
 .bss           0x0000000000025ed0        0x0 ../sodalite_ckplay_bsp/\libhal_bsp.a(alt_iic_isr_register.o)
 .bss           0x0000000000025ed0        0x0 ../sodalite_ckplay_bsp/\libhal_bsp.a(alt_io_redirect.o)
 .bss           0x0000000000025ed0        0x0 ../sodalite_ckplay_bsp/\libhal_bsp.a(alt_irq_entry.o)
 .bss           0x0000000000025ed0        0x0 ../sodalite_ckplay_bsp/\libhal_bsp.a(alt_irq_handler.o)
 .bss           0x0000000000025ed0        0x0 ../sodalite_ckplay_bsp/\libhal_bsp.a(alt_irq_vars.o)
 .bss           0x0000000000025ed0        0x0 ../sodalite_ckplay_bsp/\libhal_bsp.a(alt_open.o)
 .bss           0x0000000000025ed0        0x0 ../sodalite_ckplay_bsp/\libhal_bsp.a(alt_tick.o)
 .bss           0x0000000000025ed0        0x0 ../sodalite_ckplay_bsp/\libhal_bsp.a(altera_nios2_gen2_irq.o)
 .bss           0x0000000000025ed0        0x0 ../sodalite_ckplay_bsp/\libhal_bsp.a(alt_exception_entry.o)
 .bss           0x0000000000025ed0        0x0 ../sodalite_ckplay_bsp/\libhal_bsp.a(alt_find_file.o)
 .bss           0x0000000000025ed0        0x0 ../sodalite_ckplay_bsp/\libhal_bsp.a(alt_get_fd.o)
 .bss           0x0000000000025ed0        0x0 ../sodalite_ckplay_bsp/\libhal_bsp.a(alt_icache_flush.o)
 .bss           0x0000000000025ed0        0x0 ../sodalite_ckplay_bsp/\libhal_bsp.a(alt_instruction_exception_entry.o)
 .bss           0x0000000000025ed0        0x0 c:/develop/altera/14.0/nios2eds/bin/gnu/h-x86_64-mingw32/bin/../lib/gcc/nios2-elf/4.7.3/../../../../../H-x86_64-mingw32/nios2-elf/lib/mhw-mulx\libc.a(lib_a-atexit.o)
 .bss           0x0000000000025ed0        0x0 c:/develop/altera/14.0/nios2eds/bin/gnu/h-x86_64-mingw32/bin/../lib/gcc/nios2-elf/4.7.3/../../../../../H-x86_64-mingw32/nios2-elf/lib/mhw-mulx\libc.a(lib_a-exit.o)
 .bss           0x0000000000025ed0        0x0 c:/develop/altera/14.0/nios2eds/bin/gnu/h-x86_64-mingw32/bin/../lib/gcc/nios2-elf/4.7.3/../../../../../H-x86_64-mingw32/nios2-elf/lib/mhw-mulx\libc.a(lib_a-malign.o)
 .bss           0x0000000000025ed0        0x0 c:/develop/altera/14.0/nios2eds/bin/gnu/h-x86_64-mingw32/bin/../lib/gcc/nios2-elf/4.7.3/../../../../../H-x86_64-mingw32/nios2-elf/lib/mhw-mulx\libc.a(lib_a-malignr.o)
 .bss           0x0000000000025ed0        0x0 c:/develop/altera/14.0/nios2eds/bin/gnu/h-x86_64-mingw32/bin/../lib/gcc/nios2-elf/4.7.3/../../../../../H-x86_64-mingw32/nios2-elf/lib/mhw-mulx\libc.a(lib_a-memcmp.o)
 .bss           0x0000000000025ed0        0x0 c:/develop/altera/14.0/nios2eds/bin/gnu/h-x86_64-mingw32/bin/../lib/gcc/nios2-elf/4.7.3/../../../../../H-x86_64-mingw32/nios2-elf/lib/mhw-mulx\libc.a(lib_a-__atexit.o)
 .bss           0x0000000000025ed0        0x0 c:/develop/altera/14.0/nios2eds/bin/gnu/h-x86_64-mingw32/bin/../lib/gcc/nios2-elf/4.7.3/../../../../../H-x86_64-mingw32/nios2-elf/lib/mhw-mulx\libc.a(lib_a-__call_atexit.o)
 .bss           0x0000000000025ed0        0x0 ../sodalite_ckplay_bsp/\libhal_bsp.a(alt_exit.o)
 *(COMMON)
 COMMON         0x0000000000025ed0      0x100 ../sodalite_ckplay_bsp/\libhal_bsp.a(alt_irq_handler.o)
                0x0000000000025ed0                alt_irq
 COMMON         0x0000000000025fd0      0x190 c:/develop/altera/14.0/nios2eds/bin/gnu/h-x86_64-mingw32/bin/../lib/gcc/nios2-elf/4.7.3/../../../../../H-x86_64-mingw32/nios2-elf/lib/mhw-mulx\libc.a(lib_a-atexit.o)
                0x0000000000025fd0                _atexit0
                0x0000000000026160                . = ALIGN (0x4)
                0x0000000000026160                __bss_end = ABSOLUTE (.)

.sdram          0x0000000000026160        0x0
                0x0000000000026160                PROVIDE (_alt_partition_sdram_start, ABSOLUTE (.))
 *(.sdram .sdram. sdram.*)
                0x0000000000026160                . = ALIGN (0x4)
                0x0000000000026160                PROVIDE (_alt_partition_sdram_end, ABSOLUTE (.))
                0x0000000000026160                _end = ABSOLUTE (.)
                0x0000000000026160                end = ABSOLUTE (.)
                0x0000000000026160                __alt_stack_base = ABSOLUTE (.)
                0x0000000000026160                PROVIDE (_alt_partition_sdram_load_addr, LOADADDR (.sdram))

.ipl_memory     0x000000000f000020        0x0 load address 0x0000000000026160
                0x000000000f000020                PROVIDE (_alt_partition_ipl_memory_start, ABSOLUTE (.))
 *(.ipl_memory .ipl_memory. ipl_memory.*)
                0x000000000f000020                . = ALIGN (0x4)